<html>
<body>
<pre>
<h1>µVision Build Log</h1>
<h2>Tool Versions:</h2>
IDE-Version: µVision V5.26.2.0
Copyright (C) 2018 ARM Ltd and ARM Germany GmbH. All rights reserved.
License Information: Emiel Demeestere Vives Flex license: MDK-ARM Professional (mdk_pro) Borrow: 10 Jun 2019
 
Tool Versions:
Toolchain:       MDK-ARM Professional  Version: 5.26.2.0
Toolchain Path:  C:\Keil_v5\ARM\ARMCC\Bin
C Compiler:      Armcc.exe V5.06 update 6 (build 750)
Assembler:       Armasm.exe V5.06 update 6 (build 750)
Linker/Locator:  ArmLink.exe V5.06 update 6 (build 750)
Library Manager: ArmAr.exe V5.06 update 6 (build 750)
Hex Converter:   FromElf.exe V5.06 update 6 (build 750)
CPU DLL:         SARMCM3.DLL V5.26.2.0
Dialog DLL:      DCM.DLL V1.17.2.0
Target DLL:      STLink\ST-LINKIII-KEIL_SWO.dll V3.0.5.0
Dialog DLL:      TCM.DLL V1.36.1.0
 
<h2>Project:</h2>
C:\Users\emiel\School\Mircocontrollers\Labopdracht 3 - BLE en NFC\Labopdracht 3.3\MDK-ARM\STM32F401RE-Nucleo\Labopdracht_3.uvprojx
Project File Date:  05/01/2019

<h2>Output:</h2>
*** Using Compiler 'V5.06 update 6 (build 750)', folder: 'C:\Keil_v5\ARM\ARMCC\Bin'
Rebuild target 'Labopdracht_3'
compiling hci_tl_interface.c...
compiling demo.c...
compiling app_x-cube-ble1.c...
compiling nucleo_f401re_bus.c...
compiling logger.c...
compiling main.c...
compiling sample_service.c...
compiling stm32f4_nucleo_f401re.c...
compiling spi.c...
compiling stm32f4xx_hal_msp.c...
assembling startup_stm32f401xe.s...
compiling usart.c...
compiling stm32f4xx_it.c...
compiling system_stm32f4xx.c...
compiling stm32f4xx_hal.c...
compiling stm32f4xx_hal_cortex.c...
compiling stm32f4xx_hal_dma.c...
compiling stm32f4xx_hal_exti.c...
compiling stm32f4xx_hal_flash.c...
compiling stm32f4xx_hal_flash_ex.c...
compiling stm32f4xx_hal_flash_ramfunc.c...
compiling stm32f4xx_hal_gpio.c...
compiling stm32f4xx_hal_i2c.c...
compiling stm32f4xx_hal_i2c_ex.c...
compiling stm32f4xx_hal_pwr_ex.c...
compiling stm32f4xx_hal_pwr.c...
compiling stm32f4xx_hal_rcc_ex.c...
compiling stm32f4xx_hal_spi.c...
compiling stm32f4xx_hal_rcc.c...
compiling stm32f4xx_hal_tim.c...
compiling stm32f4xx_hal_tim_ex.c...
compiling stm32f4xx_hal_usart.c...
compiling stm32f4xx_hal_uart.c...
compiling st25r3911_com.c...
compiling st25r3911.c...
compiling st25r3911_interrupt.c...
compiling timer.c...
compiling rfal_crc.c...
compiling rfal_analogConfig.c...
compiling rfal_isoDep.c...
compiling rfal_nfca.c...
compiling rfal_iso15693_2.c...
compiling rfal_nfcb.c...
compiling rfal_nfcf.c...
compiling rfal_nfcDep.c...
compiling rfal_nfcv.c...
compiling rfal_st25tb.c...
compiling rfal_rfst25r3911.c...
compiling rfal_t1t.c...
compiling ble_list.c...
compiling bluenrg_gap_aci.c...
compiling bluenrg_hal_aci.c...
compiling bluenrg_gatt_aci.c...
compiling bluenrg_l2cap_aci.c...
compiling hci_tl.c...
compiling bluenrg_utils_small.c...
compiling bluenrg_updater_aci.c...
compiling hci_le.c...
linking...
Program Size: Code=42104 RO-data=880 RW-data=260 ZI-data=7796  
".\STM32F4xx-Nucleo-Labopdracht_3\Labopdracht_3.axf" - 0 Error(s), 0 Warning(s).

<h2>Software Packages used:</h2>

Package Vendor: ARM
                http://www.keil.com/pack/ARM.CMSIS.5.4.0.pack
                ARM.CMSIS.5.4.0
                CMSIS (Cortex Microcontroller Software Interface Standard)
   * Component: CORE Version: 5.1.2

Package Vendor: Keil
                http://www.keil.com/pack/Keil.STM32F4xx_DFP.2.13.0.pack
                Keil.STM32F4xx_DFP.2.13.0
                STMicroelectronics STM32F4 Series Device Support, Drivers and Examples

<h2>Collection of Component include folders:</h2>
  .\RTE\_Labopdracht_3
  C:\Keil_v5\ARM\PACK\ARM\CMSIS\5.4.0\CMSIS\Core\Include
  C:\Keil_v5\ARM\PACK\Keil\STM32F4xx_DFP\2.13.0\Drivers\CMSIS\Device\ST\STM32F4xx\Include

<h2>Collection of Component Files used:</h2>

   * Component: ARM::CMSIS:CORE:5.1.2
Build Time Elapsed:  00:00:47
</pre>
</body>
</html>
