Component: ARM Compiler 5.06 update 6 (build 750) Tool: armlink [4d35ed]

==============================================================================

Section Cross References

    system_stm32f4xx.o(i.SystemCoreClockUpdate) refers to system_stm32f4xx.o(.data) for .data
    system_stm32f4xx.o(i.SystemCoreClockUpdate) refers to system_stm32f4xx.o(.constdata) for .constdata
    startup_stm32f401xe.o(RESET) refers to startup_stm32f401xe.o(STACK) for __initial_sp
    startup_stm32f401xe.o(RESET) refers to startup_stm32f401xe.o(.text) for Reset_Handler
    startup_stm32f401xe.o(RESET) refers to stm32f4xx_it.o(i.SysTick_Handler) for SysTick_Handler
    startup_stm32f401xe.o(RESET) refers to stm32f4xx_it.o(i.EXTI0_IRQHandler) for EXTI0_IRQHandler
    startup_stm32f401xe.o(.text) refers to system_stm32f4xx.o(i.SystemInit) for SystemInit
    startup_stm32f401xe.o(.text) refers to entry.o(.ARM.Collect$$$$00000000) for __main
    st25r3911.o(i.st25r3911AdjustRegulators) refers to st25r3911_com.o(i.st25r3911ReadRegister) for st25r3911ReadRegister
    st25r3911.o(i.st25r3911AdjustRegulators) refers to st25r3911.o(i.st25r3911ExecuteCommandAndGetResult) for st25r3911ExecuteCommandAndGetResult
    st25r3911.o(i.st25r3911CalibrateAntenna) refers to st25r3911.o(i.st25r3911ExecuteCommandAndGetResult) for st25r3911ExecuteCommandAndGetResult
    st25r3911.o(i.st25r3911CalibrateCapacitiveSensor) refers to st25r3911.o(i.st25r3911ExecuteCommandAndGetResult) for st25r3911ExecuteCommandAndGetResult
    st25r3911.o(i.st25r3911CalibrateModulationDepth) refers to st25r3911.o(i.st25r3911ExecuteCommandAndGetResult) for st25r3911ExecuteCommandAndGetResult
    st25r3911.o(i.st25r3911CheckChipID) refers to st25r3911_com.o(i.st25r3911ReadRegister) for st25r3911ReadRegister
    st25r3911.o(i.st25r3911CheckReg) refers to st25r3911_com.o(i.st25r3911ReadRegister) for st25r3911ReadRegister
    st25r3911.o(i.st25r3911Deinitialize) refers to st25r3911_interrupt.o(i.st25r3911DisableInterrupts) for st25r3911DisableInterrupts
    st25r3911.o(i.st25r3911Deinitialize) refers to st25r3911.o(i.st25r3911TxRxOff) for st25r3911TxRxOff
    st25r3911.o(i.st25r3911ExecuteCommandAndGetResult) refers to st25r3911_interrupt.o(i.st25r3911EnableInterrupts) for st25r3911EnableInterrupts
    st25r3911.o(i.st25r3911ExecuteCommandAndGetResult) refers to st25r3911_interrupt.o(i.st25r3911GetInterrupt) for st25r3911GetInterrupt
    st25r3911.o(i.st25r3911ExecuteCommandAndGetResult) refers to st25r3911_com.o(i.st25r3911ExecuteCommand) for st25r3911ExecuteCommand
    st25r3911.o(i.st25r3911ExecuteCommandAndGetResult) refers to st25r3911_interrupt.o(i.st25r3911WaitForInterruptsTimed) for st25r3911WaitForInterruptsTimed
    st25r3911.o(i.st25r3911ExecuteCommandAndGetResult) refers to st25r3911_interrupt.o(i.st25r3911DisableInterrupts) for st25r3911DisableInterrupts
    st25r3911.o(i.st25r3911ExecuteCommandAndGetResult) refers to st25r3911_com.o(i.st25r3911ReadRegister) for st25r3911ReadRegister
    st25r3911.o(i.st25r3911GetNoResponseTime_64fcs) refers to st25r3911.o(.data) for .data
    st25r3911.o(i.st25r3911GetNumFIFOLastBits) refers to st25r3911_com.o(i.st25r3911ReadRegister) for st25r3911ReadRegister
    st25r3911.o(i.st25r3911GetRegsDump) refers to st25r3911_com.o(i.st25r3911ReadRegister) for st25r3911ReadRegister
    st25r3911.o(i.st25r3911GetRegsDump) refers to memmovea.o(.text) for __aeabi_memcpy
    st25r3911.o(i.st25r3911Initialize) refers to st25r3911_com.o(i.st25r3911ExecuteCommand) for st25r3911ExecuteCommand
    st25r3911.o(i.st25r3911Initialize) refers to st25r3911_com.o(i.st25r3911ModifyRegister) for st25r3911ModifyRegister
    st25r3911.o(i.st25r3911Initialize) refers to st25r3911_interrupt.o(i.st25r3911DisableInterrupts) for st25r3911DisableInterrupts
    st25r3911.o(i.st25r3911Initialize) refers to st25r3911_interrupt.o(i.st25r3911ClearInterrupts) for st25r3911ClearInterrupts
    st25r3911.o(i.st25r3911Initialize) refers to st25r3911_com.o(i.st25r3911WriteRegister) for st25r3911WriteRegister
    st25r3911.o(i.st25r3911Initialize) refers to st25r3911.o(i.st25r3911OscOn) for st25r3911OscOn
    st25r3911.o(i.st25r3911Initialize) refers to st25r3911.o(i.st25r3911MeasureVoltage) for st25r3911MeasureVoltage
    st25r3911.o(i.st25r3911Initialize) refers to st25r3911.o(i.st25r3911TxRxOff) for st25r3911TxRxOff
    st25r3911.o(i.st25r3911IrqIsWakeUpAmplitude) refers to st25r3911_interrupt.o(i.st25r3911GetInterrupt) for st25r3911GetInterrupt
    st25r3911.o(i.st25r3911IrqIsWakeUpCap) refers to st25r3911_interrupt.o(i.st25r3911GetInterrupt) for st25r3911GetInterrupt
    st25r3911.o(i.st25r3911IrqIsWakeUpPhase) refers to st25r3911_interrupt.o(i.st25r3911GetInterrupt) for st25r3911GetInterrupt
    st25r3911.o(i.st25r3911MeasureAntennaResonance) refers to st25r3911.o(i.st25r3911ExecuteCommandAndGetResult) for st25r3911ExecuteCommandAndGetResult
[...]
    stm32f4xx_hal_flash_ex.o(i.HAL_FLASHEx_Erase_IT) refers to stm32f4xx_hal_flash_ex.o(i.FLASH_Erase_Sector) for FLASH_Erase_Sector
    stm32f4xx_hal_flash_ex.o(i.HAL_FLASHEx_Erase_IT) refers to stm32f4xx_hal_flash_ex.o(i.FLASH_MassErase) for FLASH_MassErase
    stm32f4xx_hal_flash_ex.o(i.HAL_FLASHEx_Erase_IT) refers to stm32f4xx_hal_flash.o(.bss) for pFlash
    stm32f4xx_hal_flash_ex.o(i.HAL_FLASHEx_OBProgram) refers to main.o(i.assert_failed) for assert_failed
    stm32f4xx_hal_flash_ex.o(i.HAL_FLASHEx_OBProgram) refers to stm32f4xx_hal_flash_ex.o(i.FLASH_OB_DisableWRP) for FLASH_OB_DisableWRP
    stm32f4xx_hal_flash_ex.o(i.HAL_FLASHEx_OBProgram) refers to stm32f4xx_hal_flash.o(i.FLASH_WaitForLastOperation) for FLASH_WaitForLastOperation
    stm32f4xx_hal_flash_ex.o(i.HAL_FLASHEx_OBProgram) refers to stm32f4xx_hal_flash_ex.o(i.FLASH_OB_EnableWRP) for FLASH_OB_EnableWRP
    stm32f4xx_hal_flash_ex.o(i.HAL_FLASHEx_OBProgram) refers to stm32f4xx_hal_flash_ex.o(i.FLASH_OB_UserConfig) for FLASH_OB_UserConfig
    stm32f4xx_hal_flash_ex.o(i.HAL_FLASHEx_OBProgram) refers to stm32f4xx_hal_flash.o(.bss) for pFlash
    stm32f4xx_hal_pwr.o(i.HAL_PWR_ConfigPVD) refers to main.o(i.assert_failed) for assert_failed
    stm32f4xx_hal_pwr.o(i.HAL_PWR_DisableWakeUpPin) refers to main.o(i.assert_failed) for assert_failed
    stm32f4xx_hal_pwr.o(i.HAL_PWR_EnableWakeUpPin) refers to main.o(i.assert_failed) for assert_failed
    stm32f4xx_hal_pwr.o(i.HAL_PWR_EnterSLEEPMode) refers to main.o(i.assert_failed) for assert_failed
    stm32f4xx_hal_pwr.o(i.HAL_PWR_EnterSTOPMode) refers to main.o(i.assert_failed) for assert_failed
    stm32f4xx_hal_pwr.o(i.HAL_PWR_PVD_IRQHandler) refers to stm32f4xx_hal_pwr.o(i.HAL_PWR_PVDCallback) for HAL_PWR_PVDCallback
    stm32f4xx_hal_uart.o(i.HAL_HalfDuplex_Init) refers to main.o(i.assert_failed) for assert_failed
    stm32f4xx_hal_uart.o(i.HAL_HalfDuplex_Init) refers to stm32f4xx_hal_msp.o(i.HAL_UART_MspInit) for HAL_UART_MspInit
    stm32f4xx_hal_uart.o(i.HAL_HalfDuplex_Init) refers to stm32f4xx_hal_uart.o(i.UART_SetConfig) for UART_SetConfig
    stm32f4xx_hal_uart.o(i.HAL_LIN_Init) refers to main.o(i.assert_failed) for assert_failed
    stm32f4xx_hal_uart.o(i.HAL_LIN_Init) refers to stm32f4xx_hal_msp.o(i.HAL_UART_MspInit) for HAL_UART_MspInit
    stm32f4xx_hal_uart.o(i.HAL_LIN_Init) refers to stm32f4xx_hal_uart.o(i.UART_SetConfig) for UART_SetConfig
    stm32f4xx_hal_uart.o(i.HAL_LIN_SendBreak) refers to main.o(i.assert_failed) for assert_failed
    stm32f4xx_hal_uart.o(i.HAL_MultiProcessor_EnterMuteMode) refers to main.o(i.assert_failed) for assert_failed
    stm32f4xx_hal_uart.o(i.HAL_MultiProcessor_ExitMuteMode) refers to main.o(i.assert_failed) for assert_failed
    stm32f4xx_hal_uart.o(i.HAL_MultiProcessor_Init) refers to main.o(i.assert_failed) for assert_failed
    stm32f4xx_hal_uart.o(i.HAL_MultiProcessor_Init) refers to stm32f4xx_hal_msp.o(i.HAL_UART_MspInit) for HAL_UART_MspInit
    stm32f4xx_hal_uart.o(i.HAL_MultiProcessor_Init) refers to stm32f4xx_hal_uart.o(i.UART_SetConfig) for UART_SetConfig
    stm32f4xx_hal_uart.o(i.HAL_UART_Abort) refers to stm32f4xx_hal_dma.o(i.HAL_DMA_Abort) for HAL_DMA_Abort
    stm32f4xx_hal_uart.o(i.HAL_UART_Abort) refers to stm32f4xx_hal_dma.o(i.HAL_DMA_GetError) for HAL_DMA_GetError
    stm32f4xx_hal_uart.o(i.HAL_UART_AbortReceive) refers to stm32f4xx_hal_dma.o(i.HAL_DMA_Abort) for HAL_DMA_Abort
    stm32f4xx_hal_uart.o(i.HAL_UART_AbortReceive) refers to stm32f4xx_hal_dma.o(i.HAL_DMA_GetError) for HAL_DMA_GetError
    stm32f4xx_hal_uart.o(i.HAL_UART_AbortReceive_IT) refers to stm32f4xx_hal_dma.o(i.HAL_DMA_Abort_IT) for HAL_DMA_Abort_IT
    stm32f4xx_hal_uart.o(i.HAL_UART_AbortReceive_IT) refers to stm32f4xx_hal_uart.o(i.HAL_UART_AbortReceiveCpltCallback) for HAL_UART_AbortReceiveCpltCallback
    stm32f4xx_hal_uart.o(i.HAL_UART_AbortReceive_IT) refers to stm32f4xx_hal_uart.o(i.UART_DMARxOnlyAbortCallback) for UART_DMARxOnlyAbortCallback
    stm32f4xx_hal_uart.o(i.HAL_UART_AbortTransmit) refers to stm32f4xx_hal_dma.o(i.HAL_DMA_Abort) for HAL_DMA_Abort
    stm32f4xx_hal_uart.o(i.HAL_UART_AbortTransmit) refers to stm32f4xx_hal_dma.o(i.HAL_DMA_GetError) for HAL_DMA_GetError
    stm32f4xx_hal_uart.o(i.HAL_UART_AbortTransmit_IT) refers to stm32f4xx_hal_dma.o(i.HAL_DMA_Abort_IT) for HAL_DMA_Abort_IT
    stm32f4xx_hal_uart.o(i.HAL_UART_AbortTransmit_IT) refers to stm32f4xx_hal_uart.o(i.HAL_UART_AbortTransmitCpltCallback) for HAL_UART_AbortTransmitCpltCallback
    stm32f4xx_hal_uart.o(i.HAL_UART_AbortTransmit_IT) refers to stm32f4xx_hal_uart.o(i.UART_DMATxOnlyAbortCallback) for UART_DMATxOnlyAbortCallback
    stm32f4xx_hal_uart.o(i.HAL_UART_Abort_IT) refers to stm32f4xx_hal_dma.o(i.HAL_DMA_Abort_IT) for HAL_DMA_Abort_IT
    stm32f4xx_hal_uart.o(i.HAL_UART_Abort_IT) refers to stm32f4xx_hal_uart.o(i.HAL_UART_AbortCpltCallback) for HAL_UART_AbortCpltCallback
    stm32f4xx_hal_uart.o(i.HAL_UART_Abort_IT) refers to stm32f4xx_hal_uart.o(i.UART_DMATxAbortCallback) for UART_DMATxAbortCallback
    stm32f4xx_hal_uart.o(i.HAL_UART_Abort_IT) refers to stm32f4xx_hal_uart.o(i.UART_DMARxAbortCallback) for UART_DMARxAbortCallback
    stm32f4xx_hal_uart.o(i.HAL_UART_DMAStop) refers to stm32f4xx_hal_dma.o(i.HAL_DMA_Abort) for HAL_DMA_Abort
    stm32f4xx_hal_uart.o(i.HAL_UART_DMAStop) refers to stm32f4xx_hal_uart.o(i.UART_EndTxTransfer) for UART_EndTxTransfer
    stm32f4xx_hal_uart.o(i.HAL_UART_DMAStop) refers to stm32f4xx_hal_uart.o(i.UART_EndRxTransfer) for UART_EndRxTransfer
    stm32f4xx_hal_uart.o(i.HAL_UART_DeInit) refers to main.o(i.assert_failed) for assert_failed
    stm32f4xx_hal_uart.o(i.HAL_UART_DeInit) refers to stm32f4xx_hal_msp.o(i.HAL_UART_MspDeInit) for HAL_UART_MspDeInit
    stm32f4xx_hal_uart.o(i.HAL_UART_IRQHandler) refers to stm32f4xx_hal_uart.o(i.UART_Receive_IT) for UART_Receive_IT
    stm32f4xx_hal_uart.o(i.HAL_UART_IRQHandler) refers to stm32f4xx_hal_uart.o(i.UART_EndRxTransfer) for UART_EndRxTransfer
    stm32f4xx_hal_uart.o(i.HAL_UART_IRQHandler) refers to stm32f4xx_hal_dma.o(i.HAL_DMA_Abort_IT) for HAL_DMA_Abort_IT
    stm32f4xx_hal_uart.o(i.HAL_UART_IRQHandler) refers to stm32f4xx_hal_uart.o(i.HAL_UART_ErrorCallback) for HAL_UART_ErrorCallback
    stm32f4xx_hal_uart.o(i.HAL_UART_IRQHandler) refers to stm32f4xx_hal_uart.o(i.UART_Transmit_IT) for UART_Transmit_IT
    stm32f4xx_hal_uart.o(i.HAL_UART_IRQHandler) refers to stm32f4xx_hal_uart.o(i.HAL_UART_TxCpltCallback) for HAL_UART_TxCpltCallback
    stm32f4xx_hal_uart.o(i.HAL_UART_IRQHandler) refers to stm32f4xx_hal_uart.o(i.UART_DMAAbortOnError) for UART_DMAAbortOnError
    stm32f4xx_hal_uart.o(i.HAL_UART_Init) refers to main.o(i.assert_failed) for assert_failed
    stm32f4xx_hal_uart.o(i.HAL_UART_Init) refers to stm32f4xx_hal_msp.o(i.HAL_UART_MspInit) for HAL_UART_MspInit
    stm32f4xx_hal_uart.o(i.HAL_UART_Init) refers to stm32f4xx_hal_uart.o(i.UART_SetConfig) for UART_SetConfig
    stm32f4xx_hal_uart.o(i.HAL_UART_Receive) refers to stm32f4xx_hal.o(i.HAL_GetTick) for HAL_GetTick
    stm32f4xx_hal_uart.o(i.HAL_UART_Receive) refers to stm32f4xx_hal_uart.o(i.UART_WaitOnFlagUntilTimeout) for UART_WaitOnFlagUntilTimeout
    stm32f4xx_hal_uart.o(i.HAL_UART_Receive_DMA) refers to stm32f4xx_hal_dma.o(i.HAL_DMA_Start_IT) for HAL_DMA_Start_IT
    stm32f4xx_hal_uart.o(i.HAL_UART_Receive_DMA) refers to stm32f4xx_hal_uart.o(i.UART_DMAReceiveCplt) for UART_DMAReceiveCplt
    stm32f4xx_hal_uart.o(i.HAL_UART_Receive_DMA) refers to stm32f4xx_hal_uart.o(i.UART_DMARxHalfCplt) for UART_DMARxHalfCplt
    stm32f4xx_hal_uart.o(i.HAL_UART_Receive_DMA) refers to stm32f4xx_hal_uart.o(i.UART_DMAError) for UART_DMAError
    stm32f4xx_hal_uart.o(i.HAL_UART_Transmit) refers to stm32f4xx_hal.o(i.HAL_GetTick) for HAL_GetTick
    stm32f4xx_hal_uart.o(i.HAL_UART_Transmit) refers to stm32f4xx_hal_uart.o(i.UART_WaitOnFlagUntilTimeout) for UART_WaitOnFlagUntilTimeout
    stm32f4xx_hal_uart.o(i.HAL_UART_Transmit_DMA) refers to stm32f4xx_hal_dma.o(i.HAL_DMA_Start_IT) for HAL_DMA_Start_IT
    stm32f4xx_hal_uart.o(i.HAL_UART_Transmit_DMA) refers to stm32f4xx_hal_uart.o(i.UART_DMATransmitCplt) for UART_DMATransmitCplt
    stm32f4xx_hal_uart.o(i.HAL_UART_Transmit_DMA) refers to stm32f4xx_hal_uart.o(i.UART_DMATxHalfCplt) for UART_DMATxHalfCplt
    stm32f4xx_hal_uart.o(i.HAL_UART_Transmit_DMA) refers to stm32f4xx_hal_uart.o(i.UART_DMAError) for UART_DMAError
    stm32f4xx_hal_uart.o(i.UART_DMAAbortOnError) refers to stm32f4xx_hal_uart.o(i.HAL_UART_ErrorCallback) for HAL_UART_ErrorCallback
    stm32f4xx_hal_uart.o(i.UART_DMAError) refers to stm32f4xx_hal_uart.o(i.UART_EndTxTransfer) for UART_EndTxTransfer
    stm32f4xx_hal_uart.o(i.UART_DMAError) refers to stm32f4xx_hal_uart.o(i.UART_EndRxTransfer) for UART_EndRxTransfer
    stm32f4xx_hal_uart.o(i.UART_DMAError) refers to stm32f4xx_hal_uart.o(i.HAL_UART_ErrorCallback) for HAL_UART_ErrorCallback
    stm32f4xx_hal_uart.o(i.UART_DMAReceiveCplt) refers to stm32f4xx_hal_uart.o(i.HAL_UART_RxCpltCallback) for HAL_UART_RxCpltCallback
    stm32f4xx_hal_uart.o(i.UART_DMARxAbortCallback) refers to stm32f4xx_hal_uart.o(i.HAL_UART_AbortCpltCallback) for HAL_UART_AbortCpltCallback
    stm32f4xx_hal_uart.o(i.UART_DMARxHalfCplt) refers to stm32f4xx_hal_uart.o(i.HAL_UART_RxHalfCpltCallback) for HAL_UART_RxHalfCpltCallback
    stm32f4xx_hal_uart.o(i.UART_DMARxOnlyAbortCallback) refers to stm32f4xx_hal_uart.o(i.HAL_UART_AbortReceiveCpltCallback) for HAL_UART_AbortReceiveCpltCallback
    stm32f4xx_hal_uart.o(i.UART_DMATransmitCplt) refers to stm32f4xx_hal_uart.o(i.HAL_UART_TxCpltCallback) for HAL_UART_TxCpltCallback
    stm32f4xx_hal_uart.o(i.UART_DMATxAbortCallback) refers to stm32f4xx_hal_uart.o(i.HAL_UART_AbortCpltCallback) for HAL_UART_AbortCpltCallback
    stm32f4xx_hal_uart.o(i.UART_DMATxHalfCplt) refers to stm32f4xx_hal_uart.o(i.HAL_UART_TxHalfCpltCallback) for HAL_UART_TxHalfCpltCallback
    stm32f4xx_hal_uart.o(i.UART_DMATxOnlyAbortCallback) refers to stm32f4xx_hal_uart.o(i.HAL_UART_AbortTransmitCpltCallback) for HAL_UART_AbortTransmitCpltCallback
    stm32f4xx_hal_uart.o(i.UART_Receive_IT) refers to stm32f4xx_hal_uart.o(i.HAL_UART_RxCpltCallback) for HAL_UART_RxCpltCallback
    stm32f4xx_hal_uart.o(i.UART_SetConfig) refers to main.o(i.assert_failed) for assert_failed
    stm32f4xx_hal_uart.o(i.UART_SetConfig) refers to stm32f4xx_hal_rcc.o(i.HAL_RCC_GetPCLK2Freq) for HAL_RCC_GetPCLK2Freq
    stm32f4xx_hal_uart.o(i.UART_SetConfig) refers to stm32f4xx_hal_rcc.o(i.HAL_RCC_GetPCLK1Freq) for HAL_RCC_GetPCLK1Freq
    stm32f4xx_hal_uart.o(i.UART_WaitOnFlagUntilTimeout) refers to stm32f4xx_hal.o(i.HAL_GetTick) for HAL_GetTick
    stm32f4xx_hal_pwr_ex.o(i.HAL_PWREx_ControlVoltageScaling) refers to main.o(i.assert_failed) for assert_failed
    stm32f4xx_hal_pwr_ex.o(i.HAL_PWREx_ControlVoltageScaling) refers to stm32f4xx_hal.o(i.HAL_GetTick) for HAL_GetTick
    stm32f4xx_hal_pwr_ex.o(i.HAL_PWREx_DisableBkUpReg) refers to stm32f4xx_hal.o(i.HAL_GetTick) for HAL_GetTick
    stm32f4xx_hal_pwr_ex.o(i.HAL_PWREx_EnableBkUpReg) refers to stm32f4xx_hal.o(i.HAL_GetTick) for HAL_GetTick
    bluenrg_gap_aci.o(i.aci_gap_allow_rebond_IDB04A1) refers to memseta.o(.text) for __aeabi_memclr4
    bluenrg_gap_aci.o(i.aci_gap_allow_rebond_IDB04A1) refers to hci_tl.o(i.hci_send_req) for hci_send_req
    bluenrg_gap_aci.o(i.aci_gap_allow_rebond_IDB05A1) refers to memseta.o(.text) for __aeabi_memclr4
    bluenrg_gap_aci.o(i.aci_gap_allow_rebond_IDB05A1) refers to hci_tl.o(i.hci_send_req) for hci_send_req
    bluenrg_gap_aci.o(i.aci_gap_authorization_response) refers to memseta.o(.text) for __aeabi_memclr4
    bluenrg_gap_aci.o(i.aci_gap_authorization_response) refers to hci_tl.o(i.hci_send_req) for hci_send_req
    bluenrg_gap_aci.o(i.aci_gap_clear_security_database) refers to memseta.o(.text) for __aeabi_memclr4
    bluenrg_gap_aci.o(i.aci_gap_clear_security_database) refers to hci_tl.o(i.hci_send_req) for hci_send_req
    bluenrg_gap_aci.o(i.aci_gap_configure_whitelist) refers to memseta.o(.text) for __aeabi_memclr4
    bluenrg_gap_aci.o(i.aci_gap_configure_whitelist) refers to hci_tl.o(i.hci_send_req) for hci_send_req
    bluenrg_gap_aci.o(i.aci_gap_create_connection) refers to memseta.o(.text) for __aeabi_memclr4
    bluenrg_gap_aci.o(i.aci_gap_create_connection) refers to hci_tl.o(i.hci_send_req) for hci_send_req
    bluenrg_gap_aci.o(i.aci_gap_delete_ad_type) refers to memseta.o(.text) for __aeabi_memclr4
    bluenrg_gap_aci.o(i.aci_gap_delete_ad_type) refers to hci_tl.o(i.hci_send_req) for hci_send_req
    bluenrg_gap_aci.o(i.aci_gap_get_bonded_devices) refers to memseta.o(.text) for __aeabi_memclr4
    bluenrg_gap_aci.o(i.aci_gap_get_bonded_devices) refers to hci_tl.o(i.hci_send_req) for hci_send_req
    bluenrg_gap_aci.o(i.aci_gap_get_bonded_devices) refers to memmovea.o(.text) for __aeabi_memcpy
    bluenrg_gap_aci.o(i.aci_gap_get_security_level) refers to memseta.o(.text) for __aeabi_memclr4
    bluenrg_gap_aci.o(i.aci_gap_get_security_level) refers to hci_tl.o(i.hci_send_req) for hci_send_req
    bluenrg_gap_aci.o(i.aci_gap_init_IDB04A1) refers to memseta.o(.text) for __aeabi_memclr4
    bluenrg_gap_aci.o(i.aci_gap_init_IDB04A1) refers to hci_tl.o(i.hci_send_req) for hci_send_req
    bluenrg_gap_aci.o(i.aci_gap_init_IDB05A1) refers to memseta.o(.text) for __aeabi_memclr4
    bluenrg_gap_aci.o(i.aci_gap_init_IDB05A1) refers to hci_tl.o(i.hci_send_req) for hci_send_req
    bluenrg_gap_aci.o(i.aci_gap_is_device_bonded) refers to memseta.o(.text) for __aeabi_memclr4
    bluenrg_gap_aci.o(i.aci_gap_is_device_bonded) refers to hci_tl.o(i.hci_send_req) for hci_send_req
    bluenrg_gap_aci.o(i.aci_gap_pass_key_response) refers to memseta.o(.text) for __aeabi_memclr4
    bluenrg_gap_aci.o(i.aci_gap_pass_key_response) refers to hci_tl.o(i.hci_send_req) for hci_send_req
    bluenrg_gap_aci.o(i.aci_gap_resolve_private_address_IDB04A1) refers to memseta.o(.text) for __aeabi_memclr4
    bluenrg_gap_aci.o(i.aci_gap_resolve_private_address_IDB04A1) refers to hci_tl.o(i.hci_send_req) for hci_send_req
    bluenrg_gap_aci.o(i.aci_gap_resolve_private_address_IDB05A1) refers to memseta.o(.text) for __aeabi_memclr4
    bluenrg_gap_aci.o(i.aci_gap_resolve_private_address_IDB05A1) refers to hci_tl.o(i.hci_send_req) for hci_send_req
    bluenrg_gap_aci.o(i.aci_gap_send_pairing_request) refers to memseta.o(.text) for __aeabi_memclr4
    bluenrg_gap_aci.o(i.aci_gap_send_pairing_request) refers to hci_tl.o(i.hci_send_req) for hci_send_req
    bluenrg_gap_aci.o(i.aci_gap_set_auth_requirement) refers to memmovea.o(.text) for __aeabi_memcpy
    bluenrg_gap_aci.o(i.aci_gap_set_auth_requirement) refers to memseta.o(.text) for __aeabi_memclr4
    bluenrg_gap_aci.o(i.aci_gap_set_auth_requirement) refers to hci_tl.o(i.hci_send_req) for hci_send_req
    bluenrg_gap_aci.o(i.aci_gap_set_author_requirement) refers to memseta.o(.text) for __aeabi_memclr4
    bluenrg_gap_aci.o(i.aci_gap_set_author_requirement) refers to hci_tl.o(i.hci_send_req) for hci_send_req
    bluenrg_gap_aci.o(i.aci_gap_set_broadcast_mode) refers to memmovea.o(.text) for __aeabi_memcpy
    bluenrg_gap_aci.o(i.aci_gap_set_broadcast_mode) refers to memseta.o(.text) for __aeabi_memclr4
    bluenrg_gap_aci.o(i.aci_gap_set_broadcast_mode) refers to hci_tl.o(i.hci_send_req) for hci_send_req
    bluenrg_gap_aci.o(i.aci_gap_set_direct_connectable_IDB04A1) refers to memseta.o(.text) for __aeabi_memclr4
    bluenrg_gap_aci.o(i.aci_gap_set_direct_connectable_IDB04A1) refers to hci_tl.o(i.hci_send_req) for hci_send_req
    bluenrg_gap_aci.o(i.aci_gap_set_direct_connectable_IDB05A1) refers to memseta.o(.text) for __aeabi_memclr4
    bluenrg_gap_aci.o(i.aci_gap_set_direct_connectable_IDB05A1) refers to hci_tl.o(i.hci_send_req) for hci_send_req
    bluenrg_gap_aci.o(i.aci_gap_set_discoverable) refers to memmovea.o(.text) for __aeabi_memcpy
    bluenrg_gap_aci.o(i.aci_gap_set_discoverable) refers to memseta.o(.text) for __aeabi_memclr4
    bluenrg_gap_aci.o(i.aci_gap_set_discoverable) refers to hci_tl.o(i.hci_send_req) for hci_send_req
    bluenrg_gap_aci.o(i.aci_gap_set_io_capability) refers to memseta.o(.text) for __aeabi_memclr4
    bluenrg_gap_aci.o(i.aci_gap_set_io_capability) refers to hci_tl.o(i.hci_send_req) for hci_send_req
    bluenrg_gap_aci.o(i.aci_gap_set_limited_discoverable) refers to memmovea.o(.text) for __aeabi_memcpy
    bluenrg_gap_aci.o(i.aci_gap_set_limited_discoverable) refers to memseta.o(.text) for __aeabi_memclr4
    bluenrg_gap_aci.o(i.aci_gap_set_limited_discoverable) refers to hci_tl.o(i.hci_send_req) for hci_send_req
    bluenrg_gap_aci.o(i.aci_gap_set_non_connectable_IDB04A1) refers to memseta.o(.text) for __aeabi_memclr4
    bluenrg_gap_aci.o(i.aci_gap_set_non_connectable_IDB04A1) refers to hci_tl.o(i.hci_send_req) for hci_send_req
    bluenrg_gap_aci.o(i.aci_gap_set_non_connectable_IDB05A1) refers to memseta.o(.text) for __aeabi_memclr4
    bluenrg_gap_aci.o(i.aci_gap_set_non_connectable_IDB05A1) refers to hci_tl.o(i.hci_send_req) for hci_send_req
    bluenrg_gap_aci.o(i.aci_gap_set_non_discoverable) refers to memseta.o(.text) for __aeabi_memclr4
    bluenrg_gap_aci.o(i.aci_gap_set_non_discoverable) refers to hci_tl.o(i.hci_send_req) for hci_send_req
    bluenrg_gap_aci.o(i.aci_gap_set_undirected_connectable) refers to memseta.o(.text) for __aeabi_memclr4
    bluenrg_gap_aci.o(i.aci_gap_set_undirected_connectable) refers to hci_tl.o(i.hci_send_req) for hci_send_req
    bluenrg_gap_aci.o(i.aci_gap_slave_security_request) refers to memseta.o(.text) for __aeabi_memclr4
    bluenrg_gap_aci.o(i.aci_gap_slave_security_request) refers to hci_tl.o(i.hci_send_req) for hci_send_req
    bluenrg_gap_aci.o(i.aci_gap_start_auto_conn_establish_proc_IDB04A1) refers to memmovea.o(.text) for __aeabi_memcpy
    bluenrg_gap_aci.o(i.aci_gap_start_auto_conn_establish_proc_IDB04A1) refers to memseta.o(.text) for __aeabi_memclr4
    bluenrg_gap_aci.o(i.aci_gap_start_auto_conn_establish_proc_IDB04A1) refers to hci_tl.o(i.hci_send_req) for hci_send_req
    bluenrg_gap_aci.o(i.aci_gap_start_auto_conn_establish_proc_IDB05A1) refers to memmovea.o(.text) for __aeabi_memcpy
    bluenrg_gap_aci.o(i.aci_gap_start_auto_conn_establish_proc_IDB05A1) refers to memseta.o(.text) for __aeabi_memclr4
    bluenrg_gap_aci.o(i.aci_gap_start_auto_conn_establish_proc_IDB05A1) refers to hci_tl.o(i.hci_send_req) for hci_send_req
    bluenrg_gap_aci.o(i.aci_gap_start_connection_update) refers to memseta.o(.text) for __aeabi_memclr4
    bluenrg_gap_aci.o(i.aci_gap_start_connection_update) refers to hci_tl.o(i.hci_send_req) for hci_send_req
    bluenrg_gap_aci.o(i.aci_gap_start_general_conn_establish_proc_IDB04A1) refers to memseta.o(.text) for __aeabi_memclr4
    bluenrg_gap_aci.o(i.aci_gap_start_general_conn_establish_proc_IDB04A1) refers to hci_tl.o(i.hci_send_req) for hci_send_req
    bluenrg_gap_aci.o(i.aci_gap_start_general_conn_establish_proc_IDB05A1) refers to memseta.o(.text) for __aeabi_memclr4
    bluenrg_gap_aci.o(i.aci_gap_start_general_conn_establish_proc_IDB05A1) refers to hci_tl.o(i.hci_send_req) for hci_send_req
    bluenrg_gap_aci.o(i.aci_gap_start_general_discovery_proc) refers to memseta.o(.text) for __aeabi_memclr4
    bluenrg_gap_aci.o(i.aci_gap_start_general_discovery_proc) refers to hci_tl.o(i.hci_send_req) for hci_send_req
    bluenrg_gap_aci.o(i.aci_gap_start_limited_discovery_proc) refers to memseta.o(.text) for __aeabi_memclr4
    bluenrg_gap_aci.o(i.aci_gap_start_limited_discovery_proc) refers to hci_tl.o(i.hci_send_req) for hci_send_req
    bluenrg_gap_aci.o(i.aci_gap_start_name_discovery_proc) refers to memseta.o(.text) for __aeabi_memclr4
    bluenrg_gap_aci.o(i.aci_gap_start_name_discovery_proc) refers to hci_tl.o(i.hci_send_req) for hci_send_req
    bluenrg_gap_aci.o(i.aci_gap_start_observation_procedure) refers to memseta.o(.text) for __aeabi_memclr4
    bluenrg_gap_aci.o(i.aci_gap_start_observation_procedure) refers to hci_tl.o(i.hci_send_req) for hci_send_req
    bluenrg_gap_aci.o(i.aci_gap_start_selective_conn_establish_proc) refers to memmovea.o(.text) for __aeabi_memcpy
    bluenrg_gap_aci.o(i.aci_gap_start_selective_conn_establish_proc) refers to memseta.o(.text) for __aeabi_memclr4
    bluenrg_gap_aci.o(i.aci_gap_start_selective_conn_establish_proc) refers to hci_tl.o(i.hci_send_req) for hci_send_req
    bluenrg_gap_aci.o(i.aci_gap_terminate) refers to memseta.o(.text) for __aeabi_memclr4
    bluenrg_gap_aci.o(i.aci_gap_terminate) refers to hci_tl.o(i.hci_send_req) for hci_send_req
    bluenrg_gap_aci.o(i.aci_gap_terminate_gap_procedure) refers to memseta.o(.text) for __aeabi_memclr4
    bluenrg_gap_aci.o(i.aci_gap_terminate_gap_procedure) refers to hci_tl.o(i.hci_send_req) for hci_send_req
    bluenrg_gap_aci.o(i.aci_gap_update_adv_data) refers to memmovea.o(.text) for __aeabi_memcpy
    bluenrg_gap_aci.o(i.aci_gap_update_adv_data) refers to memseta.o(.text) for __aeabi_memclr4
    bluenrg_gap_aci.o(i.aci_gap_update_adv_data) refers to hci_tl.o(i.hci_send_req) for hci_send_req
    bluenrg_gatt_aci.o(i.aci_att_execute_write_req) refers to memseta.o(.text) for __aeabi_memclr4
    bluenrg_gatt_aci.o(i.aci_att_execute_write_req) refers to hci_tl.o(i.hci_send_req) for hci_send_req
    bluenrg_gatt_aci.o(i.aci_att_find_by_type_value_req) refers to memmovea.o(.text) for __aeabi_memcpy
    bluenrg_gatt_aci.o(i.aci_att_find_by_type_value_req) refers to memseta.o(.text) for __aeabi_memclr4
    bluenrg_gatt_aci.o(i.aci_att_find_by_type_value_req) refers to hci_tl.o(i.hci_send_req) for hci_send_req
    bluenrg_gatt_aci.o(i.aci_att_find_information_req) refers to memseta.o(.text) for __aeabi_memclr4
    bluenrg_gatt_aci.o(i.aci_att_find_information_req) refers to hci_tl.o(i.hci_send_req) for hci_send_req
    bluenrg_gatt_aci.o(i.aci_att_prepare_write_req) refers to memmovea.o(.text) for __aeabi_memcpy
    bluenrg_gatt_aci.o(i.aci_att_prepare_write_req) refers to memseta.o(.text) for __aeabi_memclr4
    bluenrg_gatt_aci.o(i.aci_att_prepare_write_req) refers to hci_tl.o(i.hci_send_req) for hci_send_req
    bluenrg_gatt_aci.o(i.aci_att_read_by_group_type_req) refers to memmovea.o(.text) for __aeabi_memcpy
    bluenrg_gatt_aci.o(i.aci_att_read_by_group_type_req) refers to memseta.o(.text) for __aeabi_memclr4
    bluenrg_gatt_aci.o(i.aci_att_read_by_group_type_req) refers to hci_tl.o(i.hci_send_req) for hci_send_req
    bluenrg_gatt_aci.o(i.aci_att_read_by_type_req) refers to memmovea.o(.text) for __aeabi_memcpy
    bluenrg_gatt_aci.o(i.aci_att_read_by_type_req) refers to memseta.o(.text) for __aeabi_memclr4
    bluenrg_gatt_aci.o(i.aci_att_read_by_type_req) refers to hci_tl.o(i.hci_send_req) for hci_send_req
    bluenrg_gatt_aci.o(i.aci_gatt_add_char) refers to memmovea.o(.text) for __aeabi_memcpy
    bluenrg_gatt_aci.o(i.aci_gatt_add_char) refers to memseta.o(.text) for __aeabi_memclr4
    bluenrg_gatt_aci.o(i.aci_gatt_add_char) refers to hci_tl.o(i.hci_send_req) for hci_send_req
    bluenrg_gatt_aci.o(i.aci_gatt_add_char_desc) refers to memmovea.o(.text) for __aeabi_memcpy
    bluenrg_gatt_aci.o(i.aci_gatt_add_char_desc) refers to memseta.o(.text) for __aeabi_memclr4
    bluenrg_gatt_aci.o(i.aci_gatt_add_char_desc) refers to hci_tl.o(i.hci_send_req) for hci_send_req
    bluenrg_gatt_aci.o(i.aci_gatt_add_serv) refers to memmovea.o(.text) for __aeabi_memcpy
    bluenrg_gatt_aci.o(i.aci_gatt_add_serv) refers to memseta.o(.text) for __aeabi_memclr4
    bluenrg_gatt_aci.o(i.aci_gatt_add_serv) refers to hci_tl.o(i.hci_send_req) for hci_send_req
    bluenrg_gatt_aci.o(i.aci_gatt_allow_read) refers to memseta.o(.text) for __aeabi_memclr4
    bluenrg_gatt_aci.o(i.aci_gatt_allow_read) refers to hci_tl.o(i.hci_send_req) for hci_send_req
    bluenrg_gatt_aci.o(i.aci_gatt_confirm_indication) refers to memseta.o(.text) for __aeabi_memclr4
    bluenrg_gatt_aci.o(i.aci_gatt_confirm_indication) refers to hci_tl.o(i.hci_send_req) for hci_send_req
    bluenrg_gatt_aci.o(i.aci_gatt_del_char) refers to memseta.o(.text) for __aeabi_memclr4
    bluenrg_gatt_aci.o(i.aci_gatt_del_char) refers to hci_tl.o(i.hci_send_req) for hci_send_req
    bluenrg_gatt_aci.o(i.aci_gatt_del_include_service) refers to memseta.o(.text) for __aeabi_memclr4
    bluenrg_gatt_aci.o(i.aci_gatt_del_include_service) refers to hci_tl.o(i.hci_send_req) for hci_send_req
    bluenrg_gatt_aci.o(i.aci_gatt_del_service) refers to memseta.o(.text) for __aeabi_memclr4
    bluenrg_gatt_aci.o(i.aci_gatt_del_service) refers to hci_tl.o(i.hci_send_req) for hci_send_req
    bluenrg_gatt_aci.o(i.aci_gatt_disc_all_charac_descriptors) refers to memseta.o(.text) for __aeabi_memclr4
    bluenrg_gatt_aci.o(i.aci_gatt_disc_all_charac_descriptors) refers to hci_tl.o(i.hci_send_req) for hci_send_req
    bluenrg_gatt_aci.o(i.aci_gatt_disc_all_charac_of_serv) refers to memseta.o(.text) for __aeabi_memclr4
    bluenrg_gatt_aci.o(i.aci_gatt_disc_all_charac_of_serv) refers to hci_tl.o(i.hci_send_req) for hci_send_req
    bluenrg_gatt_aci.o(i.aci_gatt_disc_all_prim_services) refers to memseta.o(.text) for __aeabi_memclr4
    bluenrg_gatt_aci.o(i.aci_gatt_disc_all_prim_services) refers to hci_tl.o(i.hci_send_req) for hci_send_req
    bluenrg_gatt_aci.o(i.aci_gatt_disc_charac_by_uuid) refers to memmovea.o(.text) for __aeabi_memcpy
    bluenrg_gatt_aci.o(i.aci_gatt_disc_charac_by_uuid) refers to memseta.o(.text) for __aeabi_memclr4
    bluenrg_gatt_aci.o(i.aci_gatt_disc_charac_by_uuid) refers to hci_tl.o(i.hci_send_req) for hci_send_req
    bluenrg_gatt_aci.o(i.aci_gatt_disc_prim_service_by_uuid) refers to memmovea.o(.text) for __aeabi_memcpy
    bluenrg_gatt_aci.o(i.aci_gatt_disc_prim_service_by_uuid) refers to memseta.o(.text) for __aeabi_memclr4
    bluenrg_gatt_aci.o(i.aci_gatt_disc_prim_service_by_uuid) refers to hci_tl.o(i.hci_send_req) for hci_send_req
    bluenrg_gatt_aci.o(i.aci_gatt_exchange_configuration) refers to memseta.o(.text) for __aeabi_memclr4
    bluenrg_gatt_aci.o(i.aci_gatt_exchange_configuration) refers to hci_tl.o(i.hci_send_req) for hci_send_req
    bluenrg_gatt_aci.o(i.aci_gatt_find_included_services) refers to memseta.o(.text) for __aeabi_memclr4
    bluenrg_gatt_aci.o(i.aci_gatt_find_included_services) refers to hci_tl.o(i.hci_send_req) for hci_send_req
    bluenrg_gatt_aci.o(i.aci_gatt_include_service) refers to memmovea.o(.text) for __aeabi_memcpy
    bluenrg_gatt_aci.o(i.aci_gatt_include_service) refers to memseta.o(.text) for __aeabi_memclr4
    bluenrg_gatt_aci.o(i.aci_gatt_include_service) refers to hci_tl.o(i.hci_send_req) for hci_send_req
    bluenrg_gatt_aci.o(i.aci_gatt_init) refers to memseta.o(.text) for __aeabi_memclr4
    bluenrg_gatt_aci.o(i.aci_gatt_init) refers to hci_tl.o(i.hci_send_req) for hci_send_req
    bluenrg_gatt_aci.o(i.aci_gatt_read_charac_desc) refers to memseta.o(.text) for __aeabi_memclr4
    bluenrg_gatt_aci.o(i.aci_gatt_read_charac_desc) refers to hci_tl.o(i.hci_send_req) for hci_send_req
    bluenrg_gatt_aci.o(i.aci_gatt_read_charac_val) refers to memseta.o(.text) for __aeabi_memclr4
    bluenrg_gatt_aci.o(i.aci_gatt_read_charac_val) refers to hci_tl.o(i.hci_send_req) for hci_send_req
    bluenrg_gatt_aci.o(i.aci_gatt_read_handle_value) refers to memseta.o(.text) for __aeabi_memclr4
    bluenrg_gatt_aci.o(i.aci_gatt_read_handle_value) refers to hci_tl.o(i.hci_send_req) for hci_send_req
    bluenrg_gatt_aci.o(i.aci_gatt_read_handle_value) refers to memmovea.o(.text) for __aeabi_memcpy
    bluenrg_gatt_aci.o(i.aci_gatt_read_handle_value_offset_IDB05A1) refers to memseta.o(.text) for __aeabi_memclr4
    bluenrg_gatt_aci.o(i.aci_gatt_read_handle_value_offset_IDB05A1) refers to hci_tl.o(i.hci_send_req) for hci_send_req
    bluenrg_gatt_aci.o(i.aci_gatt_read_handle_value_offset_IDB05A1) refers to memmovea.o(.text) for __aeabi_memcpy
    bluenrg_gatt_aci.o(i.aci_gatt_read_long_charac_desc) refers to memseta.o(.text) for __aeabi_memclr4
    bluenrg_gatt_aci.o(i.aci_gatt_read_long_charac_desc) refers to hci_tl.o(i.hci_send_req) for hci_send_req
    bluenrg_gatt_aci.o(i.aci_gatt_read_long_charac_val) refers to memseta.o(.text) for __aeabi_memclr4
    bluenrg_gatt_aci.o(i.aci_gatt_read_long_charac_val) refers to hci_tl.o(i.hci_send_req) for hci_send_req
    bluenrg_gatt_aci.o(i.aci_gatt_read_multiple_charac_val) refers to memmovea.o(.text) for __aeabi_memcpy
    bluenrg_gatt_aci.o(i.aci_gatt_read_multiple_charac_val) refers to memseta.o(.text) for __aeabi_memclr4
    bluenrg_gatt_aci.o(i.aci_gatt_read_multiple_charac_val) refers to hci_tl.o(i.hci_send_req) for hci_send_req
    bluenrg_gatt_aci.o(i.aci_gatt_read_using_charac_uuid) refers to memmovea.o(.text) for __aeabi_memcpy
    bluenrg_gatt_aci.o(i.aci_gatt_read_using_charac_uuid) refers to memseta.o(.text) for __aeabi_memclr4
    bluenrg_gatt_aci.o(i.aci_gatt_read_using_charac_uuid) refers to hci_tl.o(i.hci_send_req) for hci_send_req
    bluenrg_gatt_aci.o(i.aci_gatt_set_desc_value) refers to memmovea.o(.text) for __aeabi_memcpy
    bluenrg_gatt_aci.o(i.aci_gatt_set_desc_value) refers to memseta.o(.text) for __aeabi_memclr4
    bluenrg_gatt_aci.o(i.aci_gatt_set_desc_value) refers to hci_tl.o(i.hci_send_req) for hci_send_req
    bluenrg_gatt_aci.o(i.aci_gatt_set_event_mask) refers to memseta.o(.text) for __aeabi_memclr4
    bluenrg_gatt_aci.o(i.aci_gatt_set_event_mask) refers to hci_tl.o(i.hci_send_req) for hci_send_req
    bluenrg_gatt_aci.o(i.aci_gatt_set_security_permission) refers to memseta.o(.text) for __aeabi_memclr4
    bluenrg_gatt_aci.o(i.aci_gatt_set_security_permission) refers to hci_tl.o(i.hci_send_req) for hci_send_req
    bluenrg_gatt_aci.o(i.aci_gatt_signed_write_without_resp) refers to memmovea.o(.text) for __aeabi_memcpy
    bluenrg_gatt_aci.o(i.aci_gatt_signed_write_without_resp) refers to memseta.o(.text) for __aeabi_memclr4
    bluenrg_gatt_aci.o(i.aci_gatt_signed_write_without_resp) refers to hci_tl.o(i.hci_send_req) for hci_send_req
    bluenrg_gatt_aci.o(i.aci_gatt_update_char_value) refers to memmovea.o(.text) for __aeabi_memcpy
    bluenrg_gatt_aci.o(i.aci_gatt_update_char_value) refers to memseta.o(.text) for __aeabi_memclr4
    bluenrg_gatt_aci.o(i.aci_gatt_update_char_value) refers to hci_tl.o(i.hci_send_req) for hci_send_req
    bluenrg_gatt_aci.o(i.aci_gatt_update_char_value_ext_IDB05A1) refers to memmovea.o(.text) for __aeabi_memcpy
    bluenrg_gatt_aci.o(i.aci_gatt_update_char_value_ext_IDB05A1) refers to memseta.o(.text) for __aeabi_memclr4
    bluenrg_gatt_aci.o(i.aci_gatt_update_char_value_ext_IDB05A1) refers to hci_tl.o(i.hci_send_req) for hci_send_req
    bluenrg_gatt_aci.o(i.aci_gatt_write_charac_descriptor) refers to memmovea.o(.text) for __aeabi_memcpy
    bluenrg_gatt_aci.o(i.aci_gatt_write_charac_descriptor) refers to memseta.o(.text) for __aeabi_memclr4
    bluenrg_gatt_aci.o(i.aci_gatt_write_charac_descriptor) refers to hci_tl.o(i.hci_send_req) for hci_send_req
    bluenrg_gatt_aci.o(i.aci_gatt_write_charac_reliable) refers to memmovea.o(.text) for __aeabi_memcpy
    bluenrg_gatt_aci.o(i.aci_gatt_write_charac_reliable) refers to memseta.o(.text) for __aeabi_memclr4
    bluenrg_gatt_aci.o(i.aci_gatt_write_charac_reliable) refers to hci_tl.o(i.hci_send_req) for hci_send_req
    bluenrg_gatt_aci.o(i.aci_gatt_write_charac_value) refers to memmovea.o(.text) for __aeabi_memcpy
    bluenrg_gatt_aci.o(i.aci_gatt_write_charac_value) refers to memseta.o(.text) for __aeabi_memclr4
    bluenrg_gatt_aci.o(i.aci_gatt_write_charac_value) refers to hci_tl.o(i.hci_send_req) for hci_send_req
    bluenrg_gatt_aci.o(i.aci_gatt_write_long_charac_desc) refers to memmovea.o(.text) for __aeabi_memcpy
    bluenrg_gatt_aci.o(i.aci_gatt_write_long_charac_desc) refers to memseta.o(.text) for __aeabi_memclr4
    bluenrg_gatt_aci.o(i.aci_gatt_write_long_charac_desc) refers to hci_tl.o(i.hci_send_req) for hci_send_req
    bluenrg_gatt_aci.o(i.aci_gatt_write_long_charac_val) refers to memmovea.o(.text) for __aeabi_memcpy
    bluenrg_gatt_aci.o(i.aci_gatt_write_long_charac_val) refers to memseta.o(.text) for __aeabi_memclr4
    bluenrg_gatt_aci.o(i.aci_gatt_write_long_charac_val) refers to hci_tl.o(i.hci_send_req) for hci_send_req
    bluenrg_gatt_aci.o(i.aci_gatt_write_response) refers to memmovea.o(.text) for __aeabi_memcpy
    bluenrg_gatt_aci.o(i.aci_gatt_write_response) refers to memseta.o(.text) for __aeabi_memclr4
    bluenrg_gatt_aci.o(i.aci_gatt_write_response) refers to hci_tl.o(i.hci_send_req) for hci_send_req
    bluenrg_gatt_aci.o(i.aci_gatt_write_without_response) refers to memmovea.o(.text) for __aeabi_memcpy
    bluenrg_gatt_aci.o(i.aci_gatt_write_without_response) refers to memseta.o(.text) for __aeabi_memclr4
    bluenrg_gatt_aci.o(i.aci_gatt_write_without_response) refers to hci_tl.o(i.hci_send_req) for hci_send_req
    bluenrg_hal_aci.o(i.aci_hal_device_standby) refers to memseta.o(.text) for __aeabi_memclr4
    bluenrg_hal_aci.o(i.aci_hal_device_standby) refers to hci_tl.o(i.hci_send_req) for hci_send_req
    bluenrg_hal_aci.o(i.aci_hal_get_anchor_period) refers to memseta.o(.text) for __aeabi_memclr4
    bluenrg_hal_aci.o(i.aci_hal_get_anchor_period) refers to hci_tl.o(i.hci_send_req) for hci_send_req
    bluenrg_hal_aci.o(i.aci_hal_get_fw_build_number) refers to memseta.o(.text) for __aeabi_memclr4
    bluenrg_hal_aci.o(i.aci_hal_get_fw_build_number) refers to hci_tl.o(i.hci_send_req) for hci_send_req
    bluenrg_hal_aci.o(i.aci_hal_get_link_status) refers to memseta.o(.text) for __aeabi_memclr4
    bluenrg_hal_aci.o(i.aci_hal_get_link_status) refers to hci_tl.o(i.hci_send_req) for hci_send_req
    bluenrg_hal_aci.o(i.aci_hal_le_tx_test_packet_number) refers to memseta.o(.text) for __aeabi_memclr4
    bluenrg_hal_aci.o(i.aci_hal_le_tx_test_packet_number) refers to hci_tl.o(i.hci_send_req) for hci_send_req
    bluenrg_hal_aci.o(i.aci_hal_read_config_data) refers to memseta.o(.text) for __aeabi_memclr4
    bluenrg_hal_aci.o(i.aci_hal_read_config_data) refers to hci_tl.o(i.hci_send_req) for hci_send_req
    bluenrg_hal_aci.o(i.aci_hal_read_config_data) refers to memmovea.o(.text) for __aeabi_memcpy
    bluenrg_hal_aci.o(i.aci_hal_set_tx_power_level) refers to memseta.o(.text) for __aeabi_memclr4
    bluenrg_hal_aci.o(i.aci_hal_set_tx_power_level) refers to hci_tl.o(i.hci_send_req) for hci_send_req
    bluenrg_hal_aci.o(i.aci_hal_tone_start) refers to memseta.o(.text) for __aeabi_memclr4
    bluenrg_hal_aci.o(i.aci_hal_tone_start) refers to hci_tl.o(i.hci_send_req) for hci_send_req
    bluenrg_hal_aci.o(i.aci_hal_tone_stop) refers to memseta.o(.text) for __aeabi_memclr4
    bluenrg_hal_aci.o(i.aci_hal_tone_stop) refers to hci_tl.o(i.hci_send_req) for hci_send_req
    bluenrg_hal_aci.o(i.aci_hal_write_config_data) refers to memmovea.o(.text) for __aeabi_memcpy
    bluenrg_hal_aci.o(i.aci_hal_write_config_data) refers to memseta.o(.text) for __aeabi_memclr4
    bluenrg_hal_aci.o(i.aci_hal_write_config_data) refers to hci_tl.o(i.hci_send_req) for hci_send_req
    bluenrg_l2cap_aci.o(i.aci_l2cap_connection_parameter_update_request) refers to memseta.o(.text) for __aeabi_memclr4
    bluenrg_l2cap_aci.o(i.aci_l2cap_connection_parameter_update_request) refers to hci_tl.o(i.hci_send_req) for hci_send_req
    bluenrg_l2cap_aci.o(i.aci_l2cap_connection_parameter_update_response_IDB04A1) refers to memseta.o(.text) for __aeabi_memclr4
    bluenrg_l2cap_aci.o(i.aci_l2cap_connection_parameter_update_response_IDB04A1) refers to hci_tl.o(i.hci_send_req) for hci_send_req
    bluenrg_l2cap_aci.o(i.aci_l2cap_connection_parameter_update_response_IDB05A1) refers to memseta.o(.text) for __aeabi_memclr4
    bluenrg_l2cap_aci.o(i.aci_l2cap_connection_parameter_update_response_IDB05A1) refers to hci_tl.o(i.hci_send_req) for hci_send_req
    bluenrg_updater_aci.o(i.aci_erase_blue_flag) refers to memseta.o(.text) for __aeabi_memclr4
    bluenrg_updater_aci.o(i.aci_erase_blue_flag) refers to hci_tl.o(i.hci_send_req) for hci_send_req
    bluenrg_updater_aci.o(i.aci_get_updater_buffer_size) refers to memseta.o(.text) for __aeabi_memclr4
    bluenrg_updater_aci.o(i.aci_get_updater_buffer_size) refers to hci_tl.o(i.hci_send_req) for hci_send_req
    bluenrg_updater_aci.o(i.aci_get_updater_version) refers to memseta.o(.text) for __aeabi_memclr4
    bluenrg_updater_aci.o(i.aci_get_updater_version) refers to hci_tl.o(i.hci_send_req) for hci_send_req
    bluenrg_updater_aci.o(i.aci_reset_blue_flag) refers to memseta.o(.text) for __aeabi_memclr4
    bluenrg_updater_aci.o(i.aci_reset_blue_flag) refers to hci_tl.o(i.hci_send_req) for hci_send_req
    bluenrg_updater_aci.o(i.aci_updater_calc_crc) refers to memseta.o(.text) for __aeabi_memclr4
    bluenrg_updater_aci.o(i.aci_updater_calc_crc) refers to hci_tl.o(i.hci_send_req) for hci_send_req
    bluenrg_updater_aci.o(i.aci_updater_erase_sector) refers to memseta.o(.text) for __aeabi_memclr4
    bluenrg_updater_aci.o(i.aci_updater_erase_sector) refers to hci_tl.o(i.hci_send_req) for hci_send_req
    bluenrg_updater_aci.o(i.aci_updater_hw_version) refers to memseta.o(.text) for __aeabi_memclr4
    bluenrg_updater_aci.o(i.aci_updater_hw_version) refers to hci_tl.o(i.hci_send_req) for hci_send_req
    bluenrg_updater_aci.o(i.aci_updater_program_data_block) refers to memmovea.o(.text) for __aeabi_memcpy
    bluenrg_updater_aci.o(i.aci_updater_program_data_block) refers to memseta.o(.text) for __aeabi_memclr4
    bluenrg_updater_aci.o(i.aci_updater_program_data_block) refers to hci_tl.o(i.hci_send_req) for hci_send_req
    bluenrg_updater_aci.o(i.aci_updater_read_data_block) refers to memseta.o(.text) for __aeabi_memclr4
    bluenrg_updater_aci.o(i.aci_updater_read_data_block) refers to hci_tl.o(i.hci_send_req) for hci_send_req
    bluenrg_updater_aci.o(i.aci_updater_read_data_block) refers to memmovea.o(.text) for __aeabi_memcpy
    bluenrg_updater_aci.o(i.aci_updater_reboot) refers to memseta.o(.text) for __aeabi_memclr4
    bluenrg_updater_aci.o(i.aci_updater_reboot) refers to hci_tl.o(i.hci_send_req) for hci_send_req
    bluenrg_updater_aci.o(i.aci_updater_start) refers to memseta.o(.text) for __aeabi_memclr4
    bluenrg_updater_aci.o(i.aci_updater_start) refers to hci_tl.o(i.hci_send_req) for hci_send_req
    bluenrg_utils_small.o(i.getBlueNRGVersion) refers to hci_le.o(i.hci_le_read_local_version) for hci_le_read_local_version
    hci_tl.o(i.hci_init) refers to ble_list.o(i.list_init_head) for list_init_head
    hci_tl.o(i.hci_init) refers to ble_list.o(i.list_insert_tail) for list_insert_tail
    hci_tl.o(i.hci_init) refers to hci_tl.o(.bss) for .bss
    hci_tl.o(i.hci_init) refers to hci_tl.o(.data) for .data
    hci_tl.o(i.hci_notify_asynch_evt) refers to ble_list.o(i.list_is_empty) for list_is_empty
    hci_tl.o(i.hci_notify_asynch_evt) refers to ble_list.o(i.list_remove_head) for list_remove_head
    hci_tl.o(i.hci_notify_asynch_evt) refers to ble_list.o(i.list_insert_tail) for list_insert_tail
    hci_tl.o(i.hci_notify_asynch_evt) refers to ble_list.o(i.list_insert_head) for list_insert_head
    hci_tl.o(i.hci_notify_asynch_evt) refers to hci_tl.o(.data) for .data
    hci_tl.o(i.hci_notify_asynch_evt) refers to hci_tl.o(.bss) for .bss
    hci_tl.o(i.hci_register_io_bus) refers to hci_tl.o(.bss) for .bss
    hci_tl.o(i.hci_send_req) refers to ble_list.o(i.list_init_head) for list_init_head
    hci_tl.o(i.hci_send_req) refers to ble_list.o(i.list_remove_head) for list_remove_head
    hci_tl.o(i.hci_send_req) refers to ble_list.o(i.list_insert_tail) for list_insert_tail
    hci_tl.o(i.hci_send_req) refers to ble_list.o(i.list_get_size) for list_get_size
    hci_tl.o(i.hci_send_req) refers to memmovea.o(.text) for __aeabi_memcpy
    hci_tl.o(i.hci_send_req) refers to stm32f4xx_hal.o(i.HAL_GetTick) for HAL_GetTick
    hci_tl.o(i.hci_send_req) refers to ble_list.o(i.list_is_empty) for list_is_empty
    hci_tl.o(i.hci_send_req) refers to ble_list.o(i.list_insert_head) for list_insert_head
    hci_tl.o(i.hci_send_req) refers to hci_tl.o(i.move_list) for move_list
    hci_tl.o(i.hci_send_req) refers to hci_tl.o(.data) for .data
    hci_tl.o(i.hci_send_req) refers to hci_tl.o(.bss) for .bss
    hci_tl.o(i.hci_user_evt_proc) refers to ble_list.o(i.list_remove_head) for list_remove_head
    hci_tl.o(i.hci_user_evt_proc) refers to ble_list.o(i.list_insert_tail) for list_insert_tail
    hci_tl.o(i.hci_user_evt_proc) refers to ble_list.o(i.list_is_empty) for list_is_empty
    hci_tl.o(i.hci_user_evt_proc) refers to hci_tl.o(.bss) for .bss
    hci_tl.o(i.hci_user_evt_proc) refers to hci_tl.o(.data) for .data
    hci_tl.o(i.move_list) refers to ble_list.o(i.list_remove_tail) for list_remove_tail
    hci_tl.o(i.move_list) refers to ble_list.o(i.list_insert_head) for list_insert_head
    hci_tl.o(i.move_list) refers to ble_list.o(i.list_is_empty) for list_is_empty
    hci_le.o(i.hci_disconnect) refers to memseta.o(.text) for __aeabi_memclr4
    hci_le.o(i.hci_disconnect) refers to hci_tl.o(i.hci_send_req) for hci_send_req
    hci_le.o(i.hci_le_add_device_to_white_list) refers to memseta.o(.text) for __aeabi_memclr4
    hci_le.o(i.hci_le_add_device_to_white_list) refers to hci_tl.o(i.hci_send_req) for hci_send_req
    hci_le.o(i.hci_le_clear_white_list) refers to memseta.o(.text) for __aeabi_memclr4
    hci_le.o(i.hci_le_clear_white_list) refers to hci_tl.o(i.hci_send_req) for hci_send_req
    hci_le.o(i.hci_le_create_connection) refers to memseta.o(.text) for __aeabi_memclr4
    hci_le.o(i.hci_le_create_connection) refers to hci_tl.o(i.hci_send_req) for hci_send_req
    hci_le.o(i.hci_le_create_connection_cancel) refers to memseta.o(.text) for __aeabi_memclr4
    hci_le.o(i.hci_le_create_connection_cancel) refers to hci_tl.o(i.hci_send_req) for hci_send_req
    hci_le.o(i.hci_le_encrypt) refers to memseta.o(.text) for __aeabi_memclr4
    hci_le.o(i.hci_le_encrypt) refers to memmovea.o(.text) for __aeabi_memcpy
    hci_le.o(i.hci_le_encrypt) refers to hci_tl.o(i.hci_send_req) for hci_send_req
    hci_le.o(i.hci_le_ltk_request_neg_reply) refers to memseta.o(.text) for __aeabi_memclr4
    hci_le.o(i.hci_le_ltk_request_neg_reply) refers to hci_tl.o(i.hci_send_req) for hci_send_req
    hci_le.o(i.hci_le_ltk_request_reply) refers to memmovea.o(.text) for __aeabi_memcpy
    hci_le.o(i.hci_le_ltk_request_reply) refers to memseta.o(.text) for __aeabi_memclr4
    hci_le.o(i.hci_le_ltk_request_reply) refers to hci_tl.o(i.hci_send_req) for hci_send_req
    hci_le.o(i.hci_le_rand) refers to memseta.o(.text) for __aeabi_memclr4
    hci_le.o(i.hci_le_rand) refers to hci_tl.o(i.hci_send_req) for hci_send_req
    hci_le.o(i.hci_le_read_advertising_channel_tx_power) refers to memseta.o(.text) for __aeabi_memclr4
    hci_le.o(i.hci_le_read_advertising_channel_tx_power) refers to hci_tl.o(i.hci_send_req) for hci_send_req
    hci_le.o(i.hci_le_read_buffer_size) refers to memseta.o(.text) for __aeabi_memclr4
    hci_le.o(i.hci_le_read_buffer_size) refers to hci_tl.o(i.hci_send_req) for hci_send_req
    hci_le.o(i.hci_le_read_channel_map) refers to memseta.o(.text) for __aeabi_memclr4
    hci_le.o(i.hci_le_read_channel_map) refers to hci_tl.o(i.hci_send_req) for hci_send_req
    hci_le.o(i.hci_le_read_local_supported_features) refers to memseta.o(.text) for __aeabi_memclr4
    hci_le.o(i.hci_le_read_local_supported_features) refers to hci_tl.o(i.hci_send_req) for hci_send_req
    hci_le.o(i.hci_le_read_local_version) refers to memseta.o(.text) for __aeabi_memclr4
    hci_le.o(i.hci_le_read_local_version) refers to hci_tl.o(i.hci_send_req) for hci_send_req
    hci_le.o(i.hci_le_read_supported_states) refers to memseta.o(.text) for __aeabi_memclr4
    hci_le.o(i.hci_le_read_supported_states) refers to hci_tl.o(i.hci_send_req) for hci_send_req
    hci_le.o(i.hci_le_read_white_list_size) refers to memseta.o(.text) for __aeabi_memclr4
    hci_le.o(i.hci_le_read_white_list_size) refers to hci_tl.o(i.hci_send_req) for hci_send_req
    hci_le.o(i.hci_le_receiver_test) refers to memseta.o(.text) for __aeabi_memclr4
    hci_le.o(i.hci_le_receiver_test) refers to hci_tl.o(i.hci_send_req) for hci_send_req
    hci_le.o(i.hci_le_remove_device_from_white_list) refers to memseta.o(.text) for __aeabi_memclr4
    hci_le.o(i.hci_le_remove_device_from_white_list) refers to hci_tl.o(i.hci_send_req) for hci_send_req
    hci_le.o(i.hci_le_set_advertise_enable) refers to memseta.o(.text) for __aeabi_memclr4
    hci_le.o(i.hci_le_set_advertise_enable) refers to hci_tl.o(i.hci_send_req) for hci_send_req
    hci_le.o(i.hci_le_set_advertising_data) refers to memseta.o(.text) for __aeabi_memclr4
    hci_le.o(i.hci_le_set_advertising_data) refers to memmovea.o(.text) for __aeabi_memcpy
    hci_le.o(i.hci_le_set_advertising_data) refers to hci_tl.o(i.hci_send_req) for hci_send_req
    hci_le.o(i.hci_le_set_advertising_parameters) refers to memseta.o(.text) for __aeabi_memclr4
    hci_le.o(i.hci_le_set_advertising_parameters) refers to hci_tl.o(i.hci_send_req) for hci_send_req
    hci_le.o(i.hci_le_set_random_address) refers to memseta.o(.text) for __aeabi_memclr4
    hci_le.o(i.hci_le_set_random_address) refers to hci_tl.o(i.hci_send_req) for hci_send_req
    hci_le.o(i.hci_le_set_scan_enable) refers to memseta.o(.text) for __aeabi_memclr4
    hci_le.o(i.hci_le_set_scan_enable) refers to hci_tl.o(i.hci_send_req) for hci_send_req
    hci_le.o(i.hci_le_set_scan_parameters) refers to memseta.o(.text) for __aeabi_memclr4
    hci_le.o(i.hci_le_set_scan_parameters) refers to hci_tl.o(i.hci_send_req) for hci_send_req
    hci_le.o(i.hci_le_set_scan_resp_data) refers to memseta.o(.text) for __aeabi_memclr4
    hci_le.o(i.hci_le_set_scan_resp_data) refers to memmovea.o(.text) for __aeabi_memcpy
    hci_le.o(i.hci_le_set_scan_resp_data) refers to hci_tl.o(i.hci_send_req) for hci_send_req
    hci_le.o(i.hci_le_test_end) refers to memseta.o(.text) for __aeabi_memclr4
    hci_le.o(i.hci_le_test_end) refers to hci_tl.o(i.hci_send_req) for hci_send_req
    hci_le.o(i.hci_le_transmitter_test) refers to memseta.o(.text) for __aeabi_memclr4
    hci_le.o(i.hci_le_transmitter_test) refers to hci_tl.o(i.hci_send_req) for hci_send_req
    hci_le.o(i.hci_read_bd_addr) refers to memseta.o(.text) for __aeabi_memclr4
    hci_le.o(i.hci_read_bd_addr) refers to hci_tl.o(i.hci_send_req) for hci_send_req
    hci_le.o(i.hci_read_rssi) refers to memseta.o(.text) for __aeabi_memclr4
    hci_le.o(i.hci_read_rssi) refers to hci_tl.o(i.hci_send_req) for hci_send_req
    hci_le.o(i.hci_read_transmit_power_level) refers to memseta.o(.text) for __aeabi_memclr4
    hci_le.o(i.hci_read_transmit_power_level) refers to hci_tl.o(i.hci_send_req) for hci_send_req
    hci_le.o(i.hci_reset) refers to memseta.o(.text) for __aeabi_memclr4
    hci_le.o(i.hci_reset) refers to hci_tl.o(i.hci_send_req) for hci_send_req
    ble_list.o(i.list_remove_head) refers to ble_list.o(i.list_remove_node) for list_remove_node
    ble_list.o(i.list_remove_tail) refers to ble_list.o(i.list_remove_node) for list_remove_node
    entry.o(.ARM.Collect$$$$00000000) refers (Special) to entry10a.o(.ARM.Collect$$$$0000000D) for __rt_final_cpp
    entry.o(.ARM.Collect$$$$00000000) refers (Special) to entry11a.o(.ARM.Collect$$$$0000000F) for __rt_final_exit
    entry.o(.ARM.Collect$$$$00000000) refers (Special) to entry7b.o(.ARM.Collect$$$$00000008) for _main_clock
    entry.o(.ARM.Collect$$$$00000000) refers (Special) to entry8b.o(.ARM.Collect$$$$0000000A) for _main_cpp_init
    entry.o(.ARM.Collect$$$$00000000) refers (Special) to entry9a.o(.ARM.Collect$$$$0000000B) for _main_init
    entry.o(.ARM.Collect$$$$00000000) refers (Special) to entry5.o(.ARM.Collect$$$$00000004) for _main_scatterload
    entry.o(.ARM.Collect$$$$00000000) refers (Special) to entry2.o(.ARM.Collect$$$$00000001) for _main_stk
    uldiv.o(.text) refers to llushr.o(.text) for __aeabi_llsr
    uldiv.o(.text) refers to llshl.o(.text) for __aeabi_llsl
    printfa.o(i.__0fprintf) refers (Special) to iusefp.o(.text) for __I$use$fp
    printfa.o(i.__0fprintf) refers to printfa.o(i._printf_core) for _printf_core
    printfa.o(i.__0fprintf) refers to fputc.o(i.fputc) for fputc
    printfa.o(i.__0printf) refers (Special) to iusefp.o(.text) for __I$use$fp
    printfa.o(i.__0printf) refers to printfa.o(i._printf_core) for _printf_core
    printfa.o(i.__0printf) refers to fputc.o(i.fputc) for fputc
    printfa.o(i.__0printf) refers to stdout.o(.data) for __stdout
    printfa.o(i.__0snprintf) refers (Special) to iusefp.o(.text) for __I$use$fp
    printfa.o(i.__0snprintf) refers to printfa.o(i._printf_core) for _printf_core
    printfa.o(i.__0snprintf) refers to printfa.o(i._snputc) for _snputc
    printfa.o(i.__0sprintf) refers (Special) to iusefp.o(.text) for __I$use$fp
    printfa.o(i.__0sprintf) refers to printfa.o(i._printf_core) for _printf_core
    printfa.o(i.__0sprintf) refers to printfa.o(i._sputc) for _sputc
    printfa.o(i.__0vfprintf) refers (Special) to iusefp.o(.text) for __I$use$fp
    printfa.o(i.__0vfprintf) refers to printfa.o(i._printf_core) for _printf_core
    printfa.o(i.__0vfprintf) refers to fputc.o(i.fputc) for fputc
    printfa.o(i.__0vprintf) refers (Special) to iusefp.o(.text) for __I$use$fp
    printfa.o(i.__0vprintf) refers to printfa.o(i._printf_core) for _printf_core
    printfa.o(i.__0vprintf) refers to fputc.o(i.fputc) for fputc
    printfa.o(i.__0vprintf) refers to stdout.o(.data) for __stdout
    printfa.o(i.__0vsnprintf) refers (Special) to iusefp.o(.text) for __I$use$fp
    printfa.o(i.__0vsnprintf) refers to printfa.o(i._printf_core) for _printf_core
    printfa.o(i.__0vsnprintf) refers to printfa.o(i._snputc) for _snputc
    printfa.o(i.__0vsprintf) refers (Special) to iusefp.o(.text) for __I$use$fp
    printfa.o(i.__0vsprintf) refers to printfa.o(i._printf_core) for _printf_core
    printfa.o(i.__0vsprintf) refers to printfa.o(i._sputc) for _sputc
    printfa.o(i._fp_digits) refers (Special) to iusefp.o(.text) for __I$use$fp
    printfa.o(i._fp_digits) refers to dmul.o(.text) for __aeabi_dmul
    printfa.o(i._fp_digits) refers to ddiv.o(.text) for __aeabi_ddiv
    printfa.o(i._fp_digits) refers to cdrcmple.o(.text) for __aeabi_cdrcmple
    printfa.o(i._fp_digits) refers to dadd.o(.text) for __aeabi_dadd
    printfa.o(i._fp_digits) refers to dfixul.o(.text) for __aeabi_d2ulz
    printfa.o(i._fp_digits) refers to uldiv.o(.text) for __aeabi_uldivmod
    printfa.o(i._printf_core) refers (Special) to iusefp.o(.text) for __I$use$fp
    printfa.o(i._printf_core) refers to printfa.o(i._printf_pre_padding) for _printf_pre_padding
    printfa.o(i._printf_core) refers to uldiv.o(.text) for __aeabi_uldivmod
    printfa.o(i._printf_core) refers to printfa.o(i._printf_post_padding) for _printf_post_padding
    printfa.o(i._printf_core) refers to printfa.o(i._fp_digits) for _fp_digits
    printfa.o(i._printf_core) refers to uidiv.o(.text) for __aeabi_uidivmod
    printfa.o(i._printf_post_padding) refers (Special) to iusefp.o(.text) for __I$use$fp
    printfa.o(i._printf_pre_padding) refers (Special) to iusefp.o(.text) for __I$use$fp
    printfa.o(i._snputc) refers (Special) to iusefp.o(.text) for __I$use$fp
    printfa.o(i._sputc) refers (Special) to iusefp.o(.text) for __I$use$fp
    entry2.o(.ARM.Collect$$$$00000001) refers to entry2.o(.ARM.Collect$$$$00002712) for __lit__00000000
    entry2.o(.ARM.Collect$$$$00002712) refers to startup_stm32f401xe.o(STACK) for __initial_sp
    entry2.o(__vectab_stack_and_reset_area) refers to startup_stm32f401xe.o(STACK) for __initial_sp
    entry2.o(__vectab_stack_and_reset_area) refers to entry.o(.ARM.Collect$$$$00000000) for __main
    entry5.o(.ARM.Collect$$$$00000004) refers to init.o(.text) for __scatterload
    entry9a.o(.ARM.Collect$$$$0000000B) refers to main.o(i.main) for main
    entry9b.o(.ARM.Collect$$$$0000000C) refers to main.o(i.main) for main
    fputc.o(i.fputc) refers (Special) to iusesemip.o(.text) for __I$use$semihosting$fputc
    fputc.o(i.fputc) refers (Special) to semi.o(.text) for __semihosting_library_function
    dadd.o(.text) refers to llshl.o(.text) for __aeabi_llsl
    dadd.o(.text) refers to llsshr.o(.text) for __aeabi_lasr
    dadd.o(.text) refers to depilogue.o(.text) for _double_epilogue
    dmul.o(.text) refers to depilogue.o(.text) for _double_epilogue
    ddiv.o(.text) refers to depilogue.o(.text) for _double_round
    dfixul.o(.text) refers to llushr.o(.text) for __aeabi_llsr
    dfixul.o(.text) refers to llshl.o(.text) for __aeabi_llsl
    init.o(.text) refers to entry5.o(.ARM.Collect$$$$00000004) for __main_after_scatterload
    depilogue.o(.text) refers to llshl.o(.text) for __aeabi_llsl
    depilogue.o(.text) refers to llushr.o(.text) for __aeabi_llsr


==============================================================================

Removing Unused input sections from the image.

    Removing system_stm32f4xx.o(.rev16_text), (4 bytes).
    Removing system_stm32f4xx.o(.revsh_text), (4 bytes).
    Removing system_stm32f4xx.o(.rrx_text), (6 bytes).
    Removing system_stm32f4xx.o(i.SystemCoreClockUpdate), (120 bytes).
    Removing startup_stm32f401xe.o(HEAP), (512 bytes).
    Removing st25r3911.o(.rev16_text), (4 bytes).
    Removing st25r3911.o(.revsh_text), (4 bytes).
    Removing st25r3911.o(.rrx_text), (6 bytes).
    Removing st25r3911.o(i.st25r3911CalibrateCapacitiveSensor), (12 bytes).
    Removing st25r3911.o(i.st25r3911CalibrateModulationDepth), (12 bytes).
    Removing st25r3911.o(i.st25r3911Deinitialize), (18 bytes).
    Removing st25r3911.o(i.st25r3911GetNoResponseTime_64fcs), (12 bytes).
    Removing st25r3911.o(i.st25r3911GetNumFIFOLastBits), (20 bytes).
    Removing st25r3911.o(i.st25r3911GetRegsDump), (62 bytes).
    Removing st25r3911.o(i.st25r3911IrqIsWakeUpAmplitude), (18 bytes).
    Removing st25r3911.o(i.st25r3911IrqIsWakeUpCap), (18 bytes).
    Removing st25r3911.o(i.st25r3911IrqIsWakeUpPhase), (18 bytes).
    Removing st25r3911.o(i.st25r3911IsCmdValid), (34 bytes).
    Removing st25r3911.o(i.st25r3911MeasureCapacitance), (12 bytes).
    Removing st25r3911.o(i.st25r3911SetStartNoResponseTime_64fcs), (20 bytes).
    Removing st25r3911_com.o(.rev16_text), (4 bytes).
    Removing st25r3911_com.o(.revsh_text), (4 bytes).
    Removing st25r3911_com.o(.rrx_text), (6 bytes).
    Removing st25r3911_com.o(i.st25r3911IsRegValid), (22 bytes).
    Removing st25r3911_com.o(i.st25r3911WriteMultipleRegisters), (96 bytes).
    Removing st25r3911_interrupt.o(.rev16_text), (4 bytes).
    Removing st25r3911_interrupt.o(.revsh_text), (4 bytes).
    Removing st25r3911_interrupt.o(.rrx_text), (6 bytes).
    Removing st25r3911_interrupt.o(i.st25r3911IRQCallbackRestore), (16 bytes).
    Removing st25r3911_interrupt.o(i.st25r3911IRQCallbackSet), (16 bytes).
    Removing timer.o(.rev16_text), (4 bytes).
    Removing timer.o(.revsh_text), (4 bytes).
    Removing timer.o(.rrx_text), (6 bytes).
    Removing timer.o(i.timerDelay), (20 bytes).
    Removing timer.o(i.timerStopwatchMeasure), (20 bytes).
    Removing timer.o(i.timerStopwatchStart), (16 bytes).
    Removing timer.o(.data), (4 bytes).
    Removing rfal_isodep.o(.rev16_text), (4 bytes).
    Removing rfal_isodep.o(.revsh_text), (4 bytes).
    Removing rfal_isodep.o(.rrx_text), (6 bytes).
    Removing rfal_isodep.o(i.rfalIsoDepInitializeWithParams), (52 bytes).
    Removing rfal_isodep.o(i.rfalIsoDepIsAttrib), (24 bytes).
    Removing rfal_isodep.o(i.rfalIsoDepIsRats), (20 bytes).
    Removing rfal_isodep.o(i.rfalIsoDepListenGetActivationStatus), (324 bytes).
    Removing rfal_isodep.o(i.rfalIsoDepListenStartActivation), (328 bytes).
    Removing rfal_nfca.o(.rev16_text), (4 bytes).
    Removing rfal_nfca.o(.revsh_text), (4 bytes).
    Removing rfal_nfca.o(.rrx_text), (6 bytes).
    Removing rfal_nfca.o(i.rfalNfcaListenerIsSleepReq), (22 bytes).
    Removing rfal_nfca.o(i.rfalNfcaPollerSelect), (162 bytes).
    Removing rfal_nfcb.o(.rev16_text), (4 bytes).
    Removing rfal_nfcb.o(.revsh_text), (4 bytes).
    Removing rfal_nfcb.o(.rrx_text), (6 bytes).
    Removing rfal_nfcb.o(i.rfalNfcbPollerInitializeWithParams), (32 bytes).
    Removing rfal_nfcb.o(i.rfalNfcbPollerTechnologyDetection), (12 bytes).
    Removing rfal_nfcb.o(.data), (1 bytes).
    Removing rfal_iso15693_2.o(.rev16_text), (4 bytes).
    Removing rfal_iso15693_2.o(.revsh_text), (4 bytes).
    Removing rfal_iso15693_2.o(.rrx_text), (6 bytes).
    Removing rfal_iso15693_2.o(i.iso15693PhyGetConfiguration), (16 bytes).
    Removing rfal_nfcdep.o(.rev16_text), (4 bytes).
    Removing rfal_nfcdep.o(.revsh_text), (4 bytes).
    Removing rfal_nfcdep.o(.rrx_text), (6 bytes).
    Removing rfal_nfcdep.o(i.nfcipTargetHandleActivation), (236 bytes).
    Removing rfal_nfcdep.o(i.rfalNfcDepDSL), (100 bytes).
    Removing rfal_nfcdep.o(i.rfalNfcDepIsAtrReq), (40 bytes).
    Removing rfal_nfcdep.o(i.rfalNfcDepListenGetActivationStatus), (108 bytes).
    Removing rfal_nfcdep.o(i.rfalNfcDepListenStartActivation), (348 bytes).
    Removing rfal_nfcdep.o(i.rfalNfcDepRLS), (100 bytes).
    Removing rfal_nfcdep.o(i.rfalNfcDepSetDeactivatingCallback), (12 bytes).
    Removing rfal_nfcdep.o(i.rfalNfcDepTargetRcvdATR), (36 bytes).
    Removing rfal_st25tb.o(.rev16_text), (4 bytes).
    Removing rfal_st25tb.o(.revsh_text), (4 bytes).
    Removing rfal_st25tb.o(.rrx_text), (6 bytes).
    Removing rfal_st25tb.o(i.rfalSt25tbPollerCompletion), (36 bytes).
    Removing rfal_st25tb.o(i.rfalSt25tbPollerReadBlock), (56 bytes).
    Removing rfal_st25tb.o(i.rfalSt25tbPollerResetToInventory), (36 bytes).
    Removing rfal_st25tb.o(i.rfalSt25tbPollerWriteBlock), (88 bytes).
    Removing rfal_rfst25r3911.o(.rev16_text), (4 bytes).
    Removing rfal_rfst25r3911.o(.revsh_text), (4 bytes).
    Removing rfal_rfst25r3911.o(.rrx_text), (6 bytes).
    Removing rfal_rfst25r3911.o(i.rfalAdjustRegulators), (22 bytes).
    Removing rfal_rfst25r3911.o(i.rfalChipExecCmd), (26 bytes).
    Removing rfal_rfst25r3911.o(i.rfalChipReadReg), (34 bytes).
    Removing rfal_rfst25r3911.o(i.rfalChipReadTestReg), (12 bytes).
    Removing rfal_rfst25r3911.o(i.rfalChipWriteReg), (34 bytes).
    Removing rfal_rfst25r3911.o(i.rfalChipWriteTestReg), (12 bytes).
    Removing rfal_rfst25r3911.o(i.rfalDeinitialize), (20 bytes).
    Removing rfal_rfst25r3911.o(i.rfalDisableObsvMode), (16 bytes).
    Removing rfal_rfst25r3911.o(i.rfalGetErrorHandling), (12 bytes).
    Removing rfal_rfst25r3911.o(i.rfalGetFDTListen), (12 bytes).
    Removing rfal_rfst25r3911.o(i.rfalGetFDTPoll), (12 bytes).
    Removing rfal_rfst25r3911.o(i.rfalGetGT), (12 bytes).
    Removing rfal_rfst25r3911.o(i.rfalGetMode), (12 bytes).
    Removing rfal_rfst25r3911.o(i.rfalGetModulatedRFO), (16 bytes).
    Removing rfal_rfst25r3911.o(i.rfalGetObsvMode), (24 bytes).
    Removing rfal_rfst25r3911.o(i.rfalGetTransceiveState), (12 bytes).
    Removing rfal_rfst25r3911.o(i.rfalISO15693TransceiveEOF), (52 bytes).
    Removing rfal_rfst25r3911.o(i.rfalListenGetState), (28 bytes).
    Removing rfal_rfst25r3911.o(i.rfalListenSleepStart), (4 bytes).
    Removing rfal_rfst25r3911.o(i.rfalListenStart), (120 bytes).
    Removing rfal_rfst25r3911.o(i.rfalListenStop), (40 bytes).
    Removing rfal_rfst25r3911.o(i.rfalMeasureRF), (10 bytes).
    Removing rfal_rfst25r3911.o(i.rfalSetModulatedRFO), (14 bytes).
    Removing rfal_rfst25r3911.o(i.rfalSetObsvMode), (12 bytes).
    Removing rfal_rfst25r3911.o(i.rfalSetPostTxRxCallback), (12 bytes).
    Removing rfal_rfst25r3911.o(i.rfalSetPreTxRxCallback), (12 bytes).
    Removing rfal_rfst25r3911.o(i.rfalSetUpperLayerCallback), (4 bytes).
    Removing rfal_nfcf.o(.rev16_text), (4 bytes).
    Removing rfal_nfcf.o(.revsh_text), (4 bytes).
    Removing rfal_nfcf.o(.rrx_text), (6 bytes).
    Removing rfal_nfcf.o(i.rfalNfcfListenerIsT3TReq), (42 bytes).
    Removing rfal_t1t.o(.rev16_text), (4 bytes).
    Removing rfal_t1t.o(.revsh_text), (4 bytes).
    Removing rfal_t1t.o(.rrx_text), (6 bytes).
    Removing rfal_t1t.o(i.rfalT1TPollerRall), (58 bytes).
    Removing rfal_t1t.o(i.rfalT1TPollerWrite), (100 bytes).
    Removing rfal_crc.o(.rev16_text), (4 bytes).
    Removing rfal_crc.o(.revsh_text), (4 bytes).
    Removing rfal_crc.o(.rrx_text), (6 bytes).
    Removing rfal_analogconfig.o(.rev16_text), (4 bytes).
    Removing rfal_analogconfig.o(.revsh_text), (4 bytes).
    Removing rfal_analogconfig.o(.rrx_text), (6 bytes).
    Removing rfal_analogconfig.o(i.rfalAnalogConfigIsReady), (16 bytes).
    Removing rfal_analogconfig.o(i.rfalAnalogConfigListRead), (80 bytes).
    Removing rfal_analogconfig.o(i.rfalAnalogConfigListReadRaw), (40 bytes).
    Removing rfal_analogconfig.o(i.rfalAnalogConfigListWrite), (4 bytes).
    Removing rfal_analogconfig.o(i.rfalAnalogConfigListWriteRaw), (4 bytes).
    Removing rfal_nfcv.o(.rev16_text), (4 bytes).
    Removing rfal_nfcv.o(.revsh_text), (4 bytes).
    Removing rfal_nfcv.o(.rrx_text), (6 bytes).
    Removing rfal_nfcv.o(i.rfalNfcvPollerCheckPresence), (36 bytes).
    Removing rfal_nfcv.o(i.rfalNfvParseError), (32 bytes).
    Removing rfal_nfcv.o(i.rfalNfvPollerSleep), (70 bytes).
    Removing rfal_nfcv.o(i.rfalNfvReadMultipleBlocks), (132 bytes).
    Removing rfal_nfcv.o(i.rfalNfvReadSingleBlock), (120 bytes).
    Removing rfal_nfcv.o(i.rfalNfvSelect), (96 bytes).
    Removing rfal_nfcv.o(i.rfalNfvWriteSingleBlock), (160 bytes).
    Removing main.o(.rev16_text), (4 bytes).
    Removing main.o(.revsh_text), (4 bytes).
    Removing main.o(.rrx_text), (6 bytes).
    Removing main.o(i.Error_Handler), (2 bytes).
    Removing logger.o(.rev16_text), (4 bytes).
    Removing logger.o(.revsh_text), (4 bytes).
    Removing logger.o(.rrx_text), (6 bytes).
    Removing demo.o(.rev16_text), (4 bytes).
    Removing demo.o(.revsh_text), (4 bytes).
    Removing demo.o(.rrx_text), (6 bytes).
    Removing stm32f4xx_hal_msp.o(.rev16_text), (4 bytes).
    Removing stm32f4xx_hal_msp.o(.revsh_text), (4 bytes).
    Removing stm32f4xx_hal_msp.o(.rrx_text), (6 bytes).
    Removing stm32f4xx_hal_msp.o(i.HAL_SPI_MspDeInit), (40 bytes).
    Removing stm32f4xx_hal_msp.o(i.HAL_UART_MspDeInit), (40 bytes).
    Removing stm32f4xx_it.o(.rev16_text), (4 bytes).
    Removing stm32f4xx_it.o(.revsh_text), (4 bytes).
    Removing stm32f4xx_it.o(.rrx_text), (6 bytes).
    Removing usart.o(.rev16_text), (4 bytes).
    Removing usart.o(.revsh_text), (4 bytes).
    Removing usart.o(.rrx_text), (6 bytes).
    Removing usart.o(i.UsartInit), (12 bytes).
    Removing usart.o(i.UsartRx), (72 bytes).
    Removing usart.o(i.UsartTx), (36 bytes).
    Removing usart.o(i.UsartTxByte), (32 bytes).
    Removing usart.o(.data), (4 bytes).
    Removing spi.o(.rev16_text), (4 bytes).
    Removing spi.o(.revsh_text), (4 bytes).
    Removing spi.o(.rrx_text), (6 bytes).
    Removing stm32f4xx_hal_cortex.o(.rev16_text), (4 bytes).
    Removing stm32f4xx_hal_cortex.o(.revsh_text), (4 bytes).
    Removing stm32f4xx_hal_cortex.o(.rrx_text), (6 bytes).
    Removing stm32f4xx_hal_cortex.o(i.HAL_MPU_ConfigRegion), (484 bytes).
    Removing stm32f4xx_hal_cortex.o(i.HAL_MPU_Disable), (28 bytes).
    Removing stm32f4xx_hal_cortex.o(i.HAL_MPU_Enable), (36 bytes).
    Removing stm32f4xx_hal_cortex.o(i.HAL_NVIC_ClearPendingIRQ), (104 bytes).
    Removing stm32f4xx_hal_cortex.o(i.HAL_NVIC_GetActive), (108 bytes).
    Removing stm32f4xx_hal_cortex.o(i.HAL_NVIC_GetPendingIRQ), (108 bytes).
    Removing stm32f4xx_hal_cortex.o(i.HAL_NVIC_GetPriority), (188 bytes).
    Removing stm32f4xx_hal_cortex.o(i.HAL_NVIC_GetPriorityGrouping), (16 bytes).
    Removing stm32f4xx_hal_cortex.o(i.HAL_NVIC_SetPendingIRQ), (104 bytes).
    Removing stm32f4xx_hal_cortex.o(i.HAL_NVIC_SystemReset), (36 bytes).
    Removing stm32f4xx_hal_cortex.o(i.HAL_SYSTICK_CLKSourceConfig), (104 bytes).
    Removing stm32f4xx_hal.o(.rev16_text), (4 bytes).
    Removing stm32f4xx_hal.o(.revsh_text), (4 bytes).
    Removing stm32f4xx_hal.o(.rrx_text), (6 bytes).
    Removing stm32f4xx_hal.o(i.HAL_DBGMCU_DisableDBGSleepMode), (16 bytes).
    Removing stm32f4xx_hal.o(i.HAL_DBGMCU_DisableDBGStandbyMode), (16 bytes).
    Removing stm32f4xx_hal.o(i.HAL_DBGMCU_DisableDBGStopMode), (16 bytes).
    Removing stm32f4xx_hal.o(i.HAL_DBGMCU_EnableDBGSleepMode), (16 bytes).
    Removing stm32f4xx_hal.o(i.HAL_DBGMCU_EnableDBGStandbyMode), (16 bytes).
    Removing stm32f4xx_hal.o(i.HAL_DBGMCU_EnableDBGStopMode), (16 bytes).
    Removing stm32f4xx_hal.o(i.HAL_DeInit), (52 bytes).
    Removing stm32f4xx_hal.o(i.HAL_DisableCompensationCell), (12 bytes).
    Removing stm32f4xx_hal.o(i.HAL_EnableCompensationCell), (12 bytes).
    Removing stm32f4xx_hal.o(i.HAL_GetDEVID), (16 bytes).
    Removing stm32f4xx_hal.o(i.HAL_GetHalVersion), (8 bytes).
    Removing stm32f4xx_hal.o(i.HAL_GetREVID), (12 bytes).
    Removing stm32f4xx_hal.o(i.HAL_GetTickFreq), (12 bytes).
    Removing stm32f4xx_hal.o(i.HAL_GetTickPrio), (12 bytes).
    Removing stm32f4xx_hal.o(i.HAL_GetUIDw0), (12 bytes).
    Removing stm32f4xx_hal.o(i.HAL_GetUIDw1), (12 bytes).
    Removing stm32f4xx_hal.o(i.HAL_GetUIDw2), (12 bytes).
    Removing stm32f4xx_hal.o(i.HAL_MspDeInit), (2 bytes).
    Removing stm32f4xx_hal.o(i.HAL_MspInit), (2 bytes).
    Removing stm32f4xx_hal.o(i.HAL_ResumeTick), (14 bytes).
    Removing stm32f4xx_hal.o(i.HAL_SetTickFreq), (112 bytes).
    Removing stm32f4xx_hal.o(i.HAL_SuspendTick), (14 bytes).
    Removing stm32f4xx_hal_gpio.o(.rev16_text), (4 bytes).
    Removing stm32f4xx_hal_gpio.o(.revsh_text), (4 bytes).
    Removing stm32f4xx_hal_gpio.o(.rrx_text), (6 bytes).
    Removing stm32f4xx_hal_gpio.o(i.HAL_GPIO_DeInit), (384 bytes).
    Removing stm32f4xx_hal_gpio.o(i.HAL_GPIO_LockPin), (116 bytes).
    Removing stm32f4xx_hal_i2c_ex.o(.rev16_text), (4 bytes).
    Removing stm32f4xx_hal_i2c_ex.o(.revsh_text), (4 bytes).
    Removing stm32f4xx_hal_i2c_ex.o(.rrx_text), (6 bytes).
    Removing stm32f4xx_hal_dma.o(.rev16_text), (4 bytes).
    Removing stm32f4xx_hal_dma.o(.revsh_text), (4 bytes).
    Removing stm32f4xx_hal_dma.o(.rrx_text), (6 bytes).
    Removing stm32f4xx_hal_dma.o(i.DMA_CalcBaseAndBitshift), (40 bytes).
    Removing stm32f4xx_hal_dma.o(i.DMA_CheckFifoParam), (84 bytes).
    Removing stm32f4xx_hal_dma.o(i.DMA_SetConfig), (40 bytes).
    Removing stm32f4xx_hal_dma.o(i.HAL_DMA_Abort), (142 bytes).
    Removing stm32f4xx_hal_dma.o(i.HAL_DMA_Abort_IT), (36 bytes).
    Removing stm32f4xx_hal_dma.o(i.HAL_DMA_DeInit), (304 bytes).
    Removing stm32f4xx_hal_dma.o(i.HAL_DMA_GetError), (4 bytes).
    Removing stm32f4xx_hal_dma.o(i.HAL_DMA_GetState), (6 bytes).
    Removing stm32f4xx_hal_dma.o(i.HAL_DMA_IRQHandler), (416 bytes).
    Removing stm32f4xx_hal_dma.o(i.HAL_DMA_Init), (740 bytes).
    Removing stm32f4xx_hal_dma.o(i.HAL_DMA_PollForTransfer), (292 bytes).
    Removing stm32f4xx_hal_dma.o(i.HAL_DMA_RegisterCallback), (80 bytes).
    Removing stm32f4xx_hal_dma.o(i.HAL_DMA_Start), (168 bytes).
    Removing stm32f4xx_hal_dma.o(i.HAL_DMA_Start_IT), (212 bytes).
    Removing stm32f4xx_hal_dma.o(i.HAL_DMA_UnRegisterCallback), (96 bytes).
    Removing stm32f4xx_hal_dma.o(.constdata), (8 bytes).
    Removing stm32f4xx_hal_spi.o(.rev16_text), (4 bytes).
    Removing stm32f4xx_hal_spi.o(.revsh_text), (4 bytes).
    Removing stm32f4xx_hal_spi.o(.rrx_text), (6 bytes).
    Removing stm32f4xx_hal_spi.o(i.HAL_SPI_Abort), (292 bytes).
    Removing stm32f4xx_hal_spi.o(i.HAL_SPI_AbortCpltCallback), (2 bytes).
    Removing stm32f4xx_hal_spi.o(i.HAL_SPI_Abort_IT), (292 bytes).
    Removing stm32f4xx_hal_spi.o(i.HAL_SPI_DMAPause), (38 bytes).
    Removing stm32f4xx_hal_spi.o(i.HAL_SPI_DMAResume), (38 bytes).
    Removing stm32f4xx_hal_spi.o(i.HAL_SPI_DMAStop), (66 bytes).
    Removing stm32f4xx_hal_spi.o(i.HAL_SPI_DeInit), (160 bytes).
    Removing stm32f4xx_hal_spi.o(i.HAL_SPI_ErrorCallback), (2 bytes).
    Removing stm32f4xx_hal_spi.o(i.HAL_SPI_GetError), (4 bytes).
    Removing stm32f4xx_hal_spi.o(i.HAL_SPI_GetState), (6 bytes).
    Removing stm32f4xx_hal_spi.o(i.HAL_SPI_IRQHandler), (252 bytes).
    Removing stm32f4xx_hal_spi.o(i.HAL_SPI_MspDeInit), (2 bytes).
    Removing stm32f4xx_hal_spi.o(i.HAL_SPI_MspInit), (2 bytes).
    Removing stm32f4xx_hal_spi.o(i.HAL_SPI_Receive), (336 bytes).
    Removing stm32f4xx_hal_spi.o(i.HAL_SPI_Receive_DMA), (340 bytes).
    Removing stm32f4xx_hal_spi.o(i.HAL_SPI_Receive_IT), (164 bytes).
    Removing stm32f4xx_hal_spi.o(i.HAL_SPI_RxCpltCallback), (2 bytes).
    Removing stm32f4xx_hal_spi.o(i.HAL_SPI_RxHalfCpltCallback), (2 bytes).
    Removing stm32f4xx_hal_spi.o(i.HAL_SPI_Transmit), (432 bytes).
    Removing stm32f4xx_hal_spi.o(i.HAL_SPI_TransmitReceive_DMA), (416 bytes).
    Removing stm32f4xx_hal_spi.o(i.HAL_SPI_TransmitReceive_IT), (256 bytes).
    Removing stm32f4xx_hal_spi.o(i.HAL_SPI_Transmit_DMA), (320 bytes).
    Removing stm32f4xx_hal_spi.o(i.HAL_SPI_Transmit_IT), (228 bytes).
    Removing stm32f4xx_hal_spi.o(i.HAL_SPI_TxCpltCallback), (2 bytes).
    Removing stm32f4xx_hal_spi.o(i.HAL_SPI_TxHalfCpltCallback), (2 bytes).
    Removing stm32f4xx_hal_spi.o(i.HAL_SPI_TxRxCpltCallback), (2 bytes).
    Removing stm32f4xx_hal_spi.o(i.HAL_SPI_TxRxHalfCpltCallback), (2 bytes).
    Removing stm32f4xx_hal_spi.o(i.SPI_2linesRxISR_16BIT), (48 bytes).
    Removing stm32f4xx_hal_spi.o(i.SPI_2linesRxISR_8BIT), (48 bytes).
    Removing stm32f4xx_hal_spi.o(i.SPI_2linesTxISR_16BIT), (48 bytes).
    Removing stm32f4xx_hal_spi.o(i.SPI_2linesTxISR_8BIT), (48 bytes).
    Removing stm32f4xx_hal_spi.o(i.SPI_AbortRx_ISR), (80 bytes).
    Removing stm32f4xx_hal_spi.o(i.SPI_AbortTx_ISR), (28 bytes).
    Removing stm32f4xx_hal_spi.o(i.SPI_CloseRxTx_ISR), (144 bytes).
    Removing stm32f4xx_hal_spi.o(i.SPI_CloseRx_ISR), (76 bytes).
    Removing stm32f4xx_hal_spi.o(i.SPI_CloseTx_ISR), (124 bytes).
    Removing stm32f4xx_hal_spi.o(i.SPI_DMAAbortOnError), (16 bytes).
    Removing stm32f4xx_hal_spi.o(i.SPI_DMAError), (34 bytes).
    Removing stm32f4xx_hal_spi.o(i.SPI_DMAHalfReceiveCplt), (10 bytes).
    Removing stm32f4xx_hal_spi.o(i.SPI_DMAHalfTransmitCplt), (10 bytes).
    Removing stm32f4xx_hal_spi.o(i.SPI_DMAHalfTransmitReceiveCplt), (10 bytes).
    Removing stm32f4xx_hal_spi.o(i.SPI_DMAReceiveCplt), (84 bytes).
    Removing stm32f4xx_hal_spi.o(i.SPI_DMARxAbortCallback), (102 bytes).
    Removing stm32f4xx_hal_spi.o(i.SPI_DMATransmitCplt), (100 bytes).
    Removing stm32f4xx_hal_spi.o(i.SPI_DMATransmitReceiveCplt), (90 bytes).
    Removing stm32f4xx_hal_spi.o(i.SPI_DMATxAbortCallback), (116 bytes).
    Removing stm32f4xx_hal_spi.o(i.SPI_EndRxTransaction), (66 bytes).
    Removing stm32f4xx_hal_spi.o(i.SPI_RxISR_16BIT), (32 bytes).
    Removing stm32f4xx_hal_spi.o(i.SPI_RxISR_8BIT), (32 bytes).
    Removing stm32f4xx_hal_spi.o(i.SPI_TxISR_16BIT), (32 bytes).
    Removing stm32f4xx_hal_spi.o(i.SPI_TxISR_8BIT), (32 bytes).
    Removing stm32f4xx_hal_i2c.o(.rev16_text), (4 bytes).
    Removing stm32f4xx_hal_i2c.o(.revsh_text), (4 bytes).
    Removing stm32f4xx_hal_i2c.o(.rrx_text), (6 bytes).
    Removing stm32f4xx_hal_rcc_ex.o(.rev16_text), (4 bytes).
    Removing stm32f4xx_hal_rcc_ex.o(.revsh_text), (4 bytes).
    Removing stm32f4xx_hal_rcc_ex.o(.rrx_text), (6 bytes).
    Removing stm32f4xx_hal_rcc_ex.o(i.HAL_RCCEx_DisablePLLI2S), (52 bytes).
    Removing stm32f4xx_hal_rcc_ex.o(i.HAL_RCCEx_EnablePLLI2S), (204 bytes).
    Removing stm32f4xx_hal_rcc_ex.o(i.HAL_RCCEx_GetPeriphCLKConfig), (72 bytes).
    Removing stm32f4xx_hal_rcc_ex.o(i.HAL_RCCEx_GetPeriphCLKFreq), (92 bytes).
    Removing stm32f4xx_hal_rcc_ex.o(i.HAL_RCCEx_PeriphCLKConfig), (788 bytes).
    Removing stm32f4xx_hal_rcc_ex.o(i.HAL_RCC_DeInit), (304 bytes).
    Removing stm32f4xx_hal_flash.o(.rev16_text), (4 bytes).
    Removing stm32f4xx_hal_flash.o(.revsh_text), (4 bytes).
    Removing stm32f4xx_hal_flash.o(.rrx_text), (6 bytes).
    Removing stm32f4xx_hal_flash.o(i.FLASH_Program_Byte), (136 bytes).
    Removing stm32f4xx_hal_flash.o(i.FLASH_Program_DoubleWord), (144 bytes).
    Removing stm32f4xx_hal_flash.o(i.FLASH_Program_HalfWord), (140 bytes).
    Removing stm32f4xx_hal_flash.o(i.FLASH_Program_Word), (140 bytes).
    Removing stm32f4xx_hal_flash.o(i.FLASH_SetErrorCode), (124 bytes).
    Removing stm32f4xx_hal_flash.o(i.FLASH_WaitForLastOperation), (80 bytes).
    Removing stm32f4xx_hal_flash.o(i.HAL_FLASH_EndOfOperationCallback), (2 bytes).
    Removing stm32f4xx_hal_flash.o(i.HAL_FLASH_GetError), (12 bytes).
    Removing stm32f4xx_hal_flash.o(i.HAL_FLASH_IRQHandler), (204 bytes).
    Removing stm32f4xx_hal_flash.o(i.HAL_FLASH_Lock), (20 bytes).
    Removing stm32f4xx_hal_flash.o(i.HAL_FLASH_OB_Launch), (24 bytes).
    Removing stm32f4xx_hal_flash.o(i.HAL_FLASH_OB_Lock), (20 bytes).
    Removing stm32f4xx_hal_flash.o(i.HAL_FLASH_OB_Unlock), (40 bytes).
    Removing stm32f4xx_hal_flash.o(i.HAL_FLASH_OperationErrorCallback), (2 bytes).
    Removing stm32f4xx_hal_flash.o(i.HAL_FLASH_Program), (212 bytes).
    Removing stm32f4xx_hal_flash.o(i.HAL_FLASH_Program_IT), (208 bytes).
    Removing stm32f4xx_hal_flash.o(i.HAL_FLASH_Unlock), (44 bytes).
    Removing stm32f4xx_hal_flash.o(.bss), (32 bytes).
    Removing stm32f4xx_hal_rcc.o(.rev16_text), (4 bytes).
    Removing stm32f4xx_hal_rcc.o(.revsh_text), (4 bytes).
    Removing stm32f4xx_hal_rcc.o(.rrx_text), (6 bytes).
    Removing stm32f4xx_hal_rcc.o(i.HAL_RCC_CSSCallback), (2 bytes).
    Removing stm32f4xx_hal_rcc.o(i.HAL_RCC_DeInit), (4 bytes).
    Removing stm32f4xx_hal_rcc.o(i.HAL_RCC_DisableCSS), (12 bytes).
    Removing stm32f4xx_hal_rcc.o(i.HAL_RCC_EnableCSS), (12 bytes).
    Removing stm32f4xx_hal_rcc.o(i.HAL_RCC_GetClockConfig), (64 bytes).
    Removing stm32f4xx_hal_rcc.o(i.HAL_RCC_GetHCLKFreq), (12 bytes).
    Removing stm32f4xx_hal_rcc.o(i.HAL_RCC_GetOscConfig), (180 bytes).
    Removing stm32f4xx_hal_rcc.o(i.HAL_RCC_MCOConfig), (352 bytes).
    Removing stm32f4xx_hal_rcc.o(i.HAL_RCC_NMI_IRQHandler), (28 bytes).
    Removing stm32f4xx_hal_flash_ramfunc.o(.rev16_text), (4 bytes).
    Removing stm32f4xx_hal_flash_ramfunc.o(.revsh_text), (4 bytes).
    Removing stm32f4xx_hal_flash_ramfunc.o(.rrx_text), (6 bytes).
    Removing stm32f4xx_hal_flash_ex.o(.rev16_text), (4 bytes).
    Removing stm32f4xx_hal_flash_ex.o(.revsh_text), (4 bytes).
    Removing stm32f4xx_hal_flash_ex.o(.rrx_text), (6 bytes).
    Removing stm32f4xx_hal_flash_ex.o(i.FLASH_Erase_Sector), (204 bytes).
    Removing stm32f4xx_hal_flash_ex.o(i.FLASH_FlushCaches), (84 bytes).
    Removing stm32f4xx_hal_flash_ex.o(i.FLASH_MassErase), (148 bytes).
    Removing stm32f4xx_hal_flash_ex.o(i.FLASH_OB_DisableWRP), (68 bytes).
    Removing stm32f4xx_hal_flash_ex.o(i.FLASH_OB_EnableWRP), (68 bytes).
    Removing stm32f4xx_hal_flash_ex.o(i.FLASH_OB_UserConfig), (96 bytes).
    Removing stm32f4xx_hal_flash_ex.o(i.HAL_FLASHEx_AdvOBGetConfig), (12 bytes).
    Removing stm32f4xx_hal_flash_ex.o(i.HAL_FLASHEx_AdvOBProgram), (208 bytes).
    Removing stm32f4xx_hal_flash_ex.o(i.HAL_FLASHEx_Erase), (264 bytes).
    Removing stm32f4xx_hal_flash_ex.o(i.HAL_FLASHEx_Erase_IT), (212 bytes).
    Removing stm32f4xx_hal_flash_ex.o(i.HAL_FLASHEx_OBGetConfig), (64 bytes).
    Removing stm32f4xx_hal_flash_ex.o(i.HAL_FLASHEx_OBProgram), (364 bytes).
    Removing stm32f4xx_hal_flash_ex.o(i.HAL_FLASHEx_OB_DeSelectPCROP), (20 bytes).
    Removing stm32f4xx_hal_flash_ex.o(i.HAL_FLASHEx_OB_SelectPCROP), (24 bytes).
    Removing stm32f4xx_hal_pwr.o(.rev16_text), (4 bytes).
    Removing stm32f4xx_hal_pwr.o(.revsh_text), (4 bytes).
    Removing stm32f4xx_hal_pwr.o(.rrx_text), (6 bytes).
    Removing stm32f4xx_hal_pwr.o(i.HAL_PWR_ConfigPVD), (280 bytes).
    Removing stm32f4xx_hal_pwr.o(i.HAL_PWR_DeInit), (24 bytes).
    Removing stm32f4xx_hal_pwr.o(i.HAL_PWR_DisableBkUpAccess), (12 bytes).
    Removing stm32f4xx_hal_pwr.o(i.HAL_PWR_DisablePVD), (12 bytes).
    Removing stm32f4xx_hal_pwr.o(i.HAL_PWR_DisableSEVOnPend), (16 bytes).
    Removing stm32f4xx_hal_pwr.o(i.HAL_PWR_DisableSleepOnExit), (16 bytes).
    Removing stm32f4xx_hal_pwr.o(i.HAL_PWR_DisableWakeUpPin), (96 bytes).
    Removing stm32f4xx_hal_pwr.o(i.HAL_PWR_EnableBkUpAccess), (12 bytes).
    Removing stm32f4xx_hal_pwr.o(i.HAL_PWR_EnablePVD), (12 bytes).
    Removing stm32f4xx_hal_pwr.o(i.HAL_PWR_EnableSEVOnPend), (16 bytes).
    Removing stm32f4xx_hal_pwr.o(i.HAL_PWR_EnableSleepOnExit), (16 bytes).
    Removing stm32f4xx_hal_pwr.o(i.HAL_PWR_EnableWakeUpPin), (96 bytes).
    Removing stm32f4xx_hal_pwr.o(i.HAL_PWR_EnterSLEEPMode), (128 bytes).
    Removing stm32f4xx_hal_pwr.o(i.HAL_PWR_EnterSTANDBYMode), (32 bytes).
    Removing stm32f4xx_hal_pwr.o(i.HAL_PWR_EnterSTOPMode), (156 bytes).
    Removing stm32f4xx_hal_pwr.o(i.HAL_PWR_PVDCallback), (2 bytes).
    Removing stm32f4xx_hal_pwr.o(i.HAL_PWR_PVD_IRQHandler), (28 bytes).
    Removing stm32f4xx_hal_tim.o(.rev16_text), (4 bytes).
    Removing stm32f4xx_hal_tim.o(.revsh_text), (4 bytes).
    Removing stm32f4xx_hal_tim.o(.rrx_text), (6 bytes).
    Removing stm32f4xx_hal_uart.o(.rev16_text), (4 bytes).
    Removing stm32f4xx_hal_uart.o(.revsh_text), (4 bytes).
    Removing stm32f4xx_hal_uart.o(.rrx_text), (6 bytes).
    Removing stm32f4xx_hal_uart.o(i.HAL_HalfDuplex_EnableReceiver), (50 bytes).
    Removing stm32f4xx_hal_uart.o(i.HAL_HalfDuplex_EnableTransmitter), (50 bytes).
    Removing stm32f4xx_hal_uart.o(i.HAL_HalfDuplex_Init), (252 bytes).
    Removing stm32f4xx_hal_uart.o(i.HAL_LIN_Init), (276 bytes).
    Removing stm32f4xx_hal_uart.o(i.HAL_LIN_SendBreak), (152 bytes).
    Removing stm32f4xx_hal_uart.o(i.HAL_MultiProcessor_EnterMuteMode), (152 bytes).
    Removing stm32f4xx_hal_uart.o(i.HAL_MultiProcessor_ExitMuteMode), (152 bytes).
    Removing stm32f4xx_hal_uart.o(i.HAL_MultiProcessor_Init), (316 bytes).
    Removing stm32f4xx_hal_uart.o(i.HAL_UART_Abort), (138 bytes).
    Removing stm32f4xx_hal_uart.o(i.HAL_UART_AbortCpltCallback), (2 bytes).
    Removing stm32f4xx_hal_uart.o(i.HAL_UART_AbortReceive), (88 bytes).
    Removing stm32f4xx_hal_uart.o(i.HAL_UART_AbortReceiveCpltCallback), (2 bytes).
    Removing stm32f4xx_hal_uart.o(i.HAL_UART_AbortReceive_IT), (92 bytes).
    Removing stm32f4xx_hal_uart.o(i.HAL_UART_AbortTransmit), (78 bytes).
    Removing stm32f4xx_hal_uart.o(i.HAL_UART_AbortTransmitCpltCallback), (2 bytes).
    Removing stm32f4xx_hal_uart.o(i.HAL_UART_AbortTransmit_IT), (84 bytes).
    Removing stm32f4xx_hal_uart.o(i.HAL_UART_Abort_IT), (172 bytes).
    Removing stm32f4xx_hal_uart.o(i.HAL_UART_DMAPause), (102 bytes).
    Removing stm32f4xx_hal_uart.o(i.HAL_UART_DMAResume), (94 bytes).
    Removing stm32f4xx_hal_uart.o(i.HAL_UART_DMAStop), (88 bytes).
    Removing stm32f4xx_hal_uart.o(i.HAL_UART_DeInit), (152 bytes).
    Removing stm32f4xx_hal_uart.o(i.HAL_UART_ErrorCallback), (2 bytes).
    Removing stm32f4xx_hal_uart.o(i.HAL_UART_GetError), (4 bytes).
    Removing stm32f4xx_hal_uart.o(i.HAL_UART_GetState), (10 bytes).
    Removing stm32f4xx_hal_uart.o(i.HAL_UART_IRQHandler), (272 bytes).
    Removing stm32f4xx_hal_uart.o(i.HAL_UART_MspDeInit), (2 bytes).
    Removing stm32f4xx_hal_uart.o(i.HAL_UART_MspInit), (2 bytes).
    Removing stm32f4xx_hal_uart.o(i.HAL_UART_Receive), (184 bytes).
    Removing stm32f4xx_hal_uart.o(i.HAL_UART_Receive_DMA), (152 bytes).
    Removing stm32f4xx_hal_uart.o(i.HAL_UART_Receive_IT), (82 bytes).
    Removing stm32f4xx_hal_uart.o(i.HAL_UART_RxCpltCallback), (2 bytes).
    Removing stm32f4xx_hal_uart.o(i.HAL_UART_RxHalfCpltCallback), (2 bytes).
    Removing stm32f4xx_hal_uart.o(i.HAL_UART_Transmit_DMA), (128 bytes).
    Removing stm32f4xx_hal_uart.o(i.HAL_UART_Transmit_IT), (62 bytes).
    Removing stm32f4xx_hal_uart.o(i.HAL_UART_TxCpltCallback), (2 bytes).
    Removing stm32f4xx_hal_uart.o(i.HAL_UART_TxHalfCpltCallback), (2 bytes).
    Removing stm32f4xx_hal_uart.o(i.UART_DMAAbortOnError), (16 bytes).
    Removing stm32f4xx_hal_uart.o(i.UART_DMAError), (74 bytes).
    Removing stm32f4xx_hal_uart.o(i.UART_DMAReceiveCplt), (60 bytes).
    Removing stm32f4xx_hal_uart.o(i.UART_DMARxAbortCallback), (42 bytes).
    Removing stm32f4xx_hal_uart.o(i.UART_DMARxHalfCplt), (10 bytes).
    Removing stm32f4xx_hal_uart.o(i.UART_DMARxOnlyAbortCallback), (20 bytes).
    Removing stm32f4xx_hal_uart.o(i.UART_DMATransmitCplt), (46 bytes).
    Removing stm32f4xx_hal_uart.o(i.UART_DMATxAbortCallback), (42 bytes).
    Removing stm32f4xx_hal_uart.o(i.UART_DMATxHalfCplt), (10 bytes).
    Removing stm32f4xx_hal_uart.o(i.UART_DMATxOnlyAbortCallback), (20 bytes).
    Removing stm32f4xx_hal_uart.o(i.UART_EndRxTransfer), (28 bytes).
    Removing stm32f4xx_hal_uart.o(i.UART_EndTxTransfer), (18 bytes).
    Removing stm32f4xx_hal_uart.o(i.UART_Receive_IT), (150 bytes).
    Removing stm32f4xx_hal_uart.o(i.UART_Transmit_IT), (98 bytes).
    Removing stm32f4xx_hal_pwr_ex.o(.rev16_text), (4 bytes).
    Removing stm32f4xx_hal_pwr_ex.o(.revsh_text), (4 bytes).
    Removing stm32f4xx_hal_pwr_ex.o(.rrx_text), (6 bytes).
    Removing stm32f4xx_hal_pwr_ex.o(i.HAL_PWREx_ControlVoltageScaling), (268 bytes).
    Removing stm32f4xx_hal_pwr_ex.o(i.HAL_PWREx_DisableBkUpReg), (60 bytes).
    Removing stm32f4xx_hal_pwr_ex.o(i.HAL_PWREx_DisableFlashPowerDown), (12 bytes).
    Removing stm32f4xx_hal_pwr_ex.o(i.HAL_PWREx_DisableLowRegulatorLowVoltage), (12 bytes).
    Removing stm32f4xx_hal_pwr_ex.o(i.HAL_PWREx_DisableMainRegulatorLowVoltage), (12 bytes).
    Removing stm32f4xx_hal_pwr_ex.o(i.HAL_PWREx_EnableBkUpReg), (60 bytes).
    Removing stm32f4xx_hal_pwr_ex.o(i.HAL_PWREx_EnableFlashPowerDown), (12 bytes).
    Removing stm32f4xx_hal_pwr_ex.o(i.HAL_PWREx_EnableLowRegulatorLowVoltage), (12 bytes).
    Removing stm32f4xx_hal_pwr_ex.o(i.HAL_PWREx_EnableMainRegulatorLowVoltage), (12 bytes).
    Removing stm32f4xx_hal_pwr_ex.o(i.HAL_PWREx_GetVoltageRange), (16 bytes).
    Removing stm32f4xx_hal_tim_ex.o(.rev16_text), (4 bytes).
    Removing stm32f4xx_hal_tim_ex.o(.revsh_text), (4 bytes).
    Removing stm32f4xx_hal_tim_ex.o(.rrx_text), (6 bytes).
    Removing bluenrg_gap_aci.o(.rev16_text), (4 bytes).
    Removing bluenrg_gap_aci.o(.revsh_text), (4 bytes).
    Removing bluenrg_gap_aci.o(.rrx_text), (6 bytes).
    Removing bluenrg_gap_aci.o(i.aci_gap_allow_rebond_IDB04A1), (56 bytes).
    Removing bluenrg_gap_aci.o(i.aci_gap_allow_rebond_IDB05A1), (68 bytes).
    Removing bluenrg_gap_aci.o(i.aci_gap_authorization_response), (72 bytes).
    Removing bluenrg_gap_aci.o(i.aci_gap_clear_security_database), (56 bytes).
    Removing bluenrg_gap_aci.o(i.aci_gap_configure_whitelist), (56 bytes).
    Removing bluenrg_gap_aci.o(i.aci_gap_create_connection), (132 bytes).
    Removing bluenrg_gap_aci.o(i.aci_gap_delete_ad_type), (66 bytes).
    Removing bluenrg_gap_aci.o(i.aci_gap_get_bonded_devices), (98 bytes).
    Removing bluenrg_gap_aci.o(i.aci_gap_get_security_level), (102 bytes).
    Removing bluenrg_gap_aci.o(i.aci_gap_init_IDB04A1), (104 bytes).
    Removing bluenrg_gap_aci.o(i.aci_gap_init_IDB05A1), (112 bytes).
    Removing bluenrg_gap_aci.o(i.aci_gap_is_device_bonded), (80 bytes).
    Removing bluenrg_gap_aci.o(i.aci_gap_pass_key_response), (76 bytes).
    Removing bluenrg_gap_aci.o(i.aci_gap_resolve_private_address_IDB04A1), (74 bytes).
    Removing bluenrg_gap_aci.o(i.aci_gap_resolve_private_address_IDB05A1), (94 bytes).
    Removing bluenrg_gap_aci.o(i.aci_gap_send_pairing_request), (76 bytes).
    Removing bluenrg_gap_aci.o(i.aci_gap_set_auth_requirement), (116 bytes).
    Removing bluenrg_gap_aci.o(i.aci_gap_set_author_requirement), (72 bytes).
    Removing bluenrg_gap_aci.o(i.aci_gap_set_broadcast_mode), (154 bytes).
    Removing bluenrg_gap_aci.o(i.aci_gap_set_direct_connectable_IDB04A1), (84 bytes).
    Removing bluenrg_gap_aci.o(i.aci_gap_set_direct_connectable_IDB05A1), (100 bytes).
    Removing bluenrg_gap_aci.o(i.aci_gap_set_discoverable), (204 bytes).
    Removing bluenrg_gap_aci.o(i.aci_gap_set_io_capability), (66 bytes).
    Removing bluenrg_gap_aci.o(i.aci_gap_set_limited_discoverable), (194 bytes).
    Removing bluenrg_gap_aci.o(i.aci_gap_set_non_connectable_IDB04A1), (66 bytes).
    Removing bluenrg_gap_aci.o(i.aci_gap_set_non_connectable_IDB05A1), (72 bytes).
    Removing bluenrg_gap_aci.o(i.aci_gap_set_non_discoverable), (56 bytes).
    Removing bluenrg_gap_aci.o(i.aci_gap_set_undirected_connectable), (72 bytes).
    Removing bluenrg_gap_aci.o(i.aci_gap_slave_security_request), (80 bytes).
    Removing bluenrg_gap_aci.o(i.aci_gap_start_auto_conn_establish_proc_IDB04A1), (240 bytes).
    Removing bluenrg_gap_aci.o(i.aci_gap_start_auto_conn_establish_proc_IDB05A1), (220 bytes).
    Removing bluenrg_gap_aci.o(i.aci_gap_start_connection_update), (104 bytes).
    Removing bluenrg_gap_aci.o(i.aci_gap_start_general_conn_establish_proc_IDB04A1), (110 bytes).
    Removing bluenrg_gap_aci.o(i.aci_gap_start_general_conn_establish_proc_IDB05A1), (90 bytes).
    Removing bluenrg_gap_aci.o(i.aci_gap_start_general_discovery_proc), (84 bytes).
    Removing bluenrg_gap_aci.o(i.aci_gap_start_limited_discovery_proc), (84 bytes).
    Removing bluenrg_gap_aci.o(i.aci_gap_start_name_discovery_proc), (132 bytes).
    Removing bluenrg_gap_aci.o(i.aci_gap_start_observation_procedure), (90 bytes).
    Removing bluenrg_gap_aci.o(i.aci_gap_start_selective_conn_establish_proc), (124 bytes).
    Removing bluenrg_gap_aci.o(i.aci_gap_terminate), (76 bytes).
    Removing bluenrg_gap_aci.o(i.aci_gap_terminate_gap_procedure), (62 bytes).
    Removing bluenrg_gap_aci.o(i.aci_gap_update_adv_data), (88 bytes).
    Removing bluenrg_gatt_aci.o(.rev16_text), (4 bytes).
    Removing bluenrg_gatt_aci.o(.revsh_text), (4 bytes).
    Removing bluenrg_gatt_aci.o(.rrx_text), (6 bytes).
    Removing bluenrg_gatt_aci.o(i.aci_att_execute_write_req), (74 bytes).
    Removing bluenrg_gatt_aci.o(i.aci_att_find_by_type_value_req), (112 bytes).
    Removing bluenrg_gatt_aci.o(i.aci_att_find_information_req), (78 bytes).
    Removing bluenrg_gatt_aci.o(i.aci_att_prepare_write_req), (104 bytes).
    Removing bluenrg_gatt_aci.o(i.aci_att_read_by_group_type_req), (104 bytes).
    Removing bluenrg_gatt_aci.o(i.aci_att_read_by_type_req), (104 bytes).
    Removing bluenrg_gatt_aci.o(i.aci_gatt_add_char), (182 bytes).
    Removing bluenrg_gatt_aci.o(i.aci_gatt_add_char_desc), (228 bytes).
    Removing bluenrg_gatt_aci.o(i.aci_gatt_add_serv), (124 bytes).
    Removing bluenrg_gatt_aci.o(i.aci_gatt_allow_read), (70 bytes).
    Removing bluenrg_gatt_aci.o(i.aci_gatt_confirm_indication), (70 bytes).
    Removing bluenrg_gatt_aci.o(i.aci_gatt_del_char), (74 bytes).
    Removing bluenrg_gatt_aci.o(i.aci_gatt_del_include_service), (74 bytes).
    Removing bluenrg_gatt_aci.o(i.aci_gatt_del_service), (70 bytes).
    Removing bluenrg_gatt_aci.o(i.aci_gatt_disc_all_charac_descriptors), (82 bytes).
    Removing bluenrg_gatt_aci.o(i.aci_gatt_disc_all_charac_of_serv), (82 bytes).
    Removing bluenrg_gatt_aci.o(i.aci_gatt_disc_all_prim_services), (74 bytes).
    Removing bluenrg_gatt_aci.o(i.aci_gatt_disc_charac_by_uuid), (136 bytes).
    Removing bluenrg_gatt_aci.o(i.aci_gatt_disc_prim_service_by_uuid), (100 bytes).
    Removing bluenrg_gatt_aci.o(i.aci_gatt_exchange_configuration), (74 bytes).
    Removing bluenrg_gatt_aci.o(i.aci_gatt_find_included_services), (82 bytes).
    Removing bluenrg_gatt_aci.o(i.aci_gatt_include_service), (140 bytes).
    Removing bluenrg_gatt_aci.o(i.aci_gatt_init), (58 bytes).
    Removing bluenrg_gatt_aci.o(i.aci_gatt_read_charac_desc), (78 bytes).
    Removing bluenrg_gatt_aci.o(i.aci_gatt_read_charac_val), (78 bytes).
    Removing bluenrg_gatt_aci.o(i.aci_gatt_read_handle_value), (110 bytes).
    Removing bluenrg_gatt_aci.o(i.aci_gatt_read_handle_value_offset_IDB05A1), (114 bytes).
    Removing bluenrg_gatt_aci.o(i.aci_gatt_read_long_charac_desc), (82 bytes).
    Removing bluenrg_gatt_aci.o(i.aci_gatt_read_long_charac_val), (82 bytes).
    Removing bluenrg_gatt_aci.o(i.aci_gatt_read_multiple_charac_val), (108 bytes).
    Removing bluenrg_gatt_aci.o(i.aci_gatt_read_using_charac_uuid), (104 bytes).
    Removing bluenrg_gatt_aci.o(i.aci_gatt_set_desc_value), (144 bytes).
    Removing bluenrg_gatt_aci.o(i.aci_gatt_set_event_mask), (68 bytes).
    Removing bluenrg_gatt_aci.o(i.aci_gatt_set_security_permission), (78 bytes).
    Removing bluenrg_gatt_aci.o(i.aci_gatt_signed_write_without_resp), (98 bytes).
    Removing bluenrg_gatt_aci.o(i.aci_gatt_update_char_value), (122 bytes).
    Removing bluenrg_gatt_aci.o(i.aci_gatt_update_char_value_ext_IDB05A1), (116 bytes).
    Removing bluenrg_gatt_aci.o(i.aci_gatt_write_charac_descriptor), (120 bytes).
    Removing bluenrg_gatt_aci.o(i.aci_gatt_write_charac_reliable), (108 bytes).
    Removing bluenrg_gatt_aci.o(i.aci_gatt_write_charac_value), (120 bytes).
    Removing bluenrg_gatt_aci.o(i.aci_gatt_write_long_charac_desc), (108 bytes).
    Removing bluenrg_gatt_aci.o(i.aci_gatt_write_long_charac_val), (108 bytes).
    Removing bluenrg_gatt_aci.o(i.aci_gatt_write_response), (128 bytes).
    Removing bluenrg_gatt_aci.o(i.aci_gatt_write_without_response), (98 bytes).
    Removing bluenrg_hal_aci.o(.rev16_text), (4 bytes).
    Removing bluenrg_hal_aci.o(.revsh_text), (4 bytes).
    Removing bluenrg_hal_aci.o(.rrx_text), (6 bytes).
    Removing bluenrg_hal_aci.o(i.aci_hal_device_standby), (56 bytes).
    Removing bluenrg_hal_aci.o(i.aci_hal_get_anchor_period), (78 bytes).
    Removing bluenrg_hal_aci.o(i.aci_hal_get_fw_build_number), (70 bytes).
    Removing bluenrg_hal_aci.o(i.aci_hal_get_link_status), (98 bytes).
    Removing bluenrg_hal_aci.o(i.aci_hal_le_tx_test_packet_number), (70 bytes).
    Removing bluenrg_hal_aci.o(i.aci_hal_read_config_data), (102 bytes).
    Removing bluenrg_hal_aci.o(i.aci_hal_set_tx_power_level), (72 bytes).
    Removing bluenrg_hal_aci.o(i.aci_hal_tone_start), (66 bytes).
    Removing bluenrg_hal_aci.o(i.aci_hal_tone_stop), (56 bytes).
    Removing bluenrg_hal_aci.o(i.aci_hal_write_config_data), (94 bytes).
    Removing bluenrg_l2cap_aci.o(.rev16_text), (4 bytes).
    Removing bluenrg_l2cap_aci.o(.revsh_text), (4 bytes).
    Removing bluenrg_l2cap_aci.o(.rrx_text), (6 bytes).
    Removing bluenrg_l2cap_aci.o(i.aci_l2cap_connection_parameter_update_request), (92 bytes).
    Removing bluenrg_l2cap_aci.o(i.aci_l2cap_connection_parameter_update_response_IDB04A1), (102 bytes).
    Removing bluenrg_l2cap_aci.o(i.aci_l2cap_connection_parameter_update_response_IDB05A1), (110 bytes).
    Removing bluenrg_updater_aci.o(.rev16_text), (4 bytes).
    Removing bluenrg_updater_aci.o(.revsh_text), (4 bytes).
    Removing bluenrg_updater_aci.o(.rrx_text), (6 bytes).
    Removing bluenrg_updater_aci.o(i.aci_erase_blue_flag), (56 bytes).
    Removing bluenrg_updater_aci.o(i.aci_get_updater_buffer_size), (68 bytes).
    Removing bluenrg_updater_aci.o(i.aci_get_updater_version), (68 bytes).
    Removing bluenrg_updater_aci.o(i.aci_reset_blue_flag), (56 bytes).
    Removing bluenrg_updater_aci.o(i.aci_updater_calc_crc), (82 bytes).
    Removing bluenrg_updater_aci.o(i.aci_updater_erase_sector), (66 bytes).
    Removing bluenrg_updater_aci.o(i.aci_updater_hw_version), (68 bytes).
    Removing bluenrg_updater_aci.o(i.aci_updater_program_data_block), (92 bytes).
    Removing bluenrg_updater_aci.o(i.aci_updater_read_data_block), (92 bytes).
    Removing bluenrg_updater_aci.o(i.aci_updater_reboot), (54 bytes).
    Removing bluenrg_updater_aci.o(i.aci_updater_start), (54 bytes).
    Removing bluenrg_utils_small.o(.rev16_text), (4 bytes).
    Removing bluenrg_utils_small.o(.revsh_text), (4 bytes).
    Removing bluenrg_utils_small.o(.rrx_text), (6 bytes).
    Removing bluenrg_utils_small.o(i.getBlueNRGVersion), (76 bytes).
    Removing hci_tl.o(.rev16_text), (4 bytes).
    Removing hci_tl.o(.revsh_text), (4 bytes).
    Removing hci_tl.o(.rrx_text), (6 bytes).
    Removing hci_tl.o(i.hci_init), (92 bytes).
    Removing hci_tl.o(i.hci_notify_asynch_evt), (96 bytes).
    Removing hci_tl.o(i.hci_register_io_bus), (28 bytes).
    Removing hci_tl.o(i.hci_send_req), (392 bytes).
    Removing hci_tl.o(i.hci_user_evt_proc), (60 bytes).
    Removing hci_tl.o(i.move_list), (36 bytes).
    Removing hci_tl.o(.bss), (732 bytes).
    Removing hci_tl.o(.data), (16 bytes).
    Removing hci_le.o(.rev16_text), (4 bytes).
    Removing hci_le.o(.revsh_text), (4 bytes).
    Removing hci_le.o(.rrx_text), (6 bytes).
    Removing hci_le.o(i.hci_disconnect), (74 bytes).
    Removing hci_le.o(i.hci_le_add_device_to_white_list), (80 bytes).
    Removing hci_le.o(i.hci_le_clear_white_list), (56 bytes).
    Removing hci_le.o(i.hci_le_create_connection), (168 bytes).
    Removing hci_le.o(i.hci_le_create_connection_cancel), (56 bytes).
    Removing hci_le.o(i.hci_le_encrypt), (114 bytes).
    Removing hci_le.o(i.hci_le_ltk_request_neg_reply), (74 bytes).
    Removing hci_le.o(i.hci_le_ltk_request_reply), (84 bytes).
    Removing hci_le.o(i.hci_le_rand), (88 bytes).
    Removing hci_le.o(i.hci_le_read_advertising_channel_tx_power), (78 bytes).
    Removing hci_le.o(i.hci_le_read_buffer_size), (86 bytes).
    Removing hci_le.o(i.hci_le_read_channel_map), (92 bytes).
    Removing hci_le.o(i.hci_le_read_local_supported_features), (84 bytes).
    Removing hci_le.o(i.hci_le_read_local_version), (124 bytes).
    Removing hci_le.o(i.hci_le_read_supported_states), (84 bytes).
    Removing hci_le.o(i.hci_le_read_white_list_size), (74 bytes).
    Removing hci_le.o(i.hci_le_receiver_test), (66 bytes).
    Removing hci_le.o(i.hci_le_remove_device_from_white_list), (80 bytes).
    Removing hci_le.o(i.hci_le_set_advertise_enable), (74 bytes).
    Removing hci_le.o(i.hci_le_set_advertising_data), (94 bytes).
    Removing hci_le.o(i.hci_le_set_advertising_parameters), (134 bytes).
    Removing hci_le.o(i.hci_le_set_random_address), (80 bytes).
    Removing hci_le.o(i.hci_le_set_scan_enable), (80 bytes).
    Removing hci_le.o(i.hci_le_set_scan_parameters), (92 bytes).
    Removing hci_le.o(i.hci_le_set_scan_resp_data), (96 bytes).
    Removing hci_le.o(i.hci_le_test_end), (74 bytes).
    Removing hci_le.o(i.hci_le_transmitter_test), (76 bytes).
    Removing hci_le.o(i.hci_read_bd_addr), (86 bytes).
    Removing hci_le.o(i.hci_read_rssi), (94 bytes).
    Removing hci_le.o(i.hci_read_transmit_power_level), (98 bytes).
    Removing hci_le.o(i.hci_reset), (54 bytes).
    Removing ble_list.o(.rev16_text), (4 bytes).
    Removing ble_list.o(.revsh_text), (4 bytes).
    Removing ble_list.o(.rrx_text), (6 bytes).
    Removing ble_list.o(i.list_get_next_node), (16 bytes).
    Removing ble_list.o(i.list_get_prev_node), (16 bytes).
    Removing ble_list.o(i.list_get_size), (28 bytes).
    Removing ble_list.o(i.list_init_head), (6 bytes).
    Removing ble_list.o(i.list_insert_head), (24 bytes).
    Removing ble_list.o(i.list_insert_node_after), (24 bytes).
    Removing ble_list.o(i.list_insert_node_before), (24 bytes).
    Removing ble_list.o(i.list_insert_tail), (24 bytes).
    Removing ble_list.o(i.list_is_empty), (24 bytes).
    Removing ble_list.o(i.list_remove_head), (36 bytes).
    Removing ble_list.o(i.list_remove_node), (22 bytes).
    Removing ble_list.o(i.list_remove_tail), (36 bytes).

633 unused section(s) (total 41795 bytes) removed from the image.
