Component: ARM Compiler 5.06 update 6 (build 750) Tool: armlink [4d35ed]

==============================================================================

Section Cross References

    main.o(i.MX_GPIO_Init) refers to stm32f4xx_hal_gpio.o(i.HAL_GPIO_Init) for HAL_GPIO_Init
    main.o(i.MX_GPIO_Init) refers to stm32f4xx_hal_gpio.o(i.HAL_GPIO_WritePin) for HAL_GPIO_WritePin
    main.o(i.MX_GPIO_Init) refers to stm32f4xx_hal_cortex.o(i.HAL_NVIC_SetPriority) for HAL_NVIC_SetPriority
    main.o(i.MX_GPIO_Init) refers to stm32f4xx_hal_cortex.o(i.HAL_NVIC_EnableIRQ) for HAL_NVIC_EnableIRQ
    main.o(i.MX_SPI1_Init) refers to stm32f4xx_hal_spi.o(i.HAL_SPI_Init) for HAL_SPI_Init
    main.o(i.MX_SPI1_Init) refers to main.o(.bss) for .bss
    main.o(i.SystemClock_Config) refers to rt_memclr_w.o(.text) for __aeabi_memclr4
    main.o(i.SystemClock_Config) refers to stm32f4xx_hal_rcc.o(i.HAL_RCC_OscConfig) for HAL_RCC_OscConfig
    main.o(i.SystemClock_Config) refers to stm32f4xx_hal_rcc.o(i.HAL_RCC_ClockConfig) for HAL_RCC_ClockConfig
    main.o(i.main) refers to stm32f4xx_hal.o(i.HAL_Init) for HAL_Init
    main.o(i.main) refers to main.o(i.SystemClock_Config) for SystemClock_Config
    main.o(i.main) refers to main.o(i.MX_GPIO_Init) for MX_GPIO_Init
    main.o(i.main) refers to stm32f4xx_hal_uart.o(i.HAL_UART_Init) for HAL_UART_Init
    main.o(i.main) refers to main.o(i.MX_SPI1_Init) for MX_SPI1_Init
    main.o(i.main) refers to spi.o(i.SpiInit) for SpiInit
    main.o(i.main) refers to logger.o(i.logUsartInit) for logUsartInit
    main.o(i.main) refers to logger.o(i.logUsart) for logUsart
    main.o(i.main) refers to rfal_analogconfig.o(i.rfalAnalogConfigInitialize) for rfalAnalogConfigInitialize
    main.o(i.main) refers to rfal_rfst25r3911.o(i.rfalInitialize) for rfalInitialize
    main.o(i.main) refers to stm32f4xx_hal_gpio.o(i.HAL_GPIO_TogglePin) for HAL_GPIO_TogglePin
    main.o(i.main) refers to stm32f4xx_hal.o(i.HAL_Delay) for HAL_Delay
    main.o(i.main) refers to stm32f4xx_hal_gpio.o(i.HAL_GPIO_WritePin) for HAL_GPIO_WritePin
    main.o(i.main) refers to rfal_rfst25r3911.o(i.rfalWorker) for rfalWorker
    main.o(i.main) refers to demo.o(i.demoCycle) for demoCycle
    main.o(i.main) refers to main.o(.bss) for .bss
    demo.o(i.demoActivateP2P) refers to rfal_nfcdep.o(i.rfalNfcDepInitialize) for rfalNfcDepInitialize
    demo.o(i.demoActivateP2P) refers to rfal_nfcdep.o(i.rfalNfcDepInitiatorHandleActivation) for rfalNfcDepInitiatorHandleActivation
    demo.o(i.demoActivateP2P) refers to demo.o(.data) for .data
    demo.o(i.demoCycle) refers to stm32f4xx_hal_gpio.o(i.HAL_GPIO_ReadPin) for HAL_GPIO_ReadPin
    demo.o(i.demoCycle) refers to rfal_rfst25r3911.o(i.rfalWakeUpModeHasWoke) for rfalWakeUpModeHasWoke
    demo.o(i.demoCycle) refers to rfal_rfst25r3911.o(i.rfalWakeUpModeStop) for rfalWakeUpModeStop
    demo.o(i.demoCycle) refers to stm32f4xx_hal_gpio.o(i.HAL_GPIO_WritePin) for HAL_GPIO_WritePin
    demo.o(i.demoCycle) refers to rfal_rfst25r3911.o(i.rfalFieldOff) for rfalFieldOff
    demo.o(i.demoCycle) refers to stm32f4xx_hal.o(i.HAL_Delay) for HAL_Delay
    demo.o(i.demoCycle) refers to logger.o(i.logUsart) for logUsart
    demo.o(i.demoCycle) refers to rfal_rfst25r3911.o(i.rfalWakeUpModeStart) for rfalWakeUpModeStart
    demo.o(i.demoCycle) refers to demo.o(i.demoPollAP2P) for demoPollAP2P
    demo.o(i.demoCycle) refers to demo.o(i.demoPollNFCA) for demoPollNFCA
    demo.o(i.demoCycle) refers to demo.o(i.demoPollNFCB) for demoPollNFCB
    demo.o(i.demoCycle) refers to rfal_st25tb.o(i.rfalSt25tbPollerInitialize) for rfalSt25tbPollerInitialize
    demo.o(i.demoCycle) refers to rfal_rfst25r3911.o(i.rfalFieldOnAndStartGT) for rfalFieldOnAndStartGT
    demo.o(i.demoCycle) refers to rfal_st25tb.o(i.rfalSt25tbPollerCheckPresence) for rfalSt25tbPollerCheckPresence
    demo.o(i.demoCycle) refers to rfal_st25tb.o(i.rfalSt25tbPollerCollisionResolution) for rfalSt25tbPollerCollisionResolution
    demo.o(i.demoCycle) refers to logger.o(i.hex2Str) for hex2Str
    demo.o(i.demoCycle) refers to demo.o(i.demoPollNFCF) for demoPollNFCF
    demo.o(i.demoCycle) refers to demo.o(i.demoPollNFCV) for demoPollNFCV
    demo.o(i.demoCycle) refers to demo.o(.data) for .data
    demo.o(i.demoIsoDepBlockingTxRx) refers to rt_memmove_v6.o(.text) for __aeabi_memmove
    demo.o(i.demoIsoDepBlockingTxRx) refers to rt_memcpy_w.o(.text) for __aeabi_memcpy4
    demo.o(i.demoIsoDepBlockingTxRx) refers to rfal_isodep.o(i.rfalIsoDepStartApduTransceive) for rfalIsoDepStartApduTransceive
    demo.o(i.demoIsoDepBlockingTxRx) refers to rfal_rfst25r3911.o(i.rfalWorker) for rfalWorker
    demo.o(i.demoIsoDepBlockingTxRx) refers to rfal_isodep.o(i.rfalIsoDepGetApduTransceiveStatus) for rfalIsoDepGetApduTransceiveStatus
    demo.o(i.demoIsoDepBlockingTxRx) refers to logger.o(i.hex2Str) for hex2Str
    demo.o(i.demoIsoDepBlockingTxRx) refers to logger.o(i.logUsart) for logUsart
    demo.o(i.demoIsoDepBlockingTxRx) refers to demo.o(.bss) for .bss
[...]
    DMA2_Stream2_IRQHandler                  0x080002fb   Thumb Code     0  startup_stm32f401xe.o(.text)
    DMA2_Stream3_IRQHandler                  0x080002fb   Thumb Code     0  startup_stm32f401xe.o(.text)
    DMA2_Stream4_IRQHandler                  0x080002fb   Thumb Code     0  startup_stm32f401xe.o(.text)
    DMA2_Stream5_IRQHandler                  0x080002fb   Thumb Code     0  startup_stm32f401xe.o(.text)
    DMA2_Stream6_IRQHandler                  0x080002fb   Thumb Code     0  startup_stm32f401xe.o(.text)
    DMA2_Stream7_IRQHandler                  0x080002fb   Thumb Code     0  startup_stm32f401xe.o(.text)
    EXTI15_10_IRQHandler                     0x080002fb   Thumb Code     0  startup_stm32f401xe.o(.text)
    EXTI1_IRQHandler                         0x080002fb   Thumb Code     0  startup_stm32f401xe.o(.text)
    EXTI2_IRQHandler                         0x080002fb   Thumb Code     0  startup_stm32f401xe.o(.text)
    EXTI3_IRQHandler                         0x080002fb   Thumb Code     0  startup_stm32f401xe.o(.text)
    EXTI4_IRQHandler                         0x080002fb   Thumb Code     0  startup_stm32f401xe.o(.text)
    EXTI9_5_IRQHandler                       0x080002fb   Thumb Code     0  startup_stm32f401xe.o(.text)
    FLASH_IRQHandler                         0x080002fb   Thumb Code     0  startup_stm32f401xe.o(.text)
    FPU_IRQHandler                           0x080002fb   Thumb Code     0  startup_stm32f401xe.o(.text)
    I2C1_ER_IRQHandler                       0x080002fb   Thumb Code     0  startup_stm32f401xe.o(.text)
    I2C1_EV_IRQHandler                       0x080002fb   Thumb Code     0  startup_stm32f401xe.o(.text)
    I2C2_ER_IRQHandler                       0x080002fb   Thumb Code     0  startup_stm32f401xe.o(.text)
    I2C2_EV_IRQHandler                       0x080002fb   Thumb Code     0  startup_stm32f401xe.o(.text)
    I2C3_ER_IRQHandler                       0x080002fb   Thumb Code     0  startup_stm32f401xe.o(.text)
    I2C3_EV_IRQHandler                       0x080002fb   Thumb Code     0  startup_stm32f401xe.o(.text)
    OTG_FS_IRQHandler                        0x080002fb   Thumb Code     0  startup_stm32f401xe.o(.text)
    OTG_FS_WKUP_IRQHandler                   0x080002fb   Thumb Code     0  startup_stm32f401xe.o(.text)
    PVD_IRQHandler                           0x080002fb   Thumb Code     0  startup_stm32f401xe.o(.text)
    RCC_IRQHandler                           0x080002fb   Thumb Code     0  startup_stm32f401xe.o(.text)
    RTC_Alarm_IRQHandler                     0x080002fb   Thumb Code     0  startup_stm32f401xe.o(.text)
    RTC_WKUP_IRQHandler                      0x080002fb   Thumb Code     0  startup_stm32f401xe.o(.text)
    SDIO_IRQHandler                          0x080002fb   Thumb Code     0  startup_stm32f401xe.o(.text)
    SPI1_IRQHandler                          0x080002fb   Thumb Code     0  startup_stm32f401xe.o(.text)
    SPI2_IRQHandler                          0x080002fb   Thumb Code     0  startup_stm32f401xe.o(.text)
    SPI3_IRQHandler                          0x080002fb   Thumb Code     0  startup_stm32f401xe.o(.text)
    SPI4_IRQHandler                          0x080002fb   Thumb Code     0  startup_stm32f401xe.o(.text)
    TAMP_STAMP_IRQHandler                    0x080002fb   Thumb Code     0  startup_stm32f401xe.o(.text)
    TIM1_BRK_TIM9_IRQHandler                 0x080002fb   Thumb Code     0  startup_stm32f401xe.o(.text)
    TIM1_CC_IRQHandler                       0x080002fb   Thumb Code     0  startup_stm32f401xe.o(.text)
    TIM1_TRG_COM_TIM11_IRQHandler            0x080002fb   Thumb Code     0  startup_stm32f401xe.o(.text)
    TIM1_UP_TIM10_IRQHandler                 0x080002fb   Thumb Code     0  startup_stm32f401xe.o(.text)
    TIM2_IRQHandler                          0x080002fb   Thumb Code     0  startup_stm32f401xe.o(.text)
    TIM3_IRQHandler                          0x080002fb   Thumb Code     0  startup_stm32f401xe.o(.text)
    TIM4_IRQHandler                          0x080002fb   Thumb Code     0  startup_stm32f401xe.o(.text)
    TIM5_IRQHandler                          0x080002fb   Thumb Code     0  startup_stm32f401xe.o(.text)
    USART1_IRQHandler                        0x080002fb   Thumb Code     0  startup_stm32f401xe.o(.text)
    USART2_IRQHandler                        0x080002fb   Thumb Code     0  startup_stm32f401xe.o(.text)
    USART6_IRQHandler                        0x080002fb   Thumb Code     0  startup_stm32f401xe.o(.text)
    WWDG_IRQHandler                          0x080002fb   Thumb Code     0  startup_stm32f401xe.o(.text)
    __user_initial_stackheap                 0x080002fd   Thumb Code     0  startup_stm32f401xe.o(.text)
    __aeabi_uldivmod                         0x08000321   Thumb Code     0  lludivv7m.o(.text)
    _ll_udiv                                 0x08000321   Thumb Code   238  lludivv7m.o(.text)
    vsnprintf                                0x08000411   Thumb Code    48  vsnprintf.o(.text)
    memcmp                                   0x08000445   Thumb Code    88  memcmp.o(.text)
    strlen                                   0x0800049d   Thumb Code    62  strlen.o(.text)
    __aeabi_memcpy                           0x080004db   Thumb Code     0  rt_memcpy_v6.o(.text)
    __rt_memcpy                              0x080004db   Thumb Code   138  rt_memcpy_v6.o(.text)
    _memcpy_lastbytes                        0x08000541   Thumb Code     0  rt_memcpy_v6.o(.text)
    __aeabi_memmove                          0x08000565   Thumb Code     0  rt_memmove_v6.o(.text)
    __rt_memmove                             0x08000565   Thumb Code   132  rt_memmove_v6.o(.text)
    __memmove_lastfew                        0x080005c5   Thumb Code     0  rt_memmove_v6.o(.text)
    __aeabi_memcpy4                          0x080005e9   Thumb Code     0  rt_memcpy_w.o(.text)
    __aeabi_memcpy8                          0x080005e9   Thumb Code     0  rt_memcpy_w.o(.text)
    __rt_memcpy_w                            0x080005e9   Thumb Code   100  rt_memcpy_w.o(.text)
    _memcpy_lastbytes_aligned                0x08000631   Thumb Code     0  rt_memcpy_w.o(.text)
    __aeabi_memset                           0x0800064d   Thumb Code    16  aeabi_memset.o(.text)
    __aeabi_memclr                           0x0800065d   Thumb Code     0  rt_memclr.o(.text)
    __rt_memclr                              0x0800065d   Thumb Code    68  rt_memclr.o(.text)
    _memset                                  0x08000661   Thumb Code     0  rt_memclr.o(.text)
    __aeabi_memclr4                          0x080006a1   Thumb Code     0  rt_memclr_w.o(.text)
    __aeabi_memclr8                          0x080006a1   Thumb Code     0  rt_memclr_w.o(.text)
    __rt_memclr_w                            0x080006a1   Thumb Code    78  rt_memclr_w.o(.text)
    _memset_w                                0x080006a5   Thumb Code     0  rt_memclr_w.o(.text)
    __use_two_region_memory                  0x080006ef   Thumb Code     2  heapauxi.o(.text)
    __rt_heap_escrow$2region                 0x080006f1   Thumb Code     2  heapauxi.o(.text)
    __rt_heap_expand$2region                 0x080006f3   Thumb Code     2  heapauxi.o(.text)
    _printf_pre_padding                      0x080006f5   Thumb Code    44  _printf_pad.o(.text)
    _printf_post_padding                     0x08000721   Thumb Code    34  _printf_pad.o(.text)
    _printf_truncate_signed                  0x08000743   Thumb Code    18  _printf_truncate.o(.text)
    _printf_truncate_unsigned                0x08000755   Thumb Code    18  _printf_truncate.o(.text)
    _printf_str                              0x08000767   Thumb Code    82  _printf_str.o(.text)
    _printf_int_dec                          0x080007b9   Thumb Code   104  _printf_dec.o(.text)
    _printf_charcount                        0x08000831   Thumb Code    40  _printf_charcount.o(.text)
    _printf_char_common                      0x08000863   Thumb Code    32  _printf_char_common.o(.text)
    _sputc                                   0x08000889   Thumb Code    10  _sputc.o(.text)
    _snputc                                  0x08000893   Thumb Code    16  _snputc.o(.text)
    _printf_wctomb                           0x080008a5   Thumb Code   182  _printf_wctomb.o(.text)
    _printf_longlong_dec                     0x08000961   Thumb Code   108  _printf_longlong_dec.o(.text)
    _printf_longlong_oct                     0x080009dd   Thumb Code    66  _printf_oct_int_ll.o(.text)
    _printf_int_oct                          0x08000a1f   Thumb Code    24  _printf_oct_int_ll.o(.text)
    _printf_ll_oct                           0x08000a37   Thumb Code    12  _printf_oct_int_ll.o(.text)
    _printf_longlong_hex                     0x08000a4d   Thumb Code    86  _printf_hex_int_ll_ptr.o(.text)
    _printf_int_hex                          0x08000aa3   Thumb Code    28  _printf_hex_int_ll_ptr.o(.text)
    _printf_ll_hex                           0x08000abf   Thumb Code    12  _printf_hex_int_ll_ptr.o(.text)
    _printf_hex_ptr                          0x08000acb   Thumb Code    18  _printf_hex_int_ll_ptr.o(.text)
    __printf                                 0x08000ae1   Thumb Code   388  __printf_flags_ss_wp.o(.text)
    __aeabi_memmove4                         0x08000c69   Thumb Code     0  rt_memmove_w.o(.text)
    __aeabi_memmove8                         0x08000c69   Thumb Code     0  rt_memmove_w.o(.text)
    __rt_memmove_w                           0x08000c69   Thumb Code   122  rt_memmove_w.o(.text)
    __memmove_aligned                        0x08000c8f   Thumb Code     0  rt_memmove_w.o(.text)
    __memmove_lastfew_aligned                0x08000cc7   Thumb Code     0  rt_memmove_w.o(.text)
    _ll_udiv10                               0x08000ce3   Thumb Code   138  lludiv10.o(.text)
    _printf_int_common                       0x08000d6d   Thumb Code   178  _printf_intcommon.o(.text)
    __lib_sel_fp_printf                      0x08000e1f   Thumb Code     2  _printf_fp_dec.o(.text)
    _printf_fp_dec_real                      0x08000fd1   Thumb Code   620  _printf_fp_dec.o(.text)
    _printf_fp_hex_real                      0x0800123d   Thumb Code   756  _printf_fp_hex.o(.text)
    _printf_cs_common                        0x08001539   Thumb Code    20  _printf_char.o(.text)
    _printf_char                             0x0800154d   Thumb Code    16  _printf_char.o(.text)
    _printf_string                           0x0800155d   Thumb Code     8  _printf_char.o(.text)
    _printf_lcs_common                       0x08001565   Thumb Code    20  _printf_wchar.o(.text)
    _printf_wchar                            0x08001579   Thumb Code    16  _printf_wchar.o(.text)
    _printf_wstring                          0x08001589   Thumb Code     8  _printf_wchar.o(.text)
    _wcrtomb                                 0x08001591   Thumb Code    64  _wcrtomb.o(.text)
    __user_setup_stackheap                   0x080015d1   Thumb Code    74  sys_stackheap_outer.o(.text)
    __rt_ctype_table                         0x0800161d   Thumb Code    16  rt_ctype_table.o(.text)
    __rt_locale                              0x0800162d   Thumb Code     8  rt_locale_intlibspace.o(.text)
    _printf_fp_infnan                        0x08001635   Thumb Code   112  _printf_fp_infnan.o(.text)
    _btod_etento                             0x080016b5   Thumb Code   224  bigflt0.o(.text)
    exit                                     0x08001799   Thumb Code    18  exit.o(.text)
    __user_libspace                          0x080017ad   Thumb Code     8  libspace.o(.text)
    __user_perproc_libspace                  0x080017ad   Thumb Code     0  libspace.o(.text)
    __user_perthread_libspace                0x080017ad   Thumb Code     0  libspace.o(.text)
    strcmp                                   0x080017b5   Thumb Code   128  strcmpv7m.o(.text)
    _sys_exit                                0x08001835   Thumb Code     8  sys_exit.o(.text)
    __I$use$semihosting                      0x08001841   Thumb Code     0  use_no_semi.o(.text)
    __use_no_semihosting_swi                 0x08001841   Thumb Code     2  use_no_semi.o(.text)
    __semihosting_library_function           0x08001843   Thumb Code     0  indicate_semi.o(.text)
    _btod_d2e                                0x08001843   Thumb Code    62  btod.o(CL$$btod_d2e)
    _d2e_denorm_low                          0x08001881   Thumb Code    70  btod.o(CL$$btod_d2e_denorm_low)
    _d2e_norm_op1                            0x080018c7   Thumb Code    96  btod.o(CL$$btod_d2e_norm_op1)
    __btod_div_common                        0x08001927   Thumb Code   696  btod.o(CL$$btod_div_common)
    _e2e                                     0x08001c5f   Thumb Code   220  btod.o(CL$$btod_e2e)
    _btod_ediv                               0x08001d3b   Thumb Code    42  btod.o(CL$$btod_ediv)
    _btod_emul                               0x08001d65   Thumb Code    42  btod.o(CL$$btod_emul)
    __btod_mult_common                       0x08001d8f   Thumb Code   580  btod.o(CL$$btod_mult_common)
    EXTI0_IRQHandler                         0x08001fd3   Thumb Code    16  stm32f4xx_it.o(i.EXTI0_IRQHandler)
    HAL_Delay                                0x08001fe5   Thumb Code    32  stm32f4xx_hal.o(i.HAL_Delay)
    HAL_GPIO_EXTI_Callback                   0x08002009   Thumb Code     2  stm32f4xx_hal_gpio.o(i.HAL_GPIO_EXTI_Callback)
    HAL_GPIO_EXTI_IRQHandler                 0x0800200d   Thumb Code    18  stm32f4xx_hal_gpio.o(i.HAL_GPIO_EXTI_IRQHandler)
    HAL_GPIO_Init                            0x08002025   Thumb Code   588  stm32f4xx_hal_gpio.o(i.HAL_GPIO_Init)
    HAL_GPIO_ReadPin                         0x080022e9   Thumb Code    28  stm32f4xx_hal_gpio.o(i.HAL_GPIO_ReadPin)
    HAL_GPIO_TogglePin                       0x08002341   Thumb Code    26  stm32f4xx_hal_gpio.o(i.HAL_GPIO_TogglePin)
    HAL_GPIO_WritePin                        0x08002399   Thumb Code    46  stm32f4xx_hal_gpio.o(i.HAL_GPIO_WritePin)
    HAL_GetTick                              0x08002405   Thumb Code     6  stm32f4xx_hal.o(i.HAL_GetTick)
    HAL_IncTick                              0x08002411   Thumb Code    12  stm32f4xx_hal.o(i.HAL_IncTick)
    HAL_Init                                 0x08002421   Thumb Code    48  stm32f4xx_hal.o(i.HAL_Init)
    HAL_InitTick                             0x08002455   Thumb Code    54  stm32f4xx_hal.o(i.HAL_InitTick)
    HAL_MspInit                              0x08002495   Thumb Code   126  stm32f4xx_hal_msp.o(i.HAL_MspInit)
    HAL_NVIC_DisableIRQ                      0x08002519   Thumb Code    36  stm32f4xx_hal_cortex.o(i.HAL_NVIC_DisableIRQ)
    HAL_NVIC_EnableIRQ                       0x08002579   Thumb Code    36  stm32f4xx_hal_cortex.o(i.HAL_NVIC_EnableIRQ)
    HAL_NVIC_SetPriority                     0x080025d9   Thumb Code    94  stm32f4xx_hal_cortex.o(i.HAL_NVIC_SetPriority)
    HAL_NVIC_SetPriorityGrouping             0x08002679   Thumb Code    58  stm32f4xx_hal_cortex.o(i.HAL_NVIC_SetPriorityGrouping)
    HAL_RCC_ClockConfig                      0x080026f9   Thumb Code   510  stm32f4xx_hal_rcc.o(i.HAL_RCC_ClockConfig)
    HAL_RCC_GetPCLK1Freq                     0x08002941   Thumb Code    20  stm32f4xx_hal_rcc.o(i.HAL_RCC_GetPCLK1Freq)
    HAL_RCC_GetPCLK2Freq                     0x08002961   Thumb Code    20  stm32f4xx_hal_rcc.o(i.HAL_RCC_GetPCLK2Freq)
    HAL_RCC_GetSysClockFreq                  0x08002981   Thumb Code    88  stm32f4xx_hal_rcc.o(i.HAL_RCC_GetSysClockFreq)
    HAL_RCC_OscConfig                        0x080029e1   Thumb Code  1098  stm32f4xx_hal_rcc.o(i.HAL_RCC_OscConfig)
    HAL_SPI_Init                             0x08002e2d   Thumb Code   374  stm32f4xx_hal_spi.o(i.HAL_SPI_Init)
    HAL_SPI_MspInit                          0x08002fed   Thumb Code    62  stm32f4xx_hal_msp.o(i.HAL_SPI_MspInit)
    HAL_SPI_TransmitReceive                  0x08003039   Thumb Code   488  stm32f4xx_hal_spi.o(i.HAL_SPI_TransmitReceive)
    HAL_SYSTICK_Callback                     0x08003259   Thumb Code     2  stm32f4xx_hal_cortex.o(i.HAL_SYSTICK_Callback)
    HAL_SYSTICK_Config                       0x0800325b   Thumb Code    40  stm32f4xx_hal_cortex.o(i.HAL_SYSTICK_Config)
    HAL_SYSTICK_IRQHandler                   0x08003283   Thumb Code     8  stm32f4xx_hal_cortex.o(i.HAL_SYSTICK_IRQHandler)
    HAL_UART_Init                            0x0800328d   Thumb Code   222  stm32f4xx_hal_uart.o(i.HAL_UART_Init)
    HAL_UART_MspInit                         0x080033b5   Thumb Code    86  stm32f4xx_hal_msp.o(i.HAL_UART_MspInit)
    HAL_UART_Transmit                        0x08003419   Thumb Code   186  stm32f4xx_hal_uart.o(i.HAL_UART_Transmit)
    SpiInit                                  0x08003725   Thumb Code     6  spi.o(i.SpiInit)
    SpiTxRx                                  0x08003731   Thumb Code    60  spi.o(i.SpiTxRx)
    SysTick_Handler                          0x08003771   Thumb Code    14  stm32f4xx_it.o(i.SysTick_Handler)
    SystemClock_Config                       0x08003781   Thumb Code   150  main.o(i.SystemClock_Config)
    SystemInit                               0x08003821   Thumb Code    66  system_stm32f4xx.o(i.SystemInit)
    __ARM_fpclassify                         0x08003c1d   Thumb Code    48  fpclassify.o(i.__ARM_fpclassify)
    _is_digit                                0x08003c4d   Thumb Code    14  __printf_wp.o(i._is_digit)
    assert_failed                            0x08003c5b   Thumb Code     2  main.o(i.assert_failed)
    demoCycle                                0x08003cad   Thumb Code   306  demo.o(i.demoCycle)
    hex2Str                                  0x080045b1   Thumb Code   112  logger.o(i.hex2Str)
    iso15693PhyConfigure                     0x0800463d   Thumb Code    28  rfal_iso15693_2.o(i.iso15693PhyConfigure)
    iso15693VCDCode                          0x08004719   Thumb Code   382  rfal_iso15693_2.o(i.iso15693VCDCode)
    iso15693VICCDecode                       0x080048a5   Thumb Code   300  rfal_iso15693_2.o(i.iso15693VICCDecode)
    logUsart                                 0x080050d1   Thumb Code    46  logger.o(i.logUsart)
    logUsartInit                             0x08005101   Thumb Code     6  logger.o(i.logUsartInit)
    logUsartTx                               0x0800510d   Thumb Code    30  logger.o(i.logUsartTx)
    main                                     0x08005131   Thumb Code   298  main.o(i.main)
    rfalAnalogConfigInitialize               0x08005d31   Thumb Code    18  rfal_analogconfig.o(i.rfalAnalogConfigInitialize)
    rfalCalibrate                            0x08005d4d   Thumb Code    78  rfal_rfst25r3911.o(i.rfalCalibrate)
    rfalChipChangeRegBits                    0x08005da1   Thumb Code    12  rfal_rfst25r3911.o(i.rfalChipChangeRegBits)
    rfalChipChangeTestRegBits                0x08005dad   Thumb Code    12  rfal_rfst25r3911.o(i.rfalChipChangeTestRegBits)
    rfalCrcCalculateCcitt                    0x08005de1   Thumb Code    40  rfal_crc.o(i.rfalCrcCalculateCcitt)
    rfalFeliCaPoll                           0x08005f35   Thumb Code   258  rfal_rfst25r3911.o(i.rfalFeliCaPoll)
    rfalFieldOff                             0x0800603d   Thumb Code    22  rfal_rfst25r3911.o(i.rfalFieldOff)
    rfalFieldOnAndStartGT                    0x08006059   Thumb Code   106  rfal_rfst25r3911.o(i.rfalFieldOnAndStartGT)
    rfalGetBitRate                           0x080060c9   Thumb Code    30  rfal_rfst25r3911.o(i.rfalGetBitRate)
    rfalGetTransceiveStatus                  0x080060ed   Thumb Code    14  rfal_rfst25r3911.o(i.rfalGetTransceiveStatus)
    rfalISO14443ATransceiveAnticollisionFrame 0x08006101   Thumb Code   260  rfal_rfst25r3911.o(i.rfalISO14443ATransceiveAnticollisionFrame)
    rfalISO14443ATransceiveShortFrame        0x08006209   Thumb Code   348  rfal_rfst25r3911.o(i.rfalISO14443ATransceiveShortFrame)
    rfalISO15693TransceiveAnticollisionEOF   0x0800636d   Thumb Code    18  rfal_rfst25r3911.o(i.rfalISO15693TransceiveAnticollisionEOF)
    rfalISO15693TransceiveAnticollisionFrame 0x08006381   Thumb Code   106  rfal_rfst25r3911.o(i.rfalISO15693TransceiveAnticollisionFrame)
    rfalInitialize                           0x080063f1   Thumb Code   128  rfal_rfst25r3911.o(i.rfalInitialize)
    rfalIsExtFieldOn                         0x08006475   Thumb Code    10  rfal_rfst25r3911.o(i.rfalIsExtFieldOn)
    rfalIsGTExpired                          0x08006481   Thumb Code    20  rfal_rfst25r3911.o(i.rfalIsGTExpired)
    rfalIsoDepATTRIB                         0x08006499   Thumb Code   182  rfal_isodep.o(i.rfalIsoDepATTRIB)
    rfalIsoDepDeselect                       0x08006649   Thumb Code    88  rfal_isodep.o(i.rfalIsoDepDeselect)
    rfalIsoDepFSxI2FSx                       0x080066a5   Thumb Code    54  rfal_isodep.o(i.rfalIsoDepFSxI2FSx)
    rfalIsoDepFWI2FWT                        0x080066db   Thumb Code    26  rfal_isodep.o(i.rfalIsoDepFWI2FWT)
    rfalIsoDepGetApduTransceiveStatus        0x080066f5   Thumb Code   190  rfal_isodep.o(i.rfalIsoDepGetApduTransceiveStatus)
    rfalIsoDepGetMaxInfLen                   0x080067b9   Thumb Code    34  rfal_isodep.o(i.rfalIsoDepGetMaxInfLen)
    rfalIsoDepGetTransceiveStatus            0x080067e1   Thumb Code    20  rfal_isodep.o(i.rfalIsoDepGetTransceiveStatus)
    rfalIsoDepInitialize                     0x080067f9   Thumb Code    82  rfal_isodep.o(i.rfalIsoDepInitialize)
    rfalIsoDepPPS                            0x08006851   Thumb Code   104  rfal_isodep.o(i.rfalIsoDepPPS)
    rfalIsoDepPollAHandleActivation          0x080068bd   Thumb Code   364  rfal_isodep.o(i.rfalIsoDepPollAHandleActivation)
    rfalIsoDepPollBHandleActivation          0x08006a2d   Thumb Code   290  rfal_isodep.o(i.rfalIsoDepPollBHandleActivation)
    rfalIsoDepRATS                           0x08006b59   Thumb Code   106  rfal_isodep.o(i.rfalIsoDepRATS)
    rfalIsoDepStartApduTransceive            0x08006bed   Thumb Code   102  rfal_isodep.o(i.rfalIsoDepStartApduTransceive)
    rfalIsoDepStartTransceive                0x08006c59   Thumb Code   110  rfal_isodep.o(i.rfalIsoDepStartTransceive)
    rfalListenSetState                       0x08006ccd   Thumb Code   264  rfal_rfst25r3911.o(i.rfalListenSetState)
    rfalNfcDepATR                            0x08006ddd   Thumb Code   240  rfal_nfcdep.o(i.rfalNfcDepATR)
    rfalNfcDepCalculateRWT                   0x08006ed1   Thumb Code    18  rfal_nfcdep.o(i.rfalNfcDepCalculateRWT)
    rfalNfcDepGetTransceiveStatus            0x08006ee5   Thumb Code    10  rfal_nfcdep.o(i.rfalNfcDepGetTransceiveStatus)
    rfalNfcDepInitialize                     0x08006ef5   Thumb Code    70  rfal_nfcdep.o(i.rfalNfcDepInitialize)
    rfalNfcDepInitiatorHandleActivation      0x08006f41   Thumb Code   244  rfal_nfcdep.o(i.rfalNfcDepInitiatorHandleActivation)
    rfalNfcDepPSL                            0x08007039   Thumb Code    90  rfal_nfcdep.o(i.rfalNfcDepPSL)
    rfalNfcDepStartTransceive                0x0800709d   Thumb Code    82  rfal_nfcdep.o(i.rfalNfcDepStartTransceive)
    rfalNfcaPollerCheckPresence              0x0800710d   Thumb Code    42  rfal_nfca.o(i.rfalNfcaPollerCheckPresence)
    rfalNfcaPollerFullCollisionResolution    0x08007137   Thumb Code   344  rfal_nfca.o(i.rfalNfcaPollerFullCollisionResolution)
    rfalNfcaPollerInitialize                 0x08007291   Thumb Code    48  rfal_nfca.o(i.rfalNfcaPollerInitialize)
    rfalNfcaPollerSingleCollisionResolution  0x080072c5   Thumb Code   450  rfal_nfca.o(i.rfalNfcaPollerSingleCollisionResolution)
    rfalNfcaPollerSleep                      0x08007487   Thumb Code    48  rfal_nfca.o(i.rfalNfcaPollerSleep)
    rfalNfcaPollerTechnologyDetection        0x080074b9   Thumb Code    40  rfal_nfca.o(i.rfalNfcaPollerTechnologyDetection)
    rfalNfcbPollerCheckPresence              0x080074fd   Thumb Code   138  rfal_nfcb.o(i.rfalNfcbPollerCheckPresence)
    rfalNfcbPollerCollisionResolution        0x0800758d   Thumb Code    20  rfal_nfcb.o(i.rfalNfcbPollerCollisionResolution)
    rfalNfcbPollerCollisionResolutionSlotted 0x080075a1   Thumb Code   482  rfal_nfcb.o(i.rfalNfcbPollerCollisionResolutionSlotted)
    rfalNfcbPollerInitialize                 0x08007785   Thumb Code    54  rfal_nfcb.o(i.rfalNfcbPollerInitialize)
    rfalNfcbPollerSleep                      0x080077c5   Thumb Code    72  rfal_nfcb.o(i.rfalNfcbPollerSleep)
    rfalNfcbPollerSlotMarker                 0x08007811   Thumb Code    88  rfal_nfcb.o(i.rfalNfcbPollerSlotMarker)
    rfalNfcbTR2ToFDT                         0x0800786d   Thumb Code    12  rfal_nfcb.o(i.rfalNfcbTR2ToFDT)
    rfalNfcfPollerCheckPresence              0x08007969   Thumb Code    36  rfal_nfcf.o(i.rfalNfcfPollerCheckPresence)
    rfalNfcfPollerCollisionResolution        0x08007991   Thumb Code   158  rfal_nfcf.o(i.rfalNfcfPollerCollisionResolution)
    rfalNfcfPollerInitialize                 0x08007a35   Thumb Code    60  rfal_nfcf.o(i.rfalNfcfPollerInitialize)
    rfalNfcfPollerPoll                       0x08007a75   Thumb Code    22  rfal_nfcf.o(i.rfalNfcfPollerPoll)
    rfalNfcvPollerCollisionResolution        0x08007a8b   Thumb Code   292  rfal_nfcv.o(i.rfalNfcvPollerCollisionResolution)
    rfalNfcvPollerInitialize                 0x08007bb1   Thumb Code    48  rfal_nfcv.o(i.rfalNfcvPollerInitialize)
    rfalNfcvPollerInventory                  0x08007be5   Thumb Code   130  rfal_nfcv.o(i.rfalNfcvPollerInventory)
    rfalSetAnalogConfig                      0x08007e61   Thumb Code   204  rfal_analogconfig.o(i.rfalSetAnalogConfig)
    rfalSetBitRate                           0x08007f31   Thumb Code   354  rfal_rfst25r3911.o(i.rfalSetBitRate)
    rfalSetErrorHandling                     0x08008099   Thumb Code     6  rfal_rfst25r3911.o(i.rfalSetErrorHandling)
    rfalSetFDTListen                         0x080080a5   Thumb Code    16  rfal_rfst25r3911.o(i.rfalSetFDTListen)
    rfalSetFDTPoll                           0x080080b9   Thumb Code    14  rfal_rfst25r3911.o(i.rfalSetFDTPoll)
    rfalSetGT                                0x080080d1   Thumb Code    14  rfal_rfst25r3911.o(i.rfalSetGT)
    rfalSetMode                              0x080080e9   Thumb Code   384  rfal_rfst25r3911.o(i.rfalSetMode)
    rfalSt25tbPollerCheckPresence            0x0800826d   Thumb Code    40  rfal_st25tb.o(i.rfalSt25tbPollerCheckPresence)
    rfalSt25tbPollerCollisionResolution      0x08008295   Thumb Code   266  rfal_st25tb.o(i.rfalSt25tbPollerCollisionResolution)
    rfalSt25tbPollerGetUID                   0x0800839f   Thumb Code    52  rfal_st25tb.o(i.rfalSt25tbPollerGetUID)
    rfalSt25tbPollerInitialize               0x080083d3   Thumb Code     4  rfal_st25tb.o(i.rfalSt25tbPollerInitialize)
    rfalSt25tbPollerInitiate                 0x080083d7   Thumb Code    68  rfal_st25tb.o(i.rfalSt25tbPollerInitiate)
    rfalSt25tbPollerPcall                    0x0800841b   Thumb Code    58  rfal_st25tb.o(i.rfalSt25tbPollerPcall)
    rfalSt25tbPollerSelect                   0x08008455   Thumb Code    66  rfal_st25tb.o(i.rfalSt25tbPollerSelect)
    rfalSt25tbPollerSlotMarker               0x08008497   Thumb Code    66  rfal_st25tb.o(i.rfalSt25tbPollerSlotMarker)
    rfalStartTransceive                      0x080084d9   Thumb Code   330  rfal_rfst25r3911.o(i.rfalStartTransceive)
    rfalT1TPollerInitialize                  0x08008635   Thumb Code    48  rfal_t1t.o(i.rfalT1TPollerInitialize)
    rfalT1TPollerRid                         0x08008665   Thumb Code    82  rfal_t1t.o(i.rfalT1TPollerRid)
    rfalTransceiveBlockingRx                 0x080086b9   Thumb Code    24  rfal_rfst25r3911.o(i.rfalTransceiveBlockingRx)
    rfalTransceiveBlockingTx                 0x080086d5   Thumb Code    62  rfal_rfst25r3911.o(i.rfalTransceiveBlockingTx)
    rfalTransceiveBlockingTxRx               0x08008713   Thumb Code    40  rfal_rfst25r3911.o(i.rfalTransceiveBlockingTxRx)
    rfalWakeUpModeHasWoke                    0x08008dc5   Thumb Code    18  rfal_rfst25r3911.o(i.rfalWakeUpModeHasWoke)
    rfalWakeUpModeStart                      0x08008ddd   Thumb Code   400  rfal_rfst25r3911.o(i.rfalWakeUpModeStart)
    rfalWakeUpModeStop                       0x08008f71   Thumb Code    52  rfal_rfst25r3911.o(i.rfalWakeUpModeStop)
    rfalWorker                               0x08008fa9   Thumb Code   108  rfal_rfst25r3911.o(i.rfalWorker)
    st25r3911AdjustRegulators                0x08009019   Thumb Code   106  st25r3911.o(i.st25r3911AdjustRegulators)
    st25r3911CalibrateAntenna                0x08009083   Thumb Code    12  st25r3911.o(i.st25r3911CalibrateAntenna)
    st25r3911ChangeRegisterBits              0x0800908f   Thumb Code     6  st25r3911_com.o(i.st25r3911ChangeRegisterBits)
    st25r3911ChangeTestRegisterBits          0x08009095   Thumb Code    34  st25r3911_com.o(i.st25r3911ChangeTestRegisterBits)
    st25r3911CheckChipID                     0x080090b7   Thumb Code    46  st25r3911.o(i.st25r3911CheckChipID)
    st25r3911CheckForReceivedInterrupts      0x080090fd   Thumb Code    88  st25r3911_interrupt.o(i.st25r3911CheckForReceivedInterrupts)
    st25r3911CheckReg                        0x0800915d   Thumb Code    36  st25r3911.o(i.st25r3911CheckReg)
    st25r3911ClearInterrupts                 0x08009181   Thumb Code    32  st25r3911_interrupt.o(i.st25r3911ClearInterrupts)
    st25r3911ClrRegisterBits                 0x080091a5   Thumb Code    30  st25r3911_com.o(i.st25r3911ClrRegisterBits)
    st25r3911DisableInterrupts               0x080091c3   Thumb Code     8  st25r3911_interrupt.o(i.st25r3911DisableInterrupts)
    st25r3911EnableInterrupts                0x080091cb   Thumb Code     6  st25r3911_interrupt.o(i.st25r3911EnableInterrupts)
    st25r3911ExecuteCommand                  0x080091d1   Thumb Code    82  st25r3911_com.o(i.st25r3911ExecuteCommand)
    st25r3911ExecuteCommands                 0x08009291   Thumb Code    54  st25r3911_com.o(i.st25r3911ExecuteCommands)
    st25r3911GetInterrupt                    0x080092cd   Thumb Code    32  st25r3911_interrupt.o(i.st25r3911GetInterrupt)
    st25r3911InitInterrupts                  0x080092f1   Thumb Code    24  st25r3911_interrupt.o(i.st25r3911InitInterrupts)
    st25r3911Initialize                      0x08009311   Thumb Code    76  st25r3911.o(i.st25r3911Initialize)
    st25r3911Isr                             0x0800935d   Thumb Code    18  st25r3911_interrupt.o(i.st25r3911Isr)
    st25r3911MeasureAntennaResonance         0x08009375   Thumb Code    12  st25r3911.o(i.st25r3911MeasureAntennaResonance)
    st25r3911MeasureRF                       0x08009381   Thumb Code    12  st25r3911.o(i.st25r3911MeasureRF)
    st25r3911MeasureVoltage                  0x0800938d   Thumb Code    64  st25r3911.o(i.st25r3911MeasureVoltage)
    st25r3911ModifyInterrupts                0x080093cd   Thumb Code    64  st25r3911_interrupt.o(i.st25r3911ModifyInterrupts)
    st25r3911ModifyRegister                  0x08009411   Thumb Code    34  st25r3911_com.o(i.st25r3911ModifyRegister)
    st25r3911OscOn                           0x08009433   Thumb Code    56  st25r3911.o(i.st25r3911OscOn)
    st25r3911PerformCollisionAvoidance       0x0800946b   Thumb Code   138  st25r3911.o(i.st25r3911PerformCollisionAvoidance)
    st25r3911ReadFifo                        0x080094f5   Thumb Code    72  st25r3911_com.o(i.st25r3911ReadFifo)
    st25r3911ReadMultipleRegisters           0x08009541   Thumb Code    70  st25r3911_com.o(i.st25r3911ReadMultipleRegisters)
    st25r3911ReadRegister                    0x0800958d   Thumb Code    76  st25r3911_com.o(i.st25r3911ReadRegister)
    st25r3911ReadTestRegister                0x080095dd   Thumb Code    82  st25r3911_com.o(i.st25r3911ReadTestRegister)
    st25r3911SetBitrate                      0x08009635   Thumb Code    78  st25r3911.o(i.st25r3911SetBitrate)
    st25r3911SetGPTime_8fcs                  0x08009683   Thumb Code    24  st25r3911.o(i.st25r3911SetGPTime_8fcs)
    st25r3911SetNoResponseTime_64fcs         0x0800969d   Thumb Code    68  st25r3911.o(i.st25r3911SetNoResponseTime_64fcs)
    st25r3911SetNumTxBits                    0x080096e5   Thumb Code    26  st25r3911.o(i.st25r3911SetNumTxBits)
    st25r3911SetRegisterBits                 0x080096ff   Thumb Code    30  st25r3911_com.o(i.st25r3911SetRegisterBits)
    st25r3911StartGPTimer_8fcs               0x0800971d   Thumb Code    34  st25r3911.o(i.st25r3911StartGPTimer_8fcs)
    st25r3911StreamConfigure                 0x0800973f   Thumb Code   104  st25r3911.o(i.st25r3911StreamConfigure)
    st25r3911TxRxOff                         0x080097a7   Thumb Code     8  st25r3911.o(i.st25r3911TxRxOff)
    st25r3911TxRxOn                          0x080097af   Thumb Code     8  st25r3911.o(i.st25r3911TxRxOn)
    st25r3911WaitForInterruptsTimed          0x080097b9   Thumb Code    56  st25r3911_interrupt.o(i.st25r3911WaitForInterruptsTimed)
    st25r3911WriteFifo                       0x080097f5   Thumb Code    72  st25r3911_com.o(i.st25r3911WriteFifo)
    st25r3911WriteRegister                   0x08009841   Thumb Code    70  st25r3911_com.o(i.st25r3911WriteRegister)
    st25r3911WriteTestRegister               0x0800988d   Thumb Code    66  st25r3911_com.o(i.st25r3911WriteTestRegister)
    timerCalculateTimer                      0x080098d5   Thumb Code    12  timer.o(i.timerCalculateTimer)
    timerIsExpired                           0x080098e1   Thumb Code    20  timer.o(i.timerIsExpired)
    _get_lc_numeric                          0x080098f5   Thumb Code    44  lc_numeric_c.o(locale$$code)
    _get_lc_ctype                            0x08009921   Thumb Code    44  lc_ctype_c.o(locale$$code)
    _fp_init                                 0x0800994d   Thumb Code    10  fpinit.o(x$fpl$fpinit)
    __fplib_config_fpu_vfp                   0x08009955   Thumb Code     0  fpinit.o(x$fpl$fpinit)
    __fplib_config_pureend_doubles           0x08009955   Thumb Code     0  fpinit.o(x$fpl$fpinit)
    _printf_fp_dec                           0x08009957   Thumb Code     4  printf1.o(x$fpl$printf1)
    _printf_fp_hex                           0x0800995b   Thumb Code     4  printf2.o(x$fpl$printf2)
    AHBPrescTable                            0x0800995e   Data          16  system_stm32f4xx.o(.constdata)
    __I$use$fp                               0x0800995e   Number         0  usenofp.o(x$fpl$usenofp)
    APBPrescTable                            0x0800996e   Data           8  system_stm32f4xx.o(.constdata)
    rfalAnalogConfigDefaultSettings          0x08009976   Data         399  rfal_analogconfig.o(.constdata)
    Region$$Table$$Base                      0x08009c50   Number         0  anon$$obj.o(Region$$Table)
    Region$$Table$$Limit                     0x08009c70   Number         0  anon$$obj.o(Region$$Table)
    __ctype                                  0x08009c99   Data           0  lc_ctype_c.o(locale$$data)
    hexStrIdx                                0x2000007c   Data           1  logger.o(.data)
    pLogUsart                                0x20000080   Data           4  logger.o(.data)
    pSpi                                     0x20000084   Data           4  spi.o(.data)
    SystemCoreClock                          0x20000088   Data           4  system_stm32f4xx.o(.data)
    uwTickFreq                               0x20000090   Data           1  stm32f4xx_hal.o(.data)
    uwTickPrio                               0x20000094   Data           4  stm32f4xx_hal.o(.data)
    uwTick                                   0x20000098   Data           4  stm32f4xx_hal.o(.data)
    gRfalNfcb                                0x200000aa   Data           2  rfal_nfcb.o(.data)
    hspi1                                    0x200000ac   Data          88  main.o(.bss)
    huart2                                   0x20000104   Data          64  main.o(.bss)
    hexStr                                   0x20000aa8   Data         512  logger.o(.bss)
    st25r3911interrupt                       0x20000ca8   Data          16  st25r3911_interrupt.o(.bss)
    __libspace_start                         0x200012f4   Data          96  libspace.o(.bss)
    __temporary_stack_top$libspace           0x20001354   Data           0  libspace.o(.bss)



==============================================================================

Memory Map of the image

  Image Entry point : 0x08000195

  Load Region LR_IROM1 (Base: 0x08000000, Size: 0x00009e48, Max: 0x00080000, ABSOLUTE)

    Execution Region ER_IROM1 (Exec base: 0x08000000, Load base: 0x08000000, Size: 0x00009d9c, Max: 0x00080000, ABSOLUTE)

    Exec Addr    Load Addr    Size         Type   Attr      Idx    E Section Name        Object

    0x08000000   0x08000000   0x00000194   Data   RO          510    RESET               startup_stm32f401xe.o
    0x08000194   0x08000194   0x00000008   Code   RO         4250  * !!!main             c_w.l(__main.o)
    0x0800019c   0x0800019c   0x00000034   Code   RO         4585    !!!scatter          c_w.l(__scatter.o)
    0x080001d0   0x080001d0   0x0000001a   Code   RO         4587    !!handler_copy      c_w.l(__scatter_copy.o)
    0x080001ea   0x080001ea   0x00000002   PAD
    0x080001ec   0x080001ec   0x0000001c   Code   RO         4589    !!handler_zi        c_w.l(__scatter_zi.o)
    0x08000208   0x08000208   0x00000000   Code   RO         4340    .ARM.Collect$$_printf_percent$$00000000  c_w.l(_printf_percent.o)
    0x08000208   0x08000208   0x00000006   Code   RO         4329    .ARM.Collect$$_printf_percent$$00000001  c_w.l(_printf_n.o)
    0x0800020e   0x0800020e   0x00000006   Code   RO         4331    .ARM.Collect$$_printf_percent$$00000002  c_w.l(_printf_p.o)
    0x08000214   0x08000214   0x00000006   Code   RO         4336    .ARM.Collect$$_printf_percent$$00000003  c_w.l(_printf_f.o)
    0x0800021a   0x0800021a   0x00000006   Code   RO         4337    .ARM.Collect$$_printf_percent$$00000004  c_w.l(_printf_e.o)
    0x08000220   0x08000220   0x00000006   Code   RO         4338    .ARM.Collect$$_printf_percent$$00000005  c_w.l(_printf_g.o)
    0x08000226   0x08000226   0x00000006   Code   RO         4339    .ARM.Collect$$_printf_percent$$00000006  c_w.l(_printf_a.o)
    0x0800022c   0x0800022c   0x0000000a   Code   RO         4344    .ARM.Collect$$_printf_percent$$00000007  c_w.l(_printf_ll.o)
    0x08000236   0x08000236   0x00000006   Code   RO         4333    .ARM.Collect$$_printf_percent$$00000008  c_w.l(_printf_i.o)
    0x0800023c   0x0800023c   0x00000006   Code   RO         4334    .ARM.Collect$$_printf_percent$$00000009  c_w.l(_printf_d.o)
    0x08000242   0x08000242   0x00000006   Code   RO         4335    .ARM.Collect$$_printf_percent$$0000000A  c_w.l(_printf_u.o)
    0x08000248   0x08000248   0x00000006   Code   RO         4332    .ARM.Collect$$_printf_percent$$0000000B  c_w.l(_printf_o.o)
    0x0800024e   0x0800024e   0x00000006   Code   RO         4330    .ARM.Collect$$_printf_percent$$0000000C  c_w.l(_printf_x.o)
    0x08000254   0x08000254   0x00000006   Code   RO         4341    .ARM.Collect$$_printf_percent$$0000000D  c_w.l(_printf_lli.o)
    0x0800025a   0x0800025a   0x00000006   Code   RO         4342    .ARM.Collect$$_printf_percent$$0000000E  c_w.l(_printf_lld.o)
    0x08000260   0x08000260   0x00000006   Code   RO         4343    .ARM.Collect$$_printf_percent$$0000000F  c_w.l(_printf_llu.o)
    0x08000266   0x08000266   0x00000006   Code   RO         4348    .ARM.Collect$$_printf_percent$$00000010  c_w.l(_printf_llo.o)
    0x0800026c   0x0800026c   0x00000006   Code   RO         4349    .ARM.Collect$$_printf_percent$$00000011  c_w.l(_printf_llx.o)
    0x08000272   0x08000272   0x0000000a   Code   RO         4345    .ARM.Collect$$_printf_percent$$00000012  c_w.l(_printf_l.o)
    0x0800027c   0x0800027c   0x00000006   Code   RO         4327    .ARM.Collect$$_printf_percent$$00000013  c_w.l(_printf_c.o)
    0x08000282   0x08000282   0x00000006   Code   RO         4328    .ARM.Collect$$_printf_percent$$00000014  c_w.l(_printf_s.o)
    0x08000288   0x08000288   0x00000006   Code   RO         4346    .ARM.Collect$$_printf_percent$$00000015  c_w.l(_printf_lc.o)
    0x0800028e   0x0800028e   0x00000006   Code   RO         4347    .ARM.Collect$$_printf_percent$$00000016  c_w.l(_printf_ls.o)
    0x08000294   0x08000294   0x00000004   Code   RO         4392    .ARM.Collect$$_printf_percent$$00000017  c_w.l(_printf_percent_end.o)
    0x08000298   0x08000298   0x00000002   Code   RO         4445    .ARM.Collect$$libinit$$00000000  c_w.l(libinit.o)
    0x0800029a   0x0800029a   0x00000004   Code   RO         4467    .ARM.Collect$$libinit$$00000001  c_w.l(libinit2.o)
    0x0800029e   0x0800029e   0x00000000   Code   RO         4470    .ARM.Collect$$libinit$$00000004  c_w.l(libinit2.o)
    0x0800029e   0x0800029e   0x00000000   Code   RO         4473    .ARM.Collect$$libinit$$0000000A  c_w.l(libinit2.o)
    0x0800029e   0x0800029e   0x00000000   Code   RO         4475    .ARM.Collect$$libinit$$0000000C  c_w.l(libinit2.o)
    0x0800029e   0x0800029e   0x00000000   Code   RO         4477    .ARM.Collect$$libinit$$0000000E  c_w.l(libinit2.o)
    0x0800029e   0x0800029e   0x00000006   Code   RO         4478    .ARM.Collect$$libinit$$0000000F  c_w.l(libinit2.o)
    0x080002a4   0x080002a4   0x00000000   Code   RO         4480    .ARM.Collect$$libinit$$00000011  c_w.l(libinit2.o)
    0x080002a4   0x080002a4   0x0000000c   Code   RO         4481    .ARM.Collect$$libinit$$00000012  c_w.l(libinit2.o)
    0x080002b0   0x080002b0   0x00000000   Code   RO         4482    .ARM.Collect$$libinit$$00000013  c_w.l(libinit2.o)
    0x080002b0   0x080002b0   0x00000000   Code   RO         4484    .ARM.Collect$$libinit$$00000015  c_w.l(libinit2.o)
    0x080002b0   0x080002b0   0x0000000a   Code   RO         4485    .ARM.Collect$$libinit$$00000016  c_w.l(libinit2.o)
    0x080002ba   0x080002ba   0x00000000   Code   RO         4486    .ARM.Collect$$libinit$$00000017  c_w.l(libinit2.o)
    0x080002ba   0x080002ba   0x00000000   Code   RO         4488    .ARM.Collect$$libinit$$00000019  c_w.l(libinit2.o)
    0x080002ba   0x080002ba   0x00000000   Code   RO         4490    .ARM.Collect$$libinit$$0000001B  c_w.l(libinit2.o)
    0x080002ba   0x080002ba   0x00000000   Code   RO         4492    .ARM.Collect$$libinit$$0000001D  c_w.l(libinit2.o)
    0x080002ba   0x080002ba   0x00000000   Code   RO         4494    .ARM.Collect$$libinit$$0000001F  c_w.l(libinit2.o)
    0x080002ba   0x080002ba   0x00000000   Code   RO         4496    .ARM.Collect$$libinit$$00000021  c_w.l(libinit2.o)
    0x080002ba   0x080002ba   0x00000000   Code   RO         4498    .ARM.Collect$$libinit$$00000023  c_w.l(libinit2.o)
    0x080002ba   0x080002ba   0x00000000   Code   RO         4500    .ARM.Collect$$libinit$$00000025  c_w.l(libinit2.o)
    0x080002ba   0x080002ba   0x00000000   Code   RO         4504    .ARM.Collect$$libinit$$0000002C  c_w.l(libinit2.o)
    0x080002ba   0x080002ba   0x00000000   Code   RO         4506    .ARM.Collect$$libinit$$0000002E  c_w.l(libinit2.o)
    0x080002ba   0x080002ba   0x00000000   Code   RO         4508    .ARM.Collect$$libinit$$00000030  c_w.l(libinit2.o)
    0x080002ba   0x080002ba   0x00000000   Code   RO         4510    .ARM.Collect$$libinit$$00000032  c_w.l(libinit2.o)
    0x080002ba   0x080002ba   0x00000002   Code   RO         4511    .ARM.Collect$$libinit$$00000033  c_w.l(libinit2.o)
    0x080002bc   0x080002bc   0x00000002   Code   RO         4542    .ARM.Collect$$libshutdown$$00000000  c_w.l(libshutdown.o)
    0x080002be   0x080002be   0x00000000   Code   RO         4568    .ARM.Collect$$libshutdown$$00000002  c_w.l(libshutdown2.o)
    0x080002be   0x080002be   0x00000000   Code   RO         4570    .ARM.Collect$$libshutdown$$00000004  c_w.l(libshutdown2.o)
    0x080002be   0x080002be   0x00000000   Code   RO         4573    .ARM.Collect$$libshutdown$$00000007  c_w.l(libshutdown2.o)
    0x080002be   0x080002be   0x00000000   Code   RO         4576    .ARM.Collect$$libshutdown$$0000000A  c_w.l(libshutdown2.o)
    0x080002be   0x080002be   0x00000000   Code   RO         4578    .ARM.Collect$$libshutdown$$0000000C  c_w.l(libshutdown2.o)
    0x080002be   0x080002be   0x00000000   Code   RO         4581    .ARM.Collect$$libshutdown$$0000000F  c_w.l(libshutdown2.o)
    0x080002be   0x080002be   0x00000002   Code   RO         4582    .ARM.Collect$$libshutdown$$00000010  c_w.l(libshutdown2.o)
    0x080002c0   0x080002c0   0x00000000   Code   RO         4252    .ARM.Collect$$rtentry$$00000000  c_w.l(__rtentry.o)
    0x080002c0   0x080002c0   0x00000000   Code   RO         4361    .ARM.Collect$$rtentry$$00000002  c_w.l(__rtentry2.o)
    0x080002c0   0x080002c0   0x00000006   Code   RO         4373    .ARM.Collect$$rtentry$$00000004  c_w.l(__rtentry4.o)
    0x080002c6   0x080002c6   0x00000000   Code   RO         4363    .ARM.Collect$$rtentry$$00000009  c_w.l(__rtentry2.o)
    0x080002c6   0x080002c6   0x00000004   Code   RO         4364    .ARM.Collect$$rtentry$$0000000A  c_w.l(__rtentry2.o)
    0x080002ca   0x080002ca   0x00000000   Code   RO         4366    .ARM.Collect$$rtentry$$0000000C  c_w.l(__rtentry2.o)
    0x080002ca   0x080002ca   0x00000008   Code   RO         4367    .ARM.Collect$$rtentry$$0000000D  c_w.l(__rtentry2.o)
    0x080002d2   0x080002d2   0x00000002   Code   RO         4454    .ARM.Collect$$rtexit$$00000000  c_w.l(rtexit.o)
    0x080002d4   0x080002d4   0x00000000   Code   RO         4515    .ARM.Collect$$rtexit$$00000002  c_w.l(rtexit2.o)
    0x080002d4   0x080002d4   0x00000004   Code   RO         4516    .ARM.Collect$$rtexit$$00000003  c_w.l(rtexit2.o)
    0x080002d8   0x080002d8   0x00000006   Code   RO         4517    .ARM.Collect$$rtexit$$00000004  c_w.l(rtexit2.o)
    0x080002de   0x080002de   0x00000002   PAD
    0x080002e0   0x080002e0   0x00000040   Code   RO          511    .text               startup_stm32f401xe.o
    0x08000320   0x08000320   0x000000ee   Code   RO         4228    .text               c_w.l(lludivv7m.o)
    0x0800040e   0x0800040e   0x00000002   PAD
    0x08000410   0x08000410   0x00000034   Code   RO         4230    .text               c_w.l(vsnprintf.o)
    0x08000444   0x08000444   0x00000058   Code   RO         4232    .text               c_w.l(memcmp.o)
    0x0800049c   0x0800049c   0x0000003e   Code   RO         4234    .text               c_w.l(strlen.o)
    0x080004da   0x080004da   0x0000008a   Code   RO         4236    .text               c_w.l(rt_memcpy_v6.o)
    0x08000564   0x08000564   0x00000084   Code   RO         4238    .text               c_w.l(rt_memmove_v6.o)
    0x080005e8   0x080005e8   0x00000064   Code   RO         4240    .text               c_w.l(rt_memcpy_w.o)
    0x0800064c   0x0800064c   0x00000010   Code   RO         4242    .text               c_w.l(aeabi_memset.o)
    0x0800065c   0x0800065c   0x00000044   Code   RO         4244    .text               c_w.l(rt_memclr.o)
    0x080006a0   0x080006a0   0x0000004e   Code   RO         4246    .text               c_w.l(rt_memclr_w.o)
    0x080006ee   0x080006ee   0x00000006   Code   RO         4248    .text               c_w.l(heapauxi.o)
    0x080006f4   0x080006f4   0x0000004e   Code   RO         4259    .text               c_w.l(_printf_pad.o)
    0x08000742   0x08000742   0x00000024   Code   RO         4261    .text               c_w.l(_printf_truncate.o)
    0x08000766   0x08000766   0x00000052   Code   RO         4263    .text               c_w.l(_printf_str.o)
    0x080007b8   0x080007b8   0x00000078   Code   RO         4265    .text               c_w.l(_printf_dec.o)
    0x08000830   0x08000830   0x00000028   Code   RO         4267    .text               c_w.l(_printf_charcount.o)
    0x08000858   0x08000858   0x00000030   Code   RO         4269    .text               c_w.l(_printf_char_common.o)
    0x08000888   0x08000888   0x0000000a   Code   RO         4271    .text               c_w.l(_sputc.o)
    0x08000892   0x08000892   0x00000010   Code   RO         4273    .text               c_w.l(_snputc.o)
    0x080008a2   0x080008a2   0x00000002   PAD
    0x080008a4   0x080008a4   0x000000bc   Code   RO         4275    .text               c_w.l(_printf_wctomb.o)
    0x08000960   0x08000960   0x0000007c   Code   RO         4278    .text               c_w.l(_printf_longlong_dec.o)
    0x080009dc   0x080009dc   0x00000070   Code   RO         4284    .text               c_w.l(_printf_oct_int_ll.o)
    0x08000a4c   0x08000a4c   0x00000094   Code   RO         4304    .text               c_w.l(_printf_hex_int_ll_ptr.o)
    0x08000ae0   0x08000ae0   0x00000188   Code   RO         4324    .text               c_w.l(__printf_flags_ss_wp.o)
    0x08000c68   0x08000c68   0x0000007a   Code   RO         4350    .text               c_w.l(rt_memmove_w.o)
    0x08000ce2   0x08000ce2   0x0000008a   Code   RO         4377    .text               c_w.l(lludiv10.o)
    0x08000d6c   0x08000d6c   0x000000b2   Code   RO         4379    .text               c_w.l(_printf_intcommon.o)
    0x08000e1e   0x08000e1e   0x0000041e   Code   RO         4381    .text               c_w.l(_printf_fp_dec.o)
    0x0800123c   0x0800123c   0x000002fc   Code   RO         4383    .text               c_w.l(_printf_fp_hex.o)
    0x08001538   0x08001538   0x0000002c   Code   RO         4388    .text               c_w.l(_printf_char.o)
    0x08001564   0x08001564   0x0000002c   Code   RO         4390    .text               c_w.l(_printf_wchar.o)
    0x08001590   0x08001590   0x00000040   Code   RO         4393    .text               c_w.l(_wcrtomb.o)
    0x080015d0   0x080015d0   0x0000004a   Code   RO         4395    .text               c_w.l(sys_stackheap_outer.o)
    0x0800161a   0x0800161a   0x00000002   PAD
    0x0800161c   0x0800161c   0x00000010   Code   RO         4397    .text               c_w.l(rt_ctype_table.o)
    0x0800162c   0x0800162c   0x00000008   Code   RO         4402    .text               c_w.l(rt_locale_intlibspace.o)
    0x08001634   0x08001634   0x00000080   Code   RO         4404    .text               c_w.l(_printf_fp_infnan.o)
    0x080016b4   0x080016b4   0x000000e4   Code   RO         4406    .text               c_w.l(bigflt0.o)
    0x08001798   0x08001798   0x00000012   Code   RO         4434    .text               c_w.l(exit.o)
    0x080017aa   0x080017aa   0x00000002   PAD
    0x080017ac   0x080017ac   0x00000008   Code   RO         4451    .text               c_w.l(libspace.o)
    0x080017b4   0x080017b4   0x00000080   Code   RO         4465    .text               c_w.l(strcmpv7m.o)
    0x08001834   0x08001834   0x0000000c   Code   RO         4512    .text               c_w.l(sys_exit.o)
    0x08001840   0x08001840   0x00000002   Code   RO         4531    .text               c_w.l(use_no_semi.o)
    0x08001842   0x08001842   0x00000000   Code   RO         4533    .text               c_w.l(indicate_semi.o)
    0x08001842   0x08001842   0x0000003e   Code   RO         4409    CL$$btod_d2e        c_w.l(btod.o)
    0x08001880   0x08001880   0x00000046   Code   RO         4411    CL$$btod_d2e_denorm_low  c_w.l(btod.o)
    0x080018c6   0x080018c6   0x00000060   Code   RO         4410    CL$$btod_d2e_norm_op1  c_w.l(btod.o)
    0x08001926   0x08001926   0x00000338   Code   RO         4419    CL$$btod_div_common  c_w.l(btod.o)
    0x08001c5e   0x08001c5e   0x000000dc   Code   RO         4416    CL$$btod_e2e        c_w.l(btod.o)
    0x08001d3a   0x08001d3a   0x0000002a   Code   RO         4413    CL$$btod_ediv       c_w.l(btod.o)
    0x08001d64   0x08001d64   0x0000002a   Code   RO         4412    CL$$btod_emul       c_w.l(btod.o)
    0x08001d8e   0x08001d8e   0x00000244   Code   RO         4418    CL$$btod_mult_common  c_w.l(btod.o)
    0x08001fd2   0x08001fd2   0x00000010   Code   RO          430    i.EXTI0_IRQHandler  stm32f4xx_it.o
    0x08001fe2   0x08001fe2   0x00000002   PAD
    0x08001fe4   0x08001fe4   0x00000024   Code   RO         1037    i.HAL_Delay         stm32f4xx_hal.o
    0x08002008   0x08002008   0x00000002   Code   RO         1753    i.HAL_GPIO_EXTI_Callback  stm32f4xx_hal_gpio.o
    0x0800200a   0x0800200a   0x00000002   PAD
    0x0800200c   0x0800200c   0x00000018   Code   RO         1754    i.HAL_GPIO_EXTI_IRQHandler  stm32f4xx_hal_gpio.o
    0x08002024   0x08002024   0x000002c4   Code   RO         1755    i.HAL_GPIO_Init     stm32f4xx_hal_gpio.o
    0x080022e8   0x080022e8   0x00000058   Code   RO         1757    i.HAL_GPIO_ReadPin  stm32f4xx_hal_gpio.o
    0x08002340   0x08002340   0x00000058   Code   RO         1758    i.HAL_GPIO_TogglePin  stm32f4xx_hal_gpio.o
    0x08002398   0x08002398   0x0000006c   Code   RO         1759    i.HAL_GPIO_WritePin  stm32f4xx_hal_gpio.o
    0x08002404   0x08002404   0x0000000c   Code   RO         1043    i.HAL_GetTick       stm32f4xx_hal.o
    0x08002410   0x08002410   0x00000010   Code   RO         1047    i.HAL_IncTick       stm32f4xx_hal.o
    0x08002420   0x08002420   0x00000034   Code   RO         1048    i.HAL_Init          stm32f4xx_hal.o
    0x08002454   0x08002454   0x00000040   Code   RO         1049    i.HAL_InitTick      stm32f4xx_hal.o
    0x08002494   0x08002494   0x00000084   Code   RO          382    i.HAL_MspInit       stm32f4xx_hal_msp.o
    0x08002518   0x08002518   0x00000060   Code   RO         1205    i.HAL_NVIC_DisableIRQ  stm32f4xx_hal_cortex.o
    0x08002578   0x08002578   0x00000060   Code   RO         1206    i.HAL_NVIC_EnableIRQ  stm32f4xx_hal_cortex.o
    0x080025d8   0x080025d8   0x000000a0   Code   RO         1212    i.HAL_NVIC_SetPriority  stm32f4xx_hal_cortex.o
    0x08002678   0x08002678   0x00000080   Code   RO         1213    i.HAL_NVIC_SetPriorityGrouping  stm32f4xx_hal_cortex.o
    0x080026f8   0x080026f8   0x00000248   Code   RO         2053    i.HAL_RCC_ClockConfig  stm32f4xx_hal_rcc.o
    0x08002940   0x08002940   0x00000020   Code   RO         2060    i.HAL_RCC_GetPCLK1Freq  stm32f4xx_hal_rcc.o
    0x08002960   0x08002960   0x00000020   Code   RO         2061    i.HAL_RCC_GetPCLK2Freq  stm32f4xx_hal_rcc.o
    0x08002980   0x08002980   0x00000060   Code   RO         2062    i.HAL_RCC_GetSysClockFreq  stm32f4xx_hal_rcc.o
    0x080029e0   0x080029e0   0x0000044a   Code   RO         2065    i.HAL_RCC_OscConfig  stm32f4xx_hal_rcc.o
    0x08002e2a   0x08002e2a   0x00000002   PAD
    0x08002e2c   0x08002e2c   0x000001c0   Code   RO         2219    i.HAL_SPI_Init      stm32f4xx_hal_spi.o
    0x08002fec   0x08002fec   0x0000004c   Code   RO          384    i.HAL_SPI_MspInit   stm32f4xx_hal_msp.o
    0x08003038   0x08003038   0x00000220   Code   RO         2228    i.HAL_SPI_TransmitReceive  stm32f4xx_hal_spi.o
    0x08003258   0x08003258   0x00000002   Code   RO         1216    i.HAL_SYSTICK_Callback  stm32f4xx_hal_cortex.o
    0x0800325a   0x0800325a   0x00000028   Code   RO         1217    i.HAL_SYSTICK_Config  stm32f4xx_hal_cortex.o
    0x08003282   0x08003282   0x00000008   Code   RO         1218    i.HAL_SYSTICK_IRQHandler  stm32f4xx_hal_cortex.o
    0x0800328a   0x0800328a   0x00000002   PAD
    0x0800328c   0x0800328c   0x00000128   Code   RO         2586    i.HAL_UART_Init     stm32f4xx_hal_uart.o
    0x080033b4   0x080033b4   0x00000064   Code   RO          386    i.HAL_UART_MspInit  stm32f4xx_hal_msp.o
    0x08003418   0x08003418   0x000000ba   Code   RO         2594    i.HAL_UART_Transmit  stm32f4xx_hal_uart.o
    0x080034d2   0x080034d2   0x00000002   PAD
    0x080034d4   0x080034d4   0x0000013c   Code   RO            5    i.MX_GPIO_Init      main.o
    0x08003610   0x08003610   0x0000003c   Code   RO            6    i.MX_SPI1_Init      main.o
    0x0800364c   0x0800364c   0x00000020   Code   RO         1219    i.NVIC_SetPriority  stm32f4xx_hal_cortex.o
    0x0800366c   0x0800366c   0x00000020   Code   RO         2243    i.SPI_CheckFlag_BSY  stm32f4xx_hal_spi.o
    0x0800368c   0x0800368c   0x00000096   Code   RO         2261    i.SPI_WaitFlagStateUntilTimeout  stm32f4xx_hal_spi.o
    0x08003722   0x08003722   0x00000002   PAD
    0x08003724   0x08003724   0x0000000c   Code   RO          349    i.SpiInit           spi.o
    0x08003730   0x08003730   0x00000040   Code   RO          350    i.SpiTxRx           spi.o
    0x08003770   0x08003770   0x0000000e   Code   RO          431    i.SysTick_Handler   stm32f4xx_it.o
    0x0800377e   0x0800377e   0x00000002   PAD
    0x08003780   0x08003780   0x000000a0   Code   RO            7    i.SystemClock_Config  main.o
    0x08003820   0x08003820   0x00000054   Code   RO          519    i.SystemInit        system_stm32f4xx.o
    0x08003874   0x08003874   0x00000344   Code   RO         2612    i.UART_SetConfig    stm32f4xx_hal_uart.o
    0x08003bb8   0x08003bb8   0x00000064   Code   RO         2614    i.UART_WaitOnFlagUntilTimeout  stm32f4xx_hal_uart.o
    0x08003c1c   0x08003c1c   0x00000030   Code   RO         4449    i.__ARM_fpclassify  m_wm.l(fpclassify.o)
    0x08003c4c   0x08003c4c   0x0000000e   Code   RO         4317    i._is_digit         c_w.l(__printf_wp.o)
    0x08003c5a   0x08003c5a   0x00000002   Code   RO            8    i.assert_failed     main.o
    0x08003c5c   0x08003c5c   0x00000050   Code   RO          188    i.demoActivateP2P   demo.o
    0x08003cac   0x08003cac   0x0000017c   Code   RO          189    i.demoCycle         demo.o
    0x08003e28   0x08003e28   0x00000104   Code   RO          190    i.demoIsoDepBlockingTxRx  demo.o
    0x08003f2c   0x08003f2c   0x00000094   Code   RO          191    i.demoNfcDepBlockingTxRx  demo.o
    0x08003fc0   0x08003fc0   0x000000a0   Code   RO          192    i.demoPollAP2P      demo.o
    0x08004060   0x08004060   0x00000158   Code   RO          193    i.demoPollNFCA      demo.o
    0x080041b8   0x080041b8   0x000000d4   Code   RO          194    i.demoPollNFCB      demo.o
    0x0800428c   0x0800428c   0x000000e4   Code   RO          195    i.demoPollNFCF      demo.o
    0x08004370   0x08004370   0x0000008c   Code   RO          196    i.demoPollNFCV      demo.o
    0x080043fc   0x080043fc   0x00000088   Code   RO          197    i.demoSendAPDUs     demo.o
    0x08004484   0x08004484   0x0000012c   Code   RO          198    i.demoSendNdefUri   demo.o
    0x080045b0   0x080045b0   0x0000008c   Code   RO          296    i.hex2Str           logger.o
    0x0800463c   0x0800463c   0x00000020   Code   RO         3002    i.iso15693PhyConfigure  rfal_iso15693_2.o
    0x0800465c   0x0800465c   0x00000062   Code   RO         3004    i.iso15693PhyVCDCode1Of256  rfal_iso15693_2.o
    0x080046be   0x080046be   0x00000058   Code   RO         3005    i.iso15693PhyVCDCode1Of4  rfal_iso15693_2.o
    0x08004716   0x08004716   0x00000002   PAD
    0x08004718   0x08004718   0x0000018c   Code   RO         3006    i.iso15693VCDCode   rfal_iso15693_2.o
    0x080048a4   0x080048a4   0x0000012c   Code   RO         3007    i.iso15693VICCDecode  rfal_iso15693_2.o
    0x080049d0   0x080049d0   0x00000010   Code   RO         3059    i.isoDepClearCounters  rfal_isodep.o
    0x080049e0   0x080049e0   0x0000023c   Code   RO         3060    i.isoDepDataExchangePCD  rfal_isodep.o
    0x08004c1c   0x08004c1c   0x0000031c   Code   RO         3061    i.isoDepDataExchangePICC  rfal_isodep.o
    0x08004f38   0x08004f38   0x000000c4   Code   RO         3062    i.isoDepHandleControlMsg  rfal_isodep.o
    0x08004ffc   0x08004ffc   0x00000044   Code   RO         3063    i.isoDepReSendControlMsg  rfal_isodep.o
    0x08005040   0x08005040   0x00000090   Code   RO         3064    i.isoDepTx          rfal_isodep.o
    0x080050d0   0x080050d0   0x0000002e   Code   RO          297    i.logUsart          logger.o
    0x080050fe   0x080050fe   0x00000002   PAD
    0x08005100   0x08005100   0x0000000c   Code   RO          298    i.logUsartInit      logger.o
    0x0800510c   0x0800510c   0x00000024   Code   RO          299    i.logUsartTx        logger.o
    0x08005130   0x08005130   0x000001a0   Code   RO            9    i.main              main.o
    0x080052d0   0x080052d0   0x0000001c   Code   RO         3390    i.nfcipClearCounters  rfal_nfcdep.o
    0x080052ec   0x080052ec   0x00000058   Code   RO         3391    i.nfcipConfig       rfal_nfcdep.o
    0x08005344   0x08005344   0x00000060   Code   RO         3392    i.nfcipDEPControlMsg  rfal_nfcdep.o
    0x080053a4   0x080053a4   0x0000003c   Code   RO         3393    i.nfcipDataRx       rfal_nfcdep.o
    0x080053e0   0x080053e0   0x0000026c   Code   RO         3394    i.nfcipInitiatorHandleDEP  rfal_nfcdep.o
    0x0800564c   0x0800564c   0x00000148   Code   RO         3395    i.nfcipRun          rfal_nfcdep.o
    0x08005794   0x08005794   0x0000007c   Code   RO         3396    i.nfcipSetDEPParams  rfal_nfcdep.o
    0x08005810   0x08005810   0x00000338   Code   RO         3398    i.nfcipTargetHandleRX  rfal_nfcdep.o
    0x08005b48   0x08005b48   0x00000180   Code   RO         3399    i.nfcipTx           rfal_nfcdep.o
    0x08005cc8   0x08005cc8   0x00000068   Code   RO         3400    i.nfcipTxRx         rfal_nfcdep.o
    0x08005d30   0x08005d30   0x0000001c   Code   RO         2905    i.rfalAnalogConfigInitialize  rfal_analogconfig.o
    0x08005d4c   0x08005d4c   0x00000054   Code   RO         3682    i.rfalCalibrate     rfal_rfst25r3911.o
    0x08005da0   0x08005da0   0x0000000c   Code   RO         3683    i.rfalChipChangeRegBits  rfal_rfst25r3911.o
    0x08005dac   0x08005dac   0x0000000c   Code   RO         3684    i.rfalChipChangeTestRegBits  rfal_rfst25r3911.o
    0x08005db8   0x08005db8   0x00000028   Code   RO         3690    i.rfalCleanupTransceive  rfal_rfst25r3911.o
    0x08005de0   0x08005de0   0x00000028   Code   RO         2975    i.rfalCrcCalculateCcitt  rfal_crc.o
    0x08005e08   0x08005e08   0x000000b0   Code   RO         3693    i.rfalErrorHandling  rfal_rfst25r3911.o
    0x08005eb8   0x08005eb8   0x00000018   Code   RO         3694    i.rfalFIFOGetNumIncompleteBits  rfal_rfst25r3911.o
    0x08005ed0   0x08005ed0   0x00000014   Code   RO         3695    i.rfalFIFOStatusGetNumBytes  rfal_rfst25r3911.o
    0x08005ee4   0x08005ee4   0x0000001c   Code   RO         3696    i.rfalFIFOStatusIsIncompleteByte  rfal_rfst25r3911.o
    0x08005f00   0x08005f00   0x00000018   Code   RO         3697    i.rfalFIFOStatusIsMissingPar  rfal_rfst25r3911.o
    0x08005f18   0x08005f18   0x0000001c   Code   RO         3698    i.rfalFIFOStatusUpdate  rfal_rfst25r3911.o
    0x08005f34   0x08005f34   0x00000108   Code   RO         3699    i.rfalFeliCaPoll    rfal_rfst25r3911.o
    0x0800603c   0x0800603c   0x0000001c   Code   RO         3700    i.rfalFieldOff      rfal_rfst25r3911.o
    0x08006058   0x08006058   0x00000070   Code   RO         3701    i.rfalFieldOnAndStartGT  rfal_rfst25r3911.o
    0x080060c8   0x080060c8   0x00000024   Code   RO         3702    i.rfalGetBitRate    rfal_rfst25r3911.o
    0x080060ec   0x080060ec   0x00000014   Code   RO         3711    i.rfalGetTransceiveStatus  rfal_rfst25r3911.o
    0x08006100   0x08006100   0x00000108   Code   RO         3712    i.rfalISO14443ATransceiveAnticollisionFrame  rfal_rfst25r3911.o
    0x08006208   0x08006208   0x00000164   Code   RO         3713    i.rfalISO14443ATransceiveShortFrame  rfal_rfst25r3911.o
    0x0800636c   0x0800636c   0x00000012   Code   RO         3714    i.rfalISO15693TransceiveAnticollisionEOF  rfal_rfst25r3911.o
    0x0800637e   0x0800637e   0x00000002   PAD
    0x08006380   0x08006380   0x00000070   Code   RO         3715    i.rfalISO15693TransceiveAnticollisionFrame  rfal_rfst25r3911.o
    0x080063f0   0x080063f0   0x00000084   Code   RO         3717    i.rfalInitialize    rfal_rfst25r3911.o
    0x08006474   0x08006474   0x0000000a   Code   RO         3718    i.rfalIsExtFieldOn  rfal_rfst25r3911.o
    0x0800647e   0x0800647e   0x00000002   PAD
    0x08006480   0x08006480   0x00000018   Code   RO         3719    i.rfalIsGTExpired   rfal_rfst25r3911.o
    0x08006498   0x08006498   0x000000b6   Code   RO         3065    i.rfalIsoDepATTRIB  rfal_isodep.o
    0x0800654e   0x0800654e   0x00000002   PAD
    0x08006550   0x08006550   0x00000058   Code   RO         3066    i.rfalIsoDepApdu2IBLockParam  rfal_isodep.o
    0x080065a8   0x080065a8   0x000000a0   Code   RO         3067    i.rfalIsoDepCalcBitRate  rfal_isodep.o
    0x08006648   0x08006648   0x0000005c   Code   RO         3068    i.rfalIsoDepDeselect  rfal_isodep.o
    0x080066a4   0x080066a4   0x00000036   Code   RO         3069    i.rfalIsoDepFSxI2FSx  rfal_isodep.o
    0x080066da   0x080066da   0x0000001a   Code   RO         3070    i.rfalIsoDepFWI2FWT  rfal_isodep.o
    0x080066f4   0x080066f4   0x000000c4   Code   RO         3071    i.rfalIsoDepGetApduTransceiveStatus  rfal_isodep.o
    0x080067b8   0x080067b8   0x00000028   Code   RO         3072    i.rfalIsoDepGetMaxInfLen  rfal_isodep.o
    0x080067e0   0x080067e0   0x00000018   Code   RO         3073    i.rfalIsoDepGetTransceiveStatus  rfal_isodep.o
    0x080067f8   0x080067f8   0x00000058   Code   RO         3074    i.rfalIsoDepInitialize  rfal_isodep.o
    0x08006850   0x08006850   0x0000006c   Code   RO         3080    i.rfalIsoDepPPS     rfal_isodep.o
    0x080068bc   0x080068bc   0x00000170   Code   RO         3081    i.rfalIsoDepPollAHandleActivation  rfal_isodep.o
    0x08006a2c   0x08006a2c   0x0000012c   Code   RO         3082    i.rfalIsoDepPollBHandleActivation  rfal_isodep.o
    0x08006b58   0x08006b58   0x00000074   Code   RO         3083    i.rfalIsoDepRATS    rfal_isodep.o
    0x08006bcc   0x08006bcc   0x0000001e   Code   RO         3084    i.rfalIsoDepSFGI2SFGT  rfal_isodep.o
    0x08006bea   0x08006bea   0x00000002   PAD
    0x08006bec   0x08006bec   0x0000006c   Code   RO         3085    i.rfalIsoDepStartApduTransceive  rfal_isodep.o
    0x08006c58   0x08006c58   0x00000074   Code   RO         3086    i.rfalIsoDepStartTransceive  rfal_isodep.o
    0x08006ccc   0x08006ccc   0x00000110   Code   RO         3721    i.rfalListenSetState  rfal_rfst25r3911.o
    0x08006ddc   0x08006ddc   0x000000f4   Code   RO         3401    i.rfalNfcDepATR     rfal_nfcdep.o
    0x08006ed0   0x08006ed0   0x00000012   Code   RO         3402    i.rfalNfcDepCalculateRWT  rfal_nfcdep.o
    0x08006ee2   0x08006ee2   0x00000002   PAD
    0x08006ee4   0x08006ee4   0x00000010   Code   RO         3404    i.rfalNfcDepGetTransceiveStatus  rfal_nfcdep.o
    0x08006ef4   0x08006ef4   0x0000004c   Code   RO         3405    i.rfalNfcDepInitialize  rfal_nfcdep.o
    0x08006f40   0x08006f40   0x000000f8   Code   RO         3406    i.rfalNfcDepInitiatorHandleActivation  rfal_nfcdep.o
    0x08007038   0x08007038   0x00000064   Code   RO         3410    i.rfalNfcDepPSL     rfal_nfcdep.o
    0x0800709c   0x0800709c   0x00000058   Code   RO         3413    i.rfalNfcDepStartTransceive  rfal_nfcdep.o
    0x080070f4   0x080070f4   0x00000018   Code   RO         3237    i.rfalNfcaCalculateBcc  rfal_nfca.o
    0x0800710c   0x0800710c   0x0000002a   Code   RO         3239    i.rfalNfcaPollerCheckPresence  rfal_nfca.o
    0x08007136   0x08007136   0x00000158   Code   RO         3240    i.rfalNfcaPollerFullCollisionResolution  rfal_nfca.o
    0x0800728e   0x0800728e   0x00000002   PAD
    0x08007290   0x08007290   0x00000034   Code   RO         3241    i.rfalNfcaPollerInitialize  rfal_nfca.o
    0x080072c4   0x080072c4   0x000001c2   Code   RO         3243    i.rfalNfcaPollerSingleCollisionResolution  rfal_nfca.o
    0x08007486   0x08007486   0x00000030   Code   RO         3244    i.rfalNfcaPollerSleep  rfal_nfca.o
    0x080074b6   0x080074b6   0x00000002   PAD
    0x080074b8   0x080074b8   0x00000028   Code   RO         3245    i.rfalNfcaPollerTechnologyDetection  rfal_nfca.o
    0x080074e0   0x080074e0   0x0000001c   Code   RO         3308    i.rfalNfcbCheckSensbRes  rfal_nfcb.o
    0x080074fc   0x080074fc   0x00000090   Code   RO         3309    i.rfalNfcbPollerCheckPresence  rfal_nfcb.o
    0x0800758c   0x0800758c   0x00000014   Code   RO         3310    i.rfalNfcbPollerCollisionResolution  rfal_nfcb.o
    0x080075a0   0x080075a0   0x000001e2   Code   RO         3311    i.rfalNfcbPollerCollisionResolutionSlotted  rfal_nfcb.o
    0x08007782   0x08007782   0x00000002   PAD
    0x08007784   0x08007784   0x00000040   Code   RO         3312    i.rfalNfcbPollerInitialize  rfal_nfcb.o
    0x080077c4   0x080077c4   0x0000004c   Code   RO         3314    i.rfalNfcbPollerSleep  rfal_nfcb.o
    0x08007810   0x08007810   0x0000005c   Code   RO         3315    i.rfalNfcbPollerSlotMarker  rfal_nfcb.o
    0x0800786c   0x0800786c   0x00000010   Code   RO         3317    i.rfalNfcbTR2ToFDT  rfal_nfcb.o
    0x0800787c   0x0800787c   0x000000ec   Code   RO         3549    i.rfalNfcfComputeValidSENF  rfal_nfcf.o
    0x08007968   0x08007968   0x00000028   Code   RO         3551    i.rfalNfcfPollerCheckPresence  rfal_nfcf.o
    0x08007990   0x08007990   0x000000a4   Code   RO         3552    i.rfalNfcfPollerCollisionResolution  rfal_nfcf.o
    0x08007a34   0x08007a34   0x00000040   Code   RO         3553    i.rfalNfcfPollerInitialize  rfal_nfcf.o
    0x08007a74   0x08007a74   0x00000016   Code   RO         3554    i.rfalNfcfPollerPoll  rfal_nfcf.o
    0x08007a8a   0x08007a8a   0x00000124   Code   RO         3605    i.rfalNfcvPollerCollisionResolution  rfal_nfcv.o
    0x08007bae   0x08007bae   0x00000002   PAD
    0x08007bb0   0x08007bb0   0x00000034   Code   RO         3606    i.rfalNfcvPollerInitialize  rfal_nfcv.o
    0x08007be4   0x08007be4   0x00000082   Code   RO         3607    i.rfalNfcvPollerInventory  rfal_nfcv.o
    0x08007c66   0x08007c66   0x00000002   PAD
    0x08007c68   0x08007c68   0x000000c4   Code   RO         3726    i.rfalPrepareTransceive  rfal_rfst25r3911.o
    0x08007d2c   0x08007d2c   0x00000134   Code   RO         3727    i.rfalRunListenModeWorker  rfal_rfst25r3911.o
    0x08007e60   0x08007e60   0x000000d0   Code   RO         2911    i.rfalSetAnalogConfig  rfal_analogconfig.o
    0x08007f30   0x08007f30   0x00000168   Code   RO         3728    i.rfalSetBitRate    rfal_rfst25r3911.o
    0x08008098   0x08008098   0x0000000c   Code   RO         3729    i.rfalSetErrorHandling  rfal_rfst25r3911.o
    0x080080a4   0x080080a4   0x00000014   Code   RO         3730    i.rfalSetFDTListen  rfal_rfst25r3911.o
    0x080080b8   0x080080b8   0x00000018   Code   RO         3731    i.rfalSetFDTPoll    rfal_rfst25r3911.o
    0x080080d0   0x080080d0   0x00000018   Code   RO         3732    i.rfalSetGT         rfal_rfst25r3911.o
    0x080080e8   0x080080e8   0x00000184   Code   RO         3733    i.rfalSetMode       rfal_rfst25r3911.o
    0x0800826c   0x0800826c   0x00000028   Code   RO         4097    i.rfalSt25tbPollerCheckPresence  rfal_st25tb.o
    0x08008294   0x08008294   0x0000010a   Code   RO         4098    i.rfalSt25tbPollerCollisionResolution  rfal_st25tb.o
    0x0800839e   0x0800839e   0x00000034   Code   RO         4100    i.rfalSt25tbPollerGetUID  rfal_st25tb.o
    0x080083d2   0x080083d2   0x00000004   Code   RO         4101    i.rfalSt25tbPollerInitialize  rfal_st25tb.o
    0x080083d6   0x080083d6   0x00000044   Code   RO         4102    i.rfalSt25tbPollerInitiate  rfal_st25tb.o
    0x0800841a   0x0800841a   0x0000003a   Code   RO         4103    i.rfalSt25tbPollerPcall  rfal_st25tb.o
    0x08008454   0x08008454   0x00000042   Code   RO         4106    i.rfalSt25tbPollerSelect  rfal_st25tb.o
    0x08008496   0x08008496   0x00000042   Code   RO         4107    i.rfalSt25tbPollerSlotMarker  rfal_st25tb.o
    0x080084d8   0x080084d8   0x0000015c   Code   RO         3739    i.rfalStartTransceive  rfal_rfst25r3911.o
    0x08008634   0x08008634   0x00000030   Code   RO         4187    i.rfalT1TPollerInitialize  rfal_t1t.o
    0x08008664   0x08008664   0x00000052   Code   RO         4189    i.rfalT1TPollerRid  rfal_t1t.o
    0x080086b6   0x080086b6   0x00000002   PAD
    0x080086b8   0x080086b8   0x0000001c   Code   RO         3740    i.rfalTransceiveBlockingRx  rfal_rfst25r3911.o
    0x080086d4   0x080086d4   0x0000003e   Code   RO         3741    i.rfalTransceiveBlockingTx  rfal_rfst25r3911.o
    0x08008712   0x08008712   0x00000028   Code   RO         3742    i.rfalTransceiveBlockingTxRx  rfal_rfst25r3911.o
    0x0800873a   0x0800873a   0x00000002   PAD
    0x0800873c   0x0800873c   0x00000028   Code   RO         3743    i.rfalTransceiveRunBlockingTx  rfal_rfst25r3911.o
    0x08008764   0x08008764   0x000003b4   Code   RO         3744    i.rfalTransceiveRx  rfal_rfst25r3911.o
    0x08008b18   0x08008b18   0x000002ac   Code   RO         3745    i.rfalTransceiveTx  rfal_rfst25r3911.o
    0x08008dc4   0x08008dc4   0x00000018   Code   RO         3746    i.rfalWakeUpModeHasWoke  rfal_rfst25r3911.o
    0x08008ddc   0x08008ddc   0x00000194   Code   RO         3747    i.rfalWakeUpModeStart  rfal_rfst25r3911.o
    0x08008f70   0x08008f70   0x00000038   Code   RO         3748    i.rfalWakeUpModeStop  rfal_rfst25r3911.o
    0x08008fa8   0x08008fa8   0x00000070   Code   RO         3749    i.rfalWorker        rfal_rfst25r3911.o
    0x08009018   0x08009018   0x0000006a   Code   RO          556    i.st25r3911AdjustRegulators  st25r3911.o
    0x08009082   0x08009082   0x0000000c   Code   RO          557    i.st25r3911CalibrateAntenna  st25r3911.o
    0x0800908e   0x0800908e   0x00000006   Code   RO          772    i.st25r3911ChangeRegisterBits  st25r3911_com.o
    0x08009094   0x08009094   0x00000022   Code   RO          773    i.st25r3911ChangeTestRegisterBits  st25r3911_com.o
    0x080090b6   0x080090b6   0x0000002e   Code   RO          560    i.st25r3911CheckChipID  st25r3911.o
    0x080090e4   0x080090e4   0x00000018   Code   RO          774    i.st25r3911CheckFieldSetLED  st25r3911_com.o
    0x080090fc   0x080090fc   0x00000060   Code   RO          891    i.st25r3911CheckForReceivedInterrupts  st25r3911_interrupt.o
    0x0800915c   0x0800915c   0x00000024   Code   RO          561    i.st25r3911CheckReg  st25r3911.o
    0x08009180   0x08009180   0x00000024   Code   RO          892    i.st25r3911ClearInterrupts  st25r3911_interrupt.o
    0x080091a4   0x080091a4   0x0000001e   Code   RO          775    i.st25r3911ClrRegisterBits  st25r3911_com.o
    0x080091c2   0x080091c2   0x00000008   Code   RO          893    i.st25r3911DisableInterrupts  st25r3911_interrupt.o
    0x080091ca   0x080091ca   0x00000006   Code   RO          894    i.st25r3911EnableInterrupts  st25r3911_interrupt.o
    0x080091d0   0x080091d0   0x0000005c   Code   RO          776    i.st25r3911ExecuteCommand  st25r3911_com.o
    0x0800922c   0x0800922c   0x00000062   Code   RO          563    i.st25r3911ExecuteCommandAndGetResult  st25r3911.o
    0x0800928e   0x0800928e   0x00000002   PAD
    0x08009290   0x08009290   0x0000003c   Code   RO          777    i.st25r3911ExecuteCommands  st25r3911_com.o
    0x080092cc   0x080092cc   0x00000024   Code   RO          895    i.st25r3911GetInterrupt  st25r3911_interrupt.o
    0x080092f0   0x080092f0   0x00000020   Code   RO          898    i.st25r3911InitInterrupts  st25r3911_interrupt.o
    0x08009310   0x08009310   0x0000004c   Code   RO          567    i.st25r3911Initialize  st25r3911.o
    0x0800935c   0x0800935c   0x00000018   Code   RO          899    i.st25r3911Isr      st25r3911_interrupt.o
    0x08009374   0x08009374   0x0000000c   Code   RO          572    i.st25r3911MeasureAntennaResonance  st25r3911.o
    0x08009380   0x08009380   0x0000000c   Code   RO          574    i.st25r3911MeasureRF  st25r3911.o
    0x0800938c   0x0800938c   0x00000040   Code   RO          575    i.st25r3911MeasureVoltage  st25r3911.o
    0x080093cc   0x080093cc   0x00000044   Code   RO          900    i.st25r3911ModifyInterrupts  st25r3911_interrupt.o
    0x08009410   0x08009410   0x00000022   Code   RO          779    i.st25r3911ModifyRegister  st25r3911_com.o
    0x08009432   0x08009432   0x00000038   Code   RO          576    i.st25r3911OscOn    st25r3911.o
    0x0800946a   0x0800946a   0x0000008a   Code   RO          577    i.st25r3911PerformCollisionAvoidance  st25r3911.o
    0x080094f4   0x080094f4   0x0000004c   Code   RO          780    i.st25r3911ReadFifo  st25r3911_com.o
    0x08009540   0x08009540   0x0000004c   Code   RO          781    i.st25r3911ReadMultipleRegisters  st25r3911_com.o
    0x0800958c   0x0800958c   0x00000050   Code   RO          782    i.st25r3911ReadRegister  st25r3911_com.o
    0x080095dc   0x080095dc   0x00000058   Code   RO          783    i.st25r3911ReadTestRegister  st25r3911_com.o
    0x08009634   0x08009634   0x0000004e   Code   RO          578    i.st25r3911SetBitrate  st25r3911.o
    0x08009682   0x08009682   0x00000018   Code   RO          579    i.st25r3911SetGPTime_8fcs  st25r3911.o
    0x0800969a   0x0800969a   0x00000002   PAD
    0x0800969c   0x0800969c   0x00000048   Code   RO          580    i.st25r3911SetNoResponseTime_64fcs  st25r3911.o
    0x080096e4   0x080096e4   0x0000001a   Code   RO          581    i.st25r3911SetNumTxBits  st25r3911.o
    0x080096fe   0x080096fe   0x0000001e   Code   RO          784    i.st25r3911SetRegisterBits  st25r3911_com.o
    0x0800971c   0x0800971c   0x00000022   Code   RO          583    i.st25r3911StartGPTimer_8fcs  st25r3911.o
    0x0800973e   0x0800973e   0x00000068   Code   RO          584    i.st25r3911StreamConfigure  st25r3911.o
    0x080097a6   0x080097a6   0x00000008   Code   RO          585    i.st25r3911TxRxOff  st25r3911.o
    0x080097ae   0x080097ae   0x00000008   Code   RO          586    i.st25r3911TxRxOn   st25r3911.o
    0x080097b6   0x080097b6   0x00000002   PAD
    0x080097b8   0x080097b8   0x0000003c   Code   RO          901    i.st25r3911WaitForInterruptsTimed  st25r3911_interrupt.o
    0x080097f4   0x080097f4   0x0000004c   Code   RO          785    i.st25r3911WriteFifo  st25r3911_com.o
    0x08009840   0x08009840   0x0000004c   Code   RO          787    i.st25r3911WriteRegister  st25r3911_com.o
    0x0800988c   0x0800988c   0x00000048   Code   RO          788    i.st25r3911WriteTestRegister  st25r3911_com.o
    0x080098d4   0x080098d4   0x0000000c   Code   RO          978    i.timerCalculateTimer  timer.o
    0x080098e0   0x080098e0   0x00000014   Code   RO          980    i.timerIsExpired    timer.o
    0x080098f4   0x080098f4   0x0000002c   Code   RO         4432    locale$$code        c_w.l(lc_numeric_c.o)
    0x08009920   0x08009920   0x0000002c   Code   RO         4459    locale$$code        c_w.l(lc_ctype_c.o)
    0x0800994c   0x0800994c   0x0000000a   Code   RO         4527    x$fpl$fpinit        fz_wm.l(fpinit.o)
    0x08009956   0x08009956   0x00000004   Code   RO         4352    x$fpl$printf1       fz_wm.l(printf1.o)
    0x0800995a   0x0800995a   0x00000004   Code   RO         4354    x$fpl$printf2       fz_wm.l(printf2.o)
    0x0800995e   0x0800995e   0x00000000   Code   RO         4448    x$fpl$usenofp       fz_wm.l(usenofp.o)
    0x0800995e   0x0800995e   0x00000010   Data   RO          520    .constdata          system_stm32f4xx.o
    0x0800996e   0x0800996e   0x00000008   Data   RO          521    .constdata          system_stm32f4xx.o
    0x08009976   0x08009976   0x0000018f   Data   RO         2912    .constdata          rfal_analogconfig.o
    0x08009b05   0x08009b05   0x00000001   PAD
    0x08009b06   0x08009b06   0x00000008   Data   RO         3318    .constdata          rfal_nfcb.o
    0x08009b0e   0x08009b0e   0x00000002   PAD
    0x08009b10   0x08009b10   0x00000008   Data   RO         4276    .constdata          c_w.l(_printf_wctomb.o)
    0x08009b18   0x08009b18   0x00000028   Data   RO         4305    .constdata          c_w.l(_printf_hex_int_ll_ptr.o)
    0x08009b40   0x08009b40   0x00000011   Data   RO         4325    .constdata          c_w.l(__printf_flags_ss_wp.o)
    0x08009b51   0x08009b51   0x00000026   Data   RO         4384    .constdata          c_w.l(_printf_fp_hex.o)
    0x08009b77   0x08009b77   0x00000001   PAD
    0x08009b78   0x08009b78   0x00000094   Data   RO         4407    .constdata          c_w.l(bigflt0.o)
    0x08009c0c   0x08009c0c   0x00000044   Data   RO          200    .conststring        demo.o
    0x08009c50   0x08009c50   0x00000020   Data   RO         4583    Region$$Table       anon$$obj.o
    0x08009c70   0x08009c70   0x0000001c   Data   RO         4431    locale$$data        c_w.l(lc_numeric_c.o)
    0x08009c8c   0x08009c8c   0x00000110   Data   RO         4458    locale$$data        c_w.l(lc_ctype_c.o)


    Execution Region RW_IRAM1 (Exec base: 0x20000000, Load base: 0x08009d9c, Size: 0x00001958, Max: 0x00018000, ABSOLUTE)

    Exec Addr    Load Addr    Size         Type   Attr      Idx    E Section Name        Object

    0x20000000   0x08009d9c   0x0000007b   Data   RW          201    .data               demo.o
    0x2000007b   0x08009e17   0x00000001   PAD
    0x2000007c   0x08009e18   0x00000008   Data   RW          301    .data               logger.o
    0x20000084   0x08009e20   0x00000004   Data   RW          351    .data               spi.o
    0x20000088   0x08009e24   0x00000004   Data   RW          522    .data               system_stm32f4xx.o
    0x2000008c   0x08009e28   0x00000004   Data   RW          587    .data               st25r3911.o
    0x20000090   0x08009e2c   0x0000000c   Data   RW         1055    .data               stm32f4xx_hal.o
    0x2000009c   0x08009e38   0x00000008   Data   RW         2913    .data               rfal_analogconfig.o
    0x200000a4   0x08009e40   0x00000006   Data   RW         3008    .data               rfal_iso15693_2.o
    0x200000aa   0x08009e46   0x00000002   Data   RW         3320    .data               rfal_nfcb.o
    0x200000ac        -       0x00000098   Zero   RW           10    .bss                main.o
    0x20000144        -       0x00000964   Zero   RW          199    .bss                demo.o
    0x20000aa8        -       0x00000200   Zero   RW          300    .bss                logger.o
    0x20000ca8        -       0x00000010   Zero   RW          902    .bss                st25r3911_interrupt.o
    0x20000cb8        -       0x00000084   Zero   RW         3087    .bss                rfal_isodep.o
    0x20000d3c        -       0x00000088   Zero   RW         3415    .bss                rfal_nfcdep.o
    0x20000dc4        -       0x00000142   Zero   RW         3555    .bss                rfal_nfcf.o
    0x20000f06   0x08009e48   0x00000002   PAD
    0x20000f08        -       0x000003ec   Zero   RW         3750    .bss                rfal_rfst25r3911.o
    0x200012f4        -       0x00000060   Zero   RW         4452    .bss                c_w.l(libspace.o)
    0x20001354   0x08009e48   0x00000004   PAD
    0x20001358        -       0x00000200   Zero   RW          509    HEAP                startup_stm32f401xe.o
    0x20001558        -       0x00000400   Zero   RW          508    STACK               startup_stm32f401xe.o


==============================================================================

Image component sizes


      Code (inc. data)   RO Data    RW Data    ZI Data      Debug   Object Name

      2388        790         68        123       2404      30412   demo.o
       234         40          0          8        512       5602   logger.o
       954        164          0          0        152     406835   main.o
       236         14        399          8          0       8669   rfal_analogconfig.o
        40          0          0          0          0       1292   rfal_crc.o
       914         18          0          6          0       8098   rfal_iso15693_2.o
      3888        104          0          0        132      29768   rfal_isodep.o
      1000          4          0          0          0       8121   rfal_nfca.o
       922         28          8          2          0       9224   rfal_nfcb.o
      3446        116          0          0        136      23918   rfal_nfcdep.o
       526         18          0          0        322       5342   rfal_nfcf.o
       474          4          0          0          0       4561   rfal_nfcv.o
      6174        320          0          0       1004      40258   rfal_rfst25r3911.o
       620          0          0          0          0       7969   rfal_st25tb.o
       130          0          0          0          0       2381   rfal_t1t.o
        76         10          0          4          0       1983   spi.o
      1010          4          0          4          0      19243   st25r3911.o
       854         56          0          0          0      11989   st25r3911_com.o
       366         38          0          0         16       7342   st25r3911_interrupt.o
        64         26        404          0       1536        864   startup_stm32f401xe.o
       180         28          0         12          0       4933   stm32f4xx_hal.o
       562        256          0          0          0      32841   stm32f4xx_hal_cortex.o
      1018        310          0          0          0       5472   stm32f4xx_hal_gpio.o
       308         34          0          0          0       2467   stm32f4xx_hal_msp.o
      1842        188          0          0          0       5668   stm32f4xx_hal_rcc.o
      1174        130          0          0          0       4749   stm32f4xx_hal_spi.o
      1418        148          0          0          0       4492   stm32f4xx_hal_uart.o
        30          0          0          0          0       1101   stm32f4xx_it.o
        84         18         24          4          0       1539   system_stm32f4xx.o
        32          0          0          0          0       1797   timer.o

    ----------------------------------------------------------------------
     31012       2866        938        172       6216     698930   Object Totals
         0          0         32          0          0          0   (incl. Generated)
        48          0          3          1          2          0   (incl. Padding)

    ----------------------------------------------------------------------

      Code (inc. data)   RO Data    RW Data    ZI Data      Debug   Library Member Name

         8          0          0          0          0         68   __main.o
       392          4         17          0          0         92   __printf_flags_ss_wp.o
        14          0          0          0          0         68   __printf_wp.o
         0          0          0          0          0          0   __rtentry.o
        12          0          0          0          0          0   __rtentry2.o
         6          0          0          0          0          0   __rtentry4.o
        52          8          0          0          0          0   __scatter.o
        26          0          0          0          0          0   __scatter_copy.o
        28          0          0          0          0          0   __scatter_zi.o
         6          0          0          0          0          0   _printf_a.o
         6          0          0          0          0          0   _printf_c.o
        44          0          0          0          0        108   _printf_char.o
        48          6          0          0          0         96   _printf_char_common.o
        40          0          0          0          0         68   _printf_charcount.o
         6          0          0          0          0          0   _printf_d.o
       120         16          0          0          0         92   _printf_dec.o
         6          0          0          0          0          0   _printf_e.o
         6          0          0          0          0          0   _printf_f.o
      1054          0          0          0          0        216   _printf_fp_dec.o
       764          8         38          0          0        100   _printf_fp_hex.o
       128         16          0          0          0         84   _printf_fp_infnan.o
         6          0          0          0          0          0   _printf_g.o
       148          4         40          0          0        160   _printf_hex_int_ll_ptr.o
         6          0          0          0          0          0   _printf_i.o
       178          0          0          0          0         88   _printf_intcommon.o
        10          0          0          0          0          0   _printf_l.o
         6          0          0          0          0          0   _printf_lc.o
        10          0          0          0          0          0   _printf_ll.o
         6          0          0          0          0          0   _printf_lld.o
         6          0          0          0          0          0   _printf_lli.o
         6          0          0          0          0          0   _printf_llo.o
         6          0          0          0          0          0   _printf_llu.o
         6          0          0          0          0          0   _printf_llx.o
       124         16          0          0          0         92   _printf_longlong_dec.o
         6          0          0          0          0          0   _printf_ls.o
         6          0          0          0          0          0   _printf_n.o
         6          0          0          0          0          0   _printf_o.o
       112         10          0          0          0        124   _printf_oct_int_ll.o
         6          0          0          0          0          0   _printf_p.o
        78          0          0          0          0        108   _printf_pad.o
         0          0          0          0          0          0   _printf_percent.o
         4          0          0          0          0          0   _printf_percent_end.o
         6          0          0          0          0          0   _printf_s.o
        82          0          0          0          0         80   _printf_str.o
        36          0          0          0          0         84   _printf_truncate.o
         6          0          0          0          0          0   _printf_u.o
        44          0          0          0          0        108   _printf_wchar.o
       188          6          8          0          0         92   _printf_wctomb.o
         6          0          0          0          0          0   _printf_x.o
        16          0          0          0          0         68   _snputc.o
        10          0          0          0          0         68   _sputc.o
        64          0          0          0          0         92   _wcrtomb.o
        16          0          0          0          0         68   aeabi_memset.o
       228          4        148          0          0         96   bigflt0.o
      1936        128          0          0          0        672   btod.o
        18          0          0          0          0         80   exit.o
         6          0          0          0          0        152   heapauxi.o
         0          0          0          0          0          0   indicate_semi.o
        44         10        272          0          0         76   lc_ctype_c.o
        44         10         28          0          0         76   lc_numeric_c.o
         2          0          0          0          0          0   libinit.o
        34          0          0          0          0          0   libinit2.o
         2          0          0          0          0          0   libshutdown.o
         2          0          0          0          0          0   libshutdown2.o
         8          4          0          0         96         68   libspace.o
       138          0          0          0          0         80   lludiv10.o
       238          0          0          0          0        100   lludivv7m.o
        88          0          0          0          0         76   memcmp.o
        16          4          0          0          0         76   rt_ctype_table.o
         8          4          0          0          0         68   rt_locale_intlibspace.o
        68          0          0          0          0         68   rt_memclr.o
        78          0          0          0          0         80   rt_memclr_w.o
       138          0          0          0          0         68   rt_memcpy_v6.o
       100          0          0          0          0         80   rt_memcpy_w.o
       132          0          0          0          0         68   rt_memmove_v6.o
       122          0          0          0          0         80   rt_memmove_w.o
         2          0          0          0          0          0   rtexit.o
        10          0          0          0          0          0   rtexit2.o
       128          0          0          0          0         68   strcmpv7m.o
        62          0          0          0          0         76   strlen.o
        12          4          0          0          0         68   sys_exit.o
        74          0          0          0          0         80   sys_stackheap_outer.o
         2          0          0          0          0         68   use_no_semi.o
        52          4          0          0          0         80   vsnprintf.o
        10          0          0          0          0        116   fpinit.o
         4          0          0          0          0        116   printf1.o
         4          0          0          0          0        116   printf2.o
         0          0          0          0          0          0   usenofp.o
        48          0          0          0          0        124   fpclassify.o

    ----------------------------------------------------------------------
      7846        266        552          0        100       5200   Library Totals
        12          0          1          0          4          0   (incl. Padding)

    ----------------------------------------------------------------------

      Code (inc. data)   RO Data    RW Data    ZI Data      Debug   Library Name

      7768        266        551          0         96       4728   c_w.l
        18          0          0          0          0        348   fz_wm.l
        48          0          0          0          0        124   m_wm.l

    ----------------------------------------------------------------------
      7846        266        552          0        100       5200   Library Totals

    ----------------------------------------------------------------------

==============================================================================


      Code (inc. data)   RO Data    RW Data    ZI Data      Debug   

     38858       3132       1490        172       6316     678978   Grand Totals
     38858       3132       1490        172       6316     678978   ELF Image Totals
     38858       3132       1490        172          0          0   ROM Totals

==============================================================================

    Total RO  Size (Code + RO Data)                40348 (  39.40kB)
    Total RW  Size (RW Data + ZI Data)              6488 (   6.34kB)
    Total ROM Size (Code + RO Data + RW Data)      40520 (  39.57kB)

==============================================================================

