Component: ARM Compiler 5.06 update 6 (build 750) Tool: armlink [4d35ed]

==============================================================================

Section Cross References

    main.o(i.HAL_UART_RxCpltCallback) refers to stm32f4xx_hal_uart.o(i.HAL_UART_Transmit_DMA) for HAL_UART_Transmit_DMA
    main.o(i.HAL_UART_RxCpltCallback) refers to sample_service.o(i.sendData) for sendData
    main.o(i.HAL_UART_RxCpltCallback) refers to main.o(.bss) for .bss
    main.o(i.HAL_UART_RxCpltCallback) refers to stm32f4xx_nucleo.o(.bss) for hcom_uart
    main.o(i.MX_GPIO_Init) refers to memseta.o(.text) for __aeabi_memclr4
    main.o(i.MX_GPIO_Init) refers to stm32f4xx_hal_gpio.o(i.HAL_GPIO_WritePin) for HAL_GPIO_WritePin
    main.o(i.MX_GPIO_Init) refers to stm32f4xx_hal_gpio.o(i.HAL_GPIO_Init) for HAL_GPIO_Init
    main.o(i.MX_GPIO_Init) refers to stm32f4xx_hal_cortex.o(i.HAL_NVIC_SetPriority) for HAL_NVIC_SetPriority
    main.o(i.MX_GPIO_Init) refers to stm32f4xx_hal_cortex.o(i.HAL_NVIC_EnableIRQ) for HAL_NVIC_EnableIRQ
    main.o(i.SystemClock_Config) refers to memseta.o(.text) for __aeabi_memclr4
    main.o(i.SystemClock_Config) refers to stm32f4xx_hal_rcc.o(i.HAL_RCC_OscConfig) for HAL_RCC_OscConfig
    main.o(i.SystemClock_Config) refers to stm32f4xx_hal_rcc.o(i.HAL_RCC_ClockConfig) for HAL_RCC_ClockConfig
    main.o(i.USART1_DMA_Init) refers to stm32f4xx_hal_dma.o(i.HAL_DMA_Init) for HAL_DMA_Init
    main.o(i.USART1_DMA_Init) refers to stm32f4xx_hal_cortex.o(i.HAL_NVIC_SetPriority) for HAL_NVIC_SetPriority
    main.o(i.USART1_DMA_Init) refers to stm32f4xx_hal_cortex.o(i.HAL_NVIC_EnableIRQ) for HAL_NVIC_EnableIRQ
    main.o(i.USART1_DMA_Init) refers to main.o(.bss) for .bss
    main.o(i.USART1_Init) refers to stm32f4xx_hal_uart.o(i.HAL_UART_Init) for HAL_UART_Init
    main.o(i.USART1_Init) refers to stm32f4xx_hal_cortex.o(i.HAL_NVIC_SetPriority) for HAL_NVIC_SetPriority
    main.o(i.USART1_Init) refers to stm32f4xx_hal_cortex.o(i.HAL_NVIC_EnableIRQ) for HAL_NVIC_EnableIRQ
    main.o(i.USART1_Init) refers to main.o(.bss) for .bss
    main.o(i.fgetc) refers to stm32f4xx_hal_uart.o(i.HAL_UART_Receive) for HAL_UART_Receive
    main.o(i.fgetc) refers to main.o(.bss) for .bss
    main.o(i.main) refers to stm32f4xx_hal.o(i.HAL_Init) for HAL_Init
    main.o(i.main) refers to stm32f4xx_hal_gpio.o(i.HAL_GPIO_Init) for HAL_GPIO_Init
    main.o(i.main) refers to main.o(i.USART1_DMA_Init) for USART1_DMA_Init
    main.o(i.main) refers to main.o(i.USART1_Init) for USART1_Init
    main.o(i.main) refers to main.o(i.SystemClock_Config) for SystemClock_Config
    main.o(i.main) refers to main.o(i.MX_GPIO_Init) for MX_GPIO_Init
    main.o(i.main) refers to app_x-cube-ble1.o(i.MX_BlueNRG_MS_Init) for MX_BlueNRG_MS_Init
    main.o(i.main) refers to app_x-cube-ble1.o(i.MX_BlueNRG_MS_Process) for MX_BlueNRG_MS_Process
    hci_tl_interface.o(i.HCI_TL_SPI_DeInit) refers to stm32f4xx_hal_gpio.o(i.HAL_GPIO_DeInit) for HAL_GPIO_DeInit
    hci_tl_interface.o(i.HCI_TL_SPI_Init) refers to stm32f4xx_hal_gpio.o(i.HAL_GPIO_Init) for HAL_GPIO_Init
    hci_tl_interface.o(i.HCI_TL_SPI_Init) refers to stm32f4xx_nucleo_bus.o(i.BSP_SPI1_Init) for BSP_SPI1_Init
    hci_tl_interface.o(i.HCI_TL_SPI_Receive) refers to stm32f4xx_hal_gpio.o(i.HAL_GPIO_WritePin) for HAL_GPIO_WritePin
    hci_tl_interface.o(i.HCI_TL_SPI_Receive) refers to stm32f4xx_nucleo_bus.o(i.BSP_SPI1_SendRecv) for BSP_SPI1_SendRecv
    hci_tl_interface.o(i.HCI_TL_SPI_Reset) refers to stm32f4xx_hal_gpio.o(i.HAL_GPIO_WritePin) for HAL_GPIO_WritePin
    hci_tl_interface.o(i.HCI_TL_SPI_Reset) refers to stm32f4xx_hal.o(i.HAL_Delay) for HAL_Delay
    hci_tl_interface.o(i.HCI_TL_SPI_Send) refers to stm32f4xx_hal.o(i.HAL_GetTick) for HAL_GetTick
    hci_tl_interface.o(i.HCI_TL_SPI_Send) refers to stm32f4xx_hal_gpio.o(i.HAL_GPIO_WritePin) for HAL_GPIO_WritePin
    hci_tl_interface.o(i.HCI_TL_SPI_Send) refers to stm32f4xx_nucleo_bus.o(i.BSP_SPI1_SendRecv) for BSP_SPI1_SendRecv
    hci_tl_interface.o(i.HCI_TL_SPI_Send) refers to hci_tl_interface.o(.bss) for .bss
    hci_tl_interface.o(i.hci_tl_lowlevel_init) refers to hci_tl.o(i.hci_register_io_bus) for hci_register_io_bus
    hci_tl_interface.o(i.hci_tl_lowlevel_init) refers to stm32f4xx_hal_exti.o(i.HAL_EXTI_GetHandle) for HAL_EXTI_GetHandle
    hci_tl_interface.o(i.hci_tl_lowlevel_init) refers to stm32f4xx_hal_exti.o(i.HAL_EXTI_RegisterCallback) for HAL_EXTI_RegisterCallback
    hci_tl_interface.o(i.hci_tl_lowlevel_init) refers to stm32f4xx_hal_cortex.o(i.HAL_NVIC_SetPriority) for HAL_NVIC_SetPriority
    hci_tl_interface.o(i.hci_tl_lowlevel_init) refers to stm32f4xx_hal_cortex.o(i.HAL_NVIC_EnableIRQ) for HAL_NVIC_EnableIRQ
    hci_tl_interface.o(i.hci_tl_lowlevel_init) refers to hci_tl_interface.o(i.HCI_TL_SPI_Init) for HCI_TL_SPI_Init
    hci_tl_interface.o(i.hci_tl_lowlevel_init) refers to hci_tl_interface.o(i.HCI_TL_SPI_DeInit) for HCI_TL_SPI_DeInit
[...]
    ..\\Drivers\\STM32F4xx_HAL_Driver\\Src\\stm32f4xx_hal_usart.c 0x00000000   Number         0  stm32f4xx_hal_usart.o ABSOLUTE
    ..\\Middlewares\\ST\\BlueNRG-MS\\hci\\controller\\bluenrg_gap_aci.c 0x00000000   Number         0  bluenrg_gap_aci.o ABSOLUTE
    ..\\Middlewares\\ST\\BlueNRG-MS\\hci\\controller\\bluenrg_gatt_aci.c 0x00000000   Number         0  bluenrg_gatt_aci.o ABSOLUTE
    ..\\Middlewares\\ST\\BlueNRG-MS\\hci\\controller\\bluenrg_hal_aci.c 0x00000000   Number         0  bluenrg_hal_aci.o ABSOLUTE
    ..\\Middlewares\\ST\\BlueNRG-MS\\hci\\controller\\bluenrg_l2cap_aci.c 0x00000000   Number         0  bluenrg_l2cap_aci.o ABSOLUTE
    ..\\Middlewares\\ST\\BlueNRG-MS\\hci\\controller\\bluenrg_updater_aci.c 0x00000000   Number         0  bluenrg_updater_aci.o ABSOLUTE
    ..\\Middlewares\\ST\\BlueNRG-MS\\hci\\controller\\bluenrg_utils_small.c 0x00000000   Number         0  bluenrg_utils_small.o ABSOLUTE
    ..\\Middlewares\\ST\\BlueNRG-MS\\hci\\hci_le.c 0x00000000   Number         0  hci_le.o ABSOLUTE
    ..\\Middlewares\\ST\\BlueNRG-MS\\hci\\hci_tl_patterns\\Basic\\hci_tl.c 0x00000000   Number         0  hci_tl.o ABSOLUTE
    ..\\Middlewares\\ST\\BlueNRG-MS\\utils\\ble_list.c 0x00000000   Number         0  ble_list.o ABSOLUTE
    cdrcmple.s                               0x00000000   Number         0  cdrcmple.o ABSOLUTE
    dc.s                                     0x00000000   Number         0  dc.o ABSOLUTE
    handlers.s                               0x00000000   Number         0  handlers.o ABSOLUTE
    init.s                                   0x00000000   Number         0  init.o ABSOLUTE
    startup_stm32f401xe.s                    0x00000000   Number         0  startup_stm32f401xe.o ABSOLUTE
    RESET                                    0x08000000   Section      404  startup_stm32f401xe.o(RESET)
    .ARM.Collect$$$$00000000                 0x08000194   Section        0  entry.o(.ARM.Collect$$$$00000000)
    .ARM.Collect$$$$00000001                 0x08000194   Section        4  entry2.o(.ARM.Collect$$$$00000001)
    .ARM.Collect$$$$00000004                 0x08000198   Section        4  entry5.o(.ARM.Collect$$$$00000004)
    .ARM.Collect$$$$00000008                 0x0800019c   Section        0  entry7b.o(.ARM.Collect$$$$00000008)
    .ARM.Collect$$$$0000000A                 0x0800019c   Section        0  entry8b.o(.ARM.Collect$$$$0000000A)
    .ARM.Collect$$$$0000000B                 0x0800019c   Section        8  entry9a.o(.ARM.Collect$$$$0000000B)
    .ARM.Collect$$$$0000000D                 0x080001a4   Section        0  entry10a.o(.ARM.Collect$$$$0000000D)
    .ARM.Collect$$$$0000000F                 0x080001a4   Section        0  entry11a.o(.ARM.Collect$$$$0000000F)
    .ARM.Collect$$$$00002712                 0x080001a4   Section        4  entry2.o(.ARM.Collect$$$$00002712)
    __lit__00000000                          0x080001a4   Data           4  entry2.o(.ARM.Collect$$$$00002712)
    .text                                    0x080001a8   Section       36  startup_stm32f401xe.o(.text)
    $v0                                      0x080001a8   Number         0  startup_stm32f401xe.o(.text)
    .text                                    0x080001cc   Section        0  fflush.o(.text)
    .text                                    0x080001d0   Section        0  uldiv.o(.text)
    .text                                    0x08000232   Section        0  memcpya.o(.text)
    .text                                    0x08000256   Section        0  memseta.o(.text)
    .text                                    0x0800027c   Section        0  __0scanf.o(.text)
    .text                                    0x0800029c   Section        0  _scanf_str.o(.text)
    .text                                    0x0800037c   Section        0  llshl.o(.text)
    .text                                    0x0800039a   Section        0  llushr.o(.text)
    .text                                    0x080003bc   Section        0  scanf_char_file.o(.text)
    .text                                    0x080003d0   Section       36  init.o(.text)
    .text                                    0x080003f4   Section        0  fgetc_b.o(.text)
    .text                                    0x08000420   Section        0  scanf_char.o(.text)
    _scanf_char_input                        0x08000421   Thumb Code    12  scanf_char.o(.text)
    .text                                    0x08000448   Section        0  semi.o(.text)
    .text                                    0x08000448   Section        0  isspace_c.o(.text)
    .text                                    0x08000454   Section        0  _scanf.o(.text)
    .text                                    0x08000780   Section        0  ctype_c.o(.text)
    .text                                    0x08000780   Section        0  iusesemig.o(.text)
    i.Add_Sample_Service                     0x080007a8   Section        0  sample_service.o(i.Add_Sample_Service)
    i.Attribute_Modified_CB                  0x08000860   Section        0  sample_service.o(i.Attribute_Modified_CB)
    i.BSP_COM_Init                           0x0800088c   Section        0  stm32f4xx_nucleo.o(i.BSP_COM_Init)
    i.BSP_GetTick                            0x080008c4   Section        0  stm32f4xx_nucleo_bus.o(i.BSP_GetTick)
    i.BSP_LED_Off                            0x080008c8   Section        0  stm32f4xx_nucleo.o(i.BSP_LED_Off)
    i.BSP_LED_On                             0x080008e8   Section        0  stm32f4xx_nucleo.o(i.BSP_LED_On)
    i.BSP_LED_Toggle                         0x08000908   Section        0  stm32f4xx_nucleo.o(i.BSP_LED_Toggle)
    i.BSP_PB_Callback                        0x08000928   Section        0  app_x-cube-ble1.o(i.BSP_PB_Callback)
    i.BSP_PB_GetState                        0x08000934   Section        0  stm32f4xx_nucleo.o(i.BSP_PB_GetState)
    i.BSP_PB_Init                            0x08000958   Section        0  stm32f4xx_nucleo.o(i.BSP_PB_Init)
    i.BSP_SPI1_Init                          0x08000a04   Section        0  stm32f4xx_nucleo_bus.o(i.BSP_SPI1_Init)
    i.BSP_SPI1_SendRecv                      0x08000a44   Section        0  stm32f4xx_nucleo_bus.o(i.BSP_SPI1_SendRecv)
    i.BUTTON_USER_EXTI_Callback              0x08000a68   Section        0  stm32f4xx_nucleo.o(i.BUTTON_USER_EXTI_Callback)
    BUTTON_USER_EXTI_Callback                0x08000a69   Thumb Code    10  stm32f4xx_nucleo.o(i.BUTTON_USER_EXTI_Callback)
    i.BusFault_Handler                       0x08000a72   Section        0  stm32f4xx_it.o(i.BusFault_Handler)
    i.DMA1_Stream6_IRQHandler                0x08000a74   Section        0  stm32f4xx_it.o(i.DMA1_Stream6_IRQHandler)
    i.DMA2_Stream2_IRQHandler                0x08000a80   Section        0  stm32f4xx_it.o(i.DMA2_Stream2_IRQHandler)
    i.DMA_CalcBaseAndBitshift                0x08000a8c   Section        0  stm32f4xx_hal_dma.o(i.DMA_CalcBaseAndBitshift)
    DMA_CalcBaseAndBitshift                  0x08000a8d   Thumb Code    34  stm32f4xx_hal_dma.o(i.DMA_CalcBaseAndBitshift)
    i.DMA_CheckFifoParam                     0x08000ab4   Section        0  stm32f4xx_hal_dma.o(i.DMA_CheckFifoParam)
    DMA_CheckFifoParam                       0x08000ab5   Thumb Code    84  stm32f4xx_hal_dma.o(i.DMA_CheckFifoParam)
    i.DMA_SetConfig                          0x08000b08   Section        0  stm32f4xx_hal_dma.o(i.DMA_SetConfig)
    DMA_SetConfig                            0x08000b09   Thumb Code    40  stm32f4xx_hal_dma.o(i.DMA_SetConfig)
    i.DebugMon_Handler                       0x08000b30   Section        0  stm32f4xx_it.o(i.DebugMon_Handler)
    i.EXTI15_10_IRQHandler                   0x08000b34   Section        0  stm32f4xx_it.o(i.EXTI15_10_IRQHandler)
    i.Error_Handler                          0x08000b40   Section        0  main.o(i.Error_Handler)
    i.GAP_ConnectionComplete_CB              0x08000b44   Section        0  sample_service.o(i.GAP_ConnectionComplete_CB)
    i.GAP_DisconnectionComplete_CB           0x08000ba0   Section        0  sample_service.o(i.GAP_DisconnectionComplete_CB)
    i.GATT_Notification_CB                   0x08000bd4   Section        0  sample_service.o(i.GATT_Notification_CB)
    i.HAL_DMA_Abort_IT                       0x08000bec   Section        0  stm32f4xx_hal_dma.o(i.HAL_DMA_Abort_IT)
    i.HAL_DMA_IRQHandler                     0x08000c10   Section        0  stm32f4xx_hal_dma.o(i.HAL_DMA_IRQHandler)
    i.HAL_DMA_Init                           0x08000db0   Section        0  stm32f4xx_hal_dma.o(i.HAL_DMA_Init)
    i.HAL_DMA_Start_IT                       0x08001090   Section        0  stm32f4xx_hal_dma.o(i.HAL_DMA_Start_IT)
    i.HAL_Delay                              0x08001160   Section        0  stm32f4xx_hal.o(i.HAL_Delay)
    i.HAL_EXTI_GetHandle                     0x08001184   Section        0  stm32f4xx_hal_exti.o(i.HAL_EXTI_GetHandle)
    i.HAL_EXTI_IRQHandler                    0x08001258   Section        0  stm32f4xx_hal_exti.o(i.HAL_EXTI_IRQHandler)
    i.HAL_EXTI_RegisterCallback              0x08001274   Section        0  stm32f4xx_hal_exti.o(i.HAL_EXTI_RegisterCallback)
    i.HAL_GPIO_DeInit                        0x08001284   Section        0  stm32f4xx_hal_gpio.o(i.HAL_GPIO_DeInit)
    i.HAL_GPIO_Init                          0x08001404   Section        0  stm32f4xx_hal_gpio.o(i.HAL_GPIO_Init)
    i.HAL_GPIO_ReadPin                       0x080016c8   Section        0  stm32f4xx_hal_gpio.o(i.HAL_GPIO_ReadPin)
    i.HAL_GPIO_TogglePin                     0x08001720   Section        0  stm32f4xx_hal_gpio.o(i.HAL_GPIO_TogglePin)
    i.HAL_GPIO_WritePin                      0x08001780   Section        0  stm32f4xx_hal_gpio.o(i.HAL_GPIO_WritePin)
    i.HAL_GetTick                            0x080017ec   Section        0  stm32f4xx_hal.o(i.HAL_GetTick)
    i.HAL_IncTick                            0x080017f8   Section        0  stm32f4xx_hal.o(i.HAL_IncTick)
    i.HAL_Init                               0x08001808   Section        0  stm32f4xx_hal.o(i.HAL_Init)
    i.HAL_InitTick                           0x0800183c   Section        0  stm32f4xx_hal.o(i.HAL_InitTick)
    i.HAL_MspInit                            0x0800187c   Section        0  stm32f4xx_hal_msp.o(i.HAL_MspInit)
    i.HAL_NVIC_EnableIRQ                     0x080018b0   Section        0  stm32f4xx_hal_cortex.o(i.HAL_NVIC_EnableIRQ)
    i.HAL_NVIC_SetPriority                   0x08001914   Section        0  stm32f4xx_hal_cortex.o(i.HAL_NVIC_SetPriority)
    i.HAL_NVIC_SetPriorityGrouping           0x080019b4   Section        0  stm32f4xx_hal_cortex.o(i.HAL_NVIC_SetPriorityGrouping)
    i.HAL_RCC_ClockConfig                    0x08001a34   Section        0  stm32f4xx_hal_rcc.o(i.HAL_RCC_ClockConfig)
    i.HAL_RCC_GetPCLK1Freq                   0x08001c7c   Section        0  stm32f4xx_hal_rcc.o(i.HAL_RCC_GetPCLK1Freq)
    i.HAL_RCC_GetPCLK2Freq                   0x08001c9c   Section        0  stm32f4xx_hal_rcc.o(i.HAL_RCC_GetPCLK2Freq)
    i.HAL_RCC_GetSysClockFreq                0x08001cbc   Section        0  stm32f4xx_hal_rcc.o(i.HAL_RCC_GetSysClockFreq)
    i.HAL_RCC_OscConfig                      0x08001d1c   Section        0  stm32f4xx_hal_rcc.o(i.HAL_RCC_OscConfig)
    i.HAL_SPI_GetState                       0x0800217a   Section        0  stm32f4xx_hal_spi.o(i.HAL_SPI_GetState)
    i.HAL_SPI_Init                           0x08002180   Section        0  stm32f4xx_hal_spi.o(i.HAL_SPI_Init)
    i.HAL_SPI_MspInit                        0x08002340   Section        0  stm32f4xx_hal_spi.o(i.HAL_SPI_MspInit)
    i.HAL_SPI_TransmitReceive                0x08002344   Section        0  stm32f4xx_hal_spi.o(i.HAL_SPI_TransmitReceive)
    i.HAL_SYSTICK_Config                     0x0800256c   Section        0  stm32f4xx_hal_cortex.o(i.HAL_SYSTICK_Config)
    i.HAL_UART_ErrorCallback                 0x08002594   Section        0  stm32f4xx_hal_uart.o(i.HAL_UART_ErrorCallback)
    i.HAL_UART_IRQHandler                    0x08002598   Section        0  stm32f4xx_hal_uart.o(i.HAL_UART_IRQHandler)
    i.HAL_UART_Init                          0x080026a8   Section        0  stm32f4xx_hal_uart.o(i.HAL_UART_Init)
    i.HAL_UART_MspInit                       0x080027d0   Section        0  stm32f4xx_hal_msp.o(i.HAL_UART_MspInit)
    i.HAL_UART_Receive                       0x08002884   Section        0  stm32f4xx_hal_uart.o(i.HAL_UART_Receive)
    i.HAL_UART_Receive_DMA                   0x0800293c   Section        0  stm32f4xx_hal_uart.o(i.HAL_UART_Receive_DMA)
    i.HAL_UART_RxCpltCallback                0x080029d4   Section        0  main.o(i.HAL_UART_RxCpltCallback)
    i.HAL_UART_RxHalfCpltCallback            0x080029f4   Section        0  stm32f4xx_hal_uart.o(i.HAL_UART_RxHalfCpltCallback)
    i.HAL_UART_Transmit                      0x080029f6   Section        0  stm32f4xx_hal_uart.o(i.HAL_UART_Transmit)
    i.HAL_UART_Transmit_DMA                  0x08002ab0   Section        0  stm32f4xx_hal_uart.o(i.HAL_UART_Transmit_DMA)
    i.HAL_UART_TxCpltCallback                0x08002b30   Section        0  stm32f4xx_hal_uart.o(i.HAL_UART_TxCpltCallback)
    i.HAL_UART_TxHalfCpltCallback            0x08002b32   Section        0  stm32f4xx_hal_uart.o(i.HAL_UART_TxHalfCpltCallback)
    i.HCI_TL_SPI_DeInit                      0x08002b34   Section        0  hci_tl_interface.o(i.HCI_TL_SPI_DeInit)
    i.HCI_TL_SPI_Init                        0x08002b58   Section        0  hci_tl_interface.o(i.HCI_TL_SPI_Init)
    i.HCI_TL_SPI_Receive                     0x08002bbc   Section        0  hci_tl_interface.o(i.HCI_TL_SPI_Receive)
    i.HCI_TL_SPI_Reset                       0x08002c3c   Section        0  hci_tl_interface.o(i.HCI_TL_SPI_Reset)
    i.HCI_TL_SPI_Send                        0x08002c6c   Section        0  hci_tl_interface.o(i.HCI_TL_SPI_Send)
    i.HardFault_Handler                      0x08002d00   Section        0  stm32f4xx_it.o(i.HardFault_Handler)
    i.MX_BlueNRG_MS_Init                     0x08002d04   Section        0  app_x-cube-ble1.o(i.MX_BlueNRG_MS_Init)
    i.MX_BlueNRG_MS_Process                  0x08002f4c   Section        0  app_x-cube-ble1.o(i.MX_BlueNRG_MS_Process)
    i.MX_GPIO_Init                           0x08002f5c   Section        0  main.o(i.MX_GPIO_Init)
    MX_GPIO_Init                             0x08002f5d   Thumb Code   186  main.o(i.MX_GPIO_Init)
    i.MX_SPI1_Init                           0x0800302c   Section        0  stm32f4xx_nucleo_bus.o(i.MX_SPI1_Init)
    i.MX_USART2_UART_Init                    0x08003068   Section        0  stm32f4xx_nucleo.o(i.MX_USART2_UART_Init)
    i.Make_Connection                        0x08003094   Section        0  sample_service.o(i.Make_Connection)
    i.MemManage_Handler                      0x08003180   Section        0  stm32f4xx_it.o(i.MemManage_Handler)
    i.NMI_Handler                            0x08003182   Section        0  stm32f4xx_it.o(i.NMI_Handler)
    i.PendSV_Handler                         0x08003184   Section        0  stm32f4xx_it.o(i.PendSV_Handler)
    i.SPI1_MspInit                           0x08003188   Section        0  stm32f4xx_nucleo_bus.o(i.SPI1_MspInit)
    SPI1_MspInit                             0x08003189   Thumb Code   110  stm32f4xx_nucleo_bus.o(i.SPI1_MspInit)
    i.SPI_EndRxTxTransaction                 0x08003204   Section        0  stm32f4xx_hal_spi.o(i.SPI_EndRxTxTransaction)
    SPI_EndRxTxTransaction                   0x08003205   Thumb Code    80  stm32f4xx_hal_spi.o(i.SPI_EndRxTxTransaction)
    i.SPI_WaitFlagStateUntilTimeout          0x0800325c   Section        0  stm32f4xx_hal_spi.o(i.SPI_WaitFlagStateUntilTimeout)
    SPI_WaitFlagStateUntilTimeout            0x0800325d   Thumb Code   148  stm32f4xx_hal_spi.o(i.SPI_WaitFlagStateUntilTimeout)
    i.SVC_Handler                            0x080032f0   Section        0  stm32f4xx_it.o(i.SVC_Handler)
    i.SysTick_Handler                        0x080032f2   Section        0  stm32f4xx_it.o(i.SysTick_Handler)
    i.SystemClock_Config                     0x080032f8   Section        0  main.o(i.SystemClock_Config)
    i.SystemInit                             0x08003380   Section        0  system_stm32f4xx.o(i.SystemInit)
    i.UART_DMAAbortOnError                   0x080033d4   Section        0  stm32f4xx_hal_uart.o(i.UART_DMAAbortOnError)
    UART_DMAAbortOnError                     0x080033d5   Thumb Code    16  stm32f4xx_hal_uart.o(i.UART_DMAAbortOnError)
    i.UART_DMAError                          0x080033e4   Section        0  stm32f4xx_hal_uart.o(i.UART_DMAError)
    UART_DMAError                            0x080033e5   Thumb Code    74  stm32f4xx_hal_uart.o(i.UART_DMAError)
    i.UART_DMAReceiveCplt                    0x0800342e   Section        0  stm32f4xx_hal_uart.o(i.UART_DMAReceiveCplt)
    UART_DMAReceiveCplt                      0x0800342f   Thumb Code    60  stm32f4xx_hal_uart.o(i.UART_DMAReceiveCplt)
    i.UART_DMARxHalfCplt                     0x0800346a   Section        0  stm32f4xx_hal_uart.o(i.UART_DMARxHalfCplt)
    UART_DMARxHalfCplt                       0x0800346b   Thumb Code    10  stm32f4xx_hal_uart.o(i.UART_DMARxHalfCplt)
    i.UART_DMATransmitCplt                   0x08003474   Section        0  stm32f4xx_hal_uart.o(i.UART_DMATransmitCplt)
    UART_DMATransmitCplt                     0x08003475   Thumb Code    46  stm32f4xx_hal_uart.o(i.UART_DMATransmitCplt)
    i.UART_DMATxHalfCplt                     0x080034a2   Section        0  stm32f4xx_hal_uart.o(i.UART_DMATxHalfCplt)
    UART_DMATxHalfCplt                       0x080034a3   Thumb Code    10  stm32f4xx_hal_uart.o(i.UART_DMATxHalfCplt)
    i.UART_EndRxTransfer                     0x080034ac   Section        0  stm32f4xx_hal_uart.o(i.UART_EndRxTransfer)
    UART_EndRxTransfer                       0x080034ad   Thumb Code    28  stm32f4xx_hal_uart.o(i.UART_EndRxTransfer)
    i.UART_EndTxTransfer                     0x080034c8   Section        0  stm32f4xx_hal_uart.o(i.UART_EndTxTransfer)
    UART_EndTxTransfer                       0x080034c9   Thumb Code    18  stm32f4xx_hal_uart.o(i.UART_EndTxTransfer)
    i.UART_Receive_IT                        0x080034da   Section        0  stm32f4xx_hal_uart.o(i.UART_Receive_IT)
    UART_Receive_IT                          0x080034db   Thumb Code   150  stm32f4xx_hal_uart.o(i.UART_Receive_IT)
    i.UART_SetConfig                         0x08003570   Section        0  stm32f4xx_hal_uart.o(i.UART_SetConfig)
    UART_SetConfig                           0x08003571   Thumb Code   762  stm32f4xx_hal_uart.o(i.UART_SetConfig)
    i.UART_Transmit_IT                       0x080038b4   Section        0  stm32f4xx_hal_uart.o(i.UART_Transmit_IT)
    UART_Transmit_IT                         0x080038b5   Thumb Code    98  stm32f4xx_hal_uart.o(i.UART_Transmit_IT)
    i.UART_WaitOnFlagUntilTimeout            0x08003916   Section        0  stm32f4xx_hal_uart.o(i.UART_WaitOnFlagUntilTimeout)
    UART_WaitOnFlagUntilTimeout              0x08003917   Thumb Code   100  stm32f4xx_hal_uart.o(i.UART_WaitOnFlagUntilTimeout)
    i.USART1_DMA_Init                        0x0800397c   Section        0  main.o(i.USART1_DMA_Init)
    USART1_DMA_Init                          0x0800397d   Thumb Code    86  main.o(i.USART1_DMA_Init)
    i.USART1_IRQHandler                      0x080039e0   Section        0  stm32f4xx_it.o(i.USART1_IRQHandler)
    i.USART1_Init                            0x080039ec   Section        0  main.o(i.USART1_Init)
    USART1_Init                              0x080039ed   Thumb Code    72  main.o(i.USART1_Init)
    i.USART2_MspInit                         0x08003a40   Section        0  stm32f4xx_nucleo.o(i.USART2_MspInit)
    USART2_MspInit                           0x08003a41   Thumb Code   142  stm32f4xx_nucleo.o(i.USART2_MspInit)
    i.UsageFault_Handler                     0x08003ae0   Section        0  stm32f4xx_it.o(i.UsageFault_Handler)
    i.User_Process                           0x08003ae4   Section        0  app_x-cube-ble1.o(i.User_Process)
    User_Process                             0x08003ae5   Thumb Code   218  app_x-cube-ble1.o(i.User_Process)
    i.__0printf$8                            0x08003bf8   Section        0  printf8.o(i.__0printf$8)
    i.__NVIC_SetPriority                     0x08003c18   Section        0  stm32f4xx_hal_cortex.o(i.__NVIC_SetPriority)
    __NVIC_SetPriority                       0x08003c19   Thumb Code    32  stm32f4xx_hal_cortex.o(i.__NVIC_SetPriority)
    i.__scatterload_copy                     0x08003c38   Section       14  handlers.o(i.__scatterload_copy)
    i.__scatterload_null                     0x08003c46   Section        2  handlers.o(i.__scatterload_null)
    i.__scatterload_zeroinit                 0x08003c48   Section       14  handlers.o(i.__scatterload_zeroinit)
    i._printf_core                           0x08003c58   Section        0  printf8.o(i._printf_core)
    _printf_core                             0x08003c59   Thumb Code   996  printf8.o(i._printf_core)
    i._printf_post_padding                   0x08004068   Section        0  printf8.o(i._printf_post_padding)
    _printf_post_padding                     0x08004069   Thumb Code    36  printf8.o(i._printf_post_padding)
    i._printf_pre_padding                    0x0800408c   Section        0  printf8.o(i._printf_pre_padding)
    _printf_pre_padding                      0x0800408d   Thumb Code    46  printf8.o(i._printf_pre_padding)
    i.aci_gap_create_connection              0x080040ba   Section        0  bluenrg_gap_aci.o(i.aci_gap_create_connection)
    i.aci_gap_init_IDB04A1                   0x0800413e   Section        0  bluenrg_gap_aci.o(i.aci_gap_init_IDB04A1)
    i.aci_gap_init_IDB05A1                   0x080041a6   Section        0  bluenrg_gap_aci.o(i.aci_gap_init_IDB05A1)
    i.aci_gap_set_auth_requirement           0x08004216   Section        0  bluenrg_gap_aci.o(i.aci_gap_set_auth_requirement)
    i.aci_gap_set_discoverable               0x0800428a   Section        0  bluenrg_gap_aci.o(i.aci_gap_set_discoverable)
    i.aci_gatt_add_char                      0x08004356   Section        0  bluenrg_gatt_aci.o(i.aci_gatt_add_char)
    i.aci_gatt_add_serv                      0x0800440c   Section        0  bluenrg_gatt_aci.o(i.aci_gatt_add_serv)
    i.aci_gatt_disc_charac_by_uuid           0x08004488   Section        0  bluenrg_gatt_aci.o(i.aci_gatt_disc_charac_by_uuid)
    i.aci_gatt_init                          0x08004510   Section        0  bluenrg_gatt_aci.o(i.aci_gatt_init)
    i.aci_gatt_update_char_value             0x0800454a   Section        0  bluenrg_gatt_aci.o(i.aci_gatt_update_char_value)
    i.aci_gatt_write_charac_descriptor       0x080045c4   Section        0  bluenrg_gatt_aci.o(i.aci_gatt_write_charac_descriptor)
    i.aci_gatt_write_without_response        0x0800463c   Section        0  bluenrg_gatt_aci.o(i.aci_gatt_write_without_response)
    i.aci_hal_set_tx_power_level             0x0800469e   Section        0  bluenrg_hal_aci.o(i.aci_hal_set_tx_power_level)
    i.aci_hal_write_config_data              0x080046e6   Section        0  bluenrg_hal_aci.o(i.aci_hal_write_config_data)
    i.assert_failed                          0x08004744   Section        0  main.o(i.assert_failed)
    i.enableNotification                     0x08004748   Section        0  sample_service.o(i.enableNotification)
    i.fgetc                                  0x0800478c   Section        0  main.o(i.fgetc)
    i.fputc                                  0x080047a4   Section        0  stm32f4xx_nucleo.o(i.fputc)
    i.getBlueNRGVersion                      0x080047c8   Section        0  bluenrg_utils_small.o(i.getBlueNRGVersion)
    i.hci_init                               0x08004814   Section        0  hci_tl.o(i.hci_init)
    i.hci_le_read_local_version              0x08004870   Section        0  hci_le.o(i.hci_le_read_local_version)
    i.hci_le_set_scan_resp_data              0x080048ec   Section        0  hci_le.o(i.hci_le_set_scan_resp_data)
    i.hci_notify_asynch_evt                  0x0800494c   Section        0  hci_tl.o(i.hci_notify_asynch_evt)
    i.hci_register_io_bus                    0x080049ac   Section        0  hci_tl.o(i.hci_register_io_bus)
    i.hci_reset                              0x080049c8   Section        0  hci_le.o(i.hci_reset)
    i.hci_send_req                           0x08004a00   Section        0  hci_tl.o(i.hci_send_req)
    i.hci_tl_lowlevel_init                   0x08004b88   Section        0  hci_tl_interface.o(i.hci_tl_lowlevel_init)
    i.hci_tl_lowlevel_isr                    0x08004bf0   Section        0  hci_tl_interface.o(i.hci_tl_lowlevel_isr)
    i.hci_user_evt_proc                      0x08004c10   Section        0  hci_tl.o(i.hci_user_evt_proc)
    i.list_get_size                          0x08004c4c   Section        0  ble_list.o(i.list_get_size)
    i.list_init_head                         0x08004c68   Section        0  ble_list.o(i.list_init_head)
    i.list_insert_head                       0x08004c6e   Section        0  ble_list.o(i.list_insert_head)
    i.list_insert_tail                       0x08004c86   Section        0  ble_list.o(i.list_insert_tail)
    i.list_is_empty                          0x08004c9e   Section        0  ble_list.o(i.list_is_empty)
    i.list_remove_head                       0x08004cb6   Section        0  ble_list.o(i.list_remove_head)
    i.list_remove_node                       0x08004cda   Section        0  ble_list.o(i.list_remove_node)
    i.list_remove_tail                       0x08004cf0   Section        0  ble_list.o(i.list_remove_tail)
    i.main                                   0x08004d14   Section        0  main.o(i.main)
    i.move_list                              0x08004d70   Section        0  hci_tl.o(i.move_list)
    move_list                                0x08004d71   Thumb Code    36  hci_tl.o(i.move_list)
    i.receiveData                            0x08004d94   Section        0  sample_service.o(i.receiveData)
    i.sendData                               0x08004dc4   Section        0  sample_service.o(i.sendData)
    i.startReadRXCharHandle                  0x08004e00   Section        0  sample_service.o(i.startReadRXCharHandle)
    i.startReadTXCharHandle                  0x08004e48   Section        0  sample_service.o(i.startReadTXCharHandle)
    i.user_notify                            0x08004e90   Section        0  sample_service.o(i.user_notify)
    .constdata                               0x08004f90   Section       20  stm32f4xx_nucleo.o(.constdata)
    BUTTON_IRQn                              0x08004f90   Data           1  stm32f4xx_nucleo.o(.constdata)
    LED_PIN                                  0x08004f92   Data           2  stm32f4xx_nucleo.o(.constdata)
    BUTTON_PIN                               0x08004f94   Data           2  stm32f4xx_nucleo.o(.constdata)
    ButtonCallback                           0x08004f98   Data           4  stm32f4xx_nucleo.o(.constdata)
    BSP_BUTTON_PRIO                          0x08004f9c   Data           4  stm32f4xx_nucleo.o(.constdata)
    BUTTON_EXTI_LINE                         0x08004fa0   Data           4  stm32f4xx_nucleo.o(.constdata)
    .constdata                               0x08004fa4   Section       16  system_stm32f4xx.o(.constdata)
    .constdata                               0x08004fb4   Section        8  system_stm32f4xx.o(.constdata)
    .constdata                               0x08004fbc   Section        8  stm32f4xx_hal_dma.o(.constdata)
    flagBitshiftOffset                       0x08004fbc   Data           8  stm32f4xx_hal_dma.o(.constdata)
    .constdata                               0x08004fc4   Section       64  ctype_c.o(.constdata)
    .data                                    0x20000000   Section        4  app_x-cube-ble1.o(.data)
    user_button_init_state                   0x20000001   Data           1  app_x-cube-ble1.o(.data)
    user_button_pressed                      0x20000002   Data           1  app_x-cube-ble1.o(.data)
    .data                                    0x20000004   Section       24  sample_service.o(.data)
    .data                                    0x2000001c   Section        4  stm32f4xx_nucleo_bus.o(.data)
    SPI1InitCounter                          0x2000001c   Data           4  stm32f4xx_nucleo_bus.o(.data)
    .data                                    0x20000020   Section       28  stm32f4xx_nucleo.o(.data)
    COM_ActiveLogPort                        0x20000020   Data           1  stm32f4xx_nucleo.o(.data)
    LED_PORT                                 0x20000024   Data           4  stm32f4xx_nucleo.o(.data)
    BUTTON_PORT                              0x20000028   Data           4  stm32f4xx_nucleo.o(.data)
    .data                                    0x2000003c   Section        4  system_stm32f4xx.o(.data)
    .data                                    0x20000040   Section       12  stm32f4xx_hal.o(.data)
    .data                                    0x2000004c   Section       16  hci_tl.o(.data)
    .data                                    0x2000005c   Section        4  stdout.o(.data)
    .data                                    0x20000060   Section        4  stdin.o(.data)
    .data                                    0x20000064   Section        3  fgetc_b.o(.data)
    ungetc_sp                                0x20000064   Data           1  fgetc_b.o(.data)
    ungetc_stack                             0x20000065   Data           2  fgetc_b.o(.data)
    .bss                                     0x20000068   Section      415  main.o(.bss)
    .bss                                     0x20000208   Section       96  main.o(.bss)
    .bss                                     0x20000268   Section      268  hci_tl_interface.o(.bss)
    read_char_buf                            0x20000268   Data         255  hci_tl_interface.o(.bss)
    .bss                                     0x20000374   Section       88  stm32f4xx_nucleo_bus.o(.bss)
    .bss                                     0x200003cc   Section       64  stm32f4xx_nucleo.o(.bss)
    .bss                                     0x2000040c   Section      732  hci_tl.o(.bss)
    hciReadPacketBuffer                      0x2000040c   Data         700  hci_tl.o(.bss)
    hciContext                               0x200006c8   Data          32  hci_tl.o(.bss)
    STACK                                    0x200006e8   Section     2048  startup_stm32f401xe.o(STACK)

    Global Symbols

    Symbol Name                              Value     Ov Type        Size  Object(Section)

    BuildAttributes$$THM_ISAv4$E$P$D$K$B$S$7EM$VFPi3$EXTD16$VFPS$VFMA$PE$A:L22UL41UL21$X:L11$S22US41US21$IEEE1$IW$USESV6$~STKCKD$USESV7$~SHL$OSPACE$ROPI$EBA8$MICROLIB$REQ8$PRES8$EABIv2 0x00000000   Number         0  anon$$obj.o ABSOLUTE
    __ARM_use_no_argv                        0x00000000   Number         0  main.o ABSOLUTE
    _printf_a                                0x00000000   Number         0  stubs.o ABSOLUTE
    _printf_c                                0x00000000   Number         0  stubs.o ABSOLUTE
    _printf_charcount                        0x00000000   Number         0  stubs.o ABSOLUTE
    _printf_d                                0x00000000   Number         0  stubs.o ABSOLUTE
    _printf_e                                0x00000000   Number         0  stubs.o ABSOLUTE
    _printf_f                                0x00000000   Number         0  stubs.o ABSOLUTE
    _printf_flags                            0x00000000   Number         0  stubs.o ABSOLUTE
    _printf_fp_dec                           0x00000000   Number         0  stubs.o ABSOLUTE
    _printf_fp_hex                           0x00000000   Number         0  stubs.o ABSOLUTE
    _printf_g                                0x00000000   Number         0  stubs.o ABSOLUTE
    _printf_i                                0x00000000   Number         0  stubs.o ABSOLUTE
    _printf_int_dec                          0x00000000   Number         0  stubs.o ABSOLUTE
    _printf_l                                0x00000000   Number         0  stubs.o ABSOLUTE
    _printf_lc                               0x00000000   Number         0  stubs.o ABSOLUTE
    _printf_ll                               0x00000000   Number         0  stubs.o ABSOLUTE
    _printf_lld                              0x00000000   Number         0  stubs.o ABSOLUTE
    _printf_lli                              0x00000000   Number         0  stubs.o ABSOLUTE
    _printf_llo                              0x00000000   Number         0  stubs.o ABSOLUTE
    _printf_llu                              0x00000000   Number         0  stubs.o ABSOLUTE
    _printf_llx                              0x00000000   Number         0  stubs.o ABSOLUTE
    _printf_longlong_dec                     0x00000000   Number         0  stubs.o ABSOLUTE
    _printf_longlong_hex                     0x00000000   Number         0  stubs.o ABSOLUTE
    _printf_longlong_oct                     0x00000000   Number         0  stubs.o ABSOLUTE
    _printf_ls                               0x00000000   Number         0  stubs.o ABSOLUTE
    _printf_mbtowc                           0x00000000   Number         0  stubs.o ABSOLUTE
    _printf_n                                0x00000000   Number         0  stubs.o ABSOLUTE
    _printf_o                                0x00000000   Number         0  stubs.o ABSOLUTE
    _printf_p                                0x00000000   Number         0  stubs.o ABSOLUTE
    _printf_percent                          0x00000000   Number         0  stubs.o ABSOLUTE
    _printf_pre_padding                      0x00000000   Number         0  stubs.o ABSOLUTE
    _printf_return_value                     0x00000000   Number         0  stubs.o ABSOLUTE
    _printf_s                                0x00000000   Number         0  stubs.o ABSOLUTE
    _printf_sizespec                         0x00000000   Number         0  stubs.o ABSOLUTE
    _printf_str                              0x00000000   Number         0  stubs.o ABSOLUTE
    _printf_truncate_signed                  0x00000000   Number         0  stubs.o ABSOLUTE
    _printf_truncate_unsigned                0x00000000   Number         0  stubs.o ABSOLUTE
    _printf_u                                0x00000000   Number         0  stubs.o ABSOLUTE
    _printf_wc                               0x00000000   Number         0  stubs.o ABSOLUTE
    _printf_wctomb                           0x00000000   Number         0  stubs.o ABSOLUTE
    _printf_widthprec                        0x00000000   Number         0  stubs.o ABSOLUTE
    _printf_x                                0x00000000   Number         0  stubs.o ABSOLUTE
    __cpp_initialize__aeabi_                  - Undefined Weak Reference
    __cxa_finalize                            - Undefined Weak Reference
    __decompress                              - Undefined Weak Reference
    _clock_init                               - Undefined Weak Reference
    _microlib_exit                            - Undefined Weak Reference
    _scanf_int                                - Undefined Weak Reference
    _scanf_longlong                           - Undefined Weak Reference
    _scanf_real                               - Undefined Weak Reference
    __Vectors_Size                           0x00000194   Number         0  startup_stm32f401xe.o ABSOLUTE
    __Vectors                                0x08000000   Data           4  startup_stm32f401xe.o(RESET)
    __Vectors_End                            0x08000194   Data           0  startup_stm32f401xe.o(RESET)
    __main                                   0x08000195   Thumb Code     0  entry.o(.ARM.Collect$$$$00000000)
    _main_stk                                0x08000195   Thumb Code     0  entry2.o(.ARM.Collect$$$$00000001)
    _main_scatterload                        0x08000199   Thumb Code     0  entry5.o(.ARM.Collect$$$$00000004)
    __main_after_scatterload                 0x0800019d   Thumb Code     0  entry5.o(.ARM.Collect$$$$00000004)
    _main_clock                              0x0800019d   Thumb Code     0  entry7b.o(.ARM.Collect$$$$00000008)
    _main_cpp_init                           0x0800019d   Thumb Code     0  entry8b.o(.ARM.Collect$$$$0000000A)
    _main_init                               0x0800019d   Thumb Code     0  entry9a.o(.ARM.Collect$$$$0000000B)
    __rt_final_cpp                           0x080001a5   Thumb Code     0  entry10a.o(.ARM.Collect$$$$0000000D)
    __rt_final_exit                          0x080001a5   Thumb Code     0  entry11a.o(.ARM.Collect$$$$0000000F)
    Reset_Handler                            0x080001a9   Thumb Code     8  startup_stm32f401xe.o(.text)
    ADC_IRQHandler                           0x080001c3   Thumb Code     0  startup_stm32f401xe.o(.text)
    DMA1_Stream0_IRQHandler                  0x080001c3   Thumb Code     0  startup_stm32f401xe.o(.text)
    DMA1_Stream1_IRQHandler                  0x080001c3   Thumb Code     0  startup_stm32f401xe.o(.text)
    DMA1_Stream2_IRQHandler                  0x080001c3   Thumb Code     0  startup_stm32f401xe.o(.text)
    DMA1_Stream3_IRQHandler                  0x080001c3   Thumb Code     0  startup_stm32f401xe.o(.text)
    DMA1_Stream4_IRQHandler                  0x080001c3   Thumb Code     0  startup_stm32f401xe.o(.text)
    DMA1_Stream5_IRQHandler                  0x080001c3   Thumb Code     0  startup_stm32f401xe.o(.text)
    DMA1_Stream7_IRQHandler                  0x080001c3   Thumb Code     0  startup_stm32f401xe.o(.text)
    DMA2_Stream0_IRQHandler                  0x080001c3   Thumb Code     0  startup_stm32f401xe.o(.text)
    DMA2_Stream1_IRQHandler                  0x080001c3   Thumb Code     0  startup_stm32f401xe.o(.text)
    DMA2_Stream3_IRQHandler                  0x080001c3   Thumb Code     0  startup_stm32f401xe.o(.text)
    DMA2_Stream4_IRQHandler                  0x080001c3   Thumb Code     0  startup_stm32f401xe.o(.text)
    DMA2_Stream5_IRQHandler                  0x080001c3   Thumb Code     0  startup_stm32f401xe.o(.text)
    DMA2_Stream6_IRQHandler                  0x080001c3   Thumb Code     0  startup_stm32f401xe.o(.text)
    DMA2_Stream7_IRQHandler                  0x080001c3   Thumb Code     0  startup_stm32f401xe.o(.text)
    EXTI0_IRQHandler                         0x080001c3   Thumb Code     0  startup_stm32f401xe.o(.text)
    EXTI1_IRQHandler                         0x080001c3   Thumb Code     0  startup_stm32f401xe.o(.text)
    EXTI2_IRQHandler                         0x080001c3   Thumb Code     0  startup_stm32f401xe.o(.text)
    EXTI3_IRQHandler                         0x080001c3   Thumb Code     0  startup_stm32f401xe.o(.text)
    EXTI4_IRQHandler                         0x080001c3   Thumb Code     0  startup_stm32f401xe.o(.text)
    EXTI9_5_IRQHandler                       0x080001c3   Thumb Code     0  startup_stm32f401xe.o(.text)
    FLASH_IRQHandler                         0x080001c3   Thumb Code     0  startup_stm32f401xe.o(.text)
    FPU_IRQHandler                           0x080001c3   Thumb Code     0  startup_stm32f401xe.o(.text)
    I2C1_ER_IRQHandler                       0x080001c3   Thumb Code     0  startup_stm32f401xe.o(.text)
    I2C1_EV_IRQHandler                       0x080001c3   Thumb Code     0  startup_stm32f401xe.o(.text)
    I2C2_ER_IRQHandler                       0x080001c3   Thumb Code     0  startup_stm32f401xe.o(.text)
    I2C2_EV_IRQHandler                       0x080001c3   Thumb Code     0  startup_stm32f401xe.o(.text)
    I2C3_ER_IRQHandler                       0x080001c3   Thumb Code     0  startup_stm32f401xe.o(.text)
    I2C3_EV_IRQHandler                       0x080001c3   Thumb Code     0  startup_stm32f401xe.o(.text)
    OTG_FS_IRQHandler                        0x080001c3   Thumb Code     0  startup_stm32f401xe.o(.text)
    OTG_FS_WKUP_IRQHandler                   0x080001c3   Thumb Code     0  startup_stm32f401xe.o(.text)
    PVD_IRQHandler                           0x080001c3   Thumb Code     0  startup_stm32f401xe.o(.text)
    RCC_IRQHandler                           0x080001c3   Thumb Code     0  startup_stm32f401xe.o(.text)
    RTC_Alarm_IRQHandler                     0x080001c3   Thumb Code     0  startup_stm32f401xe.o(.text)
    RTC_WKUP_IRQHandler                      0x080001c3   Thumb Code     0  startup_stm32f401xe.o(.text)
    SDIO_IRQHandler                          0x080001c3   Thumb Code     0  startup_stm32f401xe.o(.text)
    SPI1_IRQHandler                          0x080001c3   Thumb Code     0  startup_stm32f401xe.o(.text)
    SPI2_IRQHandler                          0x080001c3   Thumb Code     0  startup_stm32f401xe.o(.text)
    SPI3_IRQHandler                          0x080001c3   Thumb Code     0  startup_stm32f401xe.o(.text)
    SPI4_IRQHandler                          0x080001c3   Thumb Code     0  startup_stm32f401xe.o(.text)
    TAMP_STAMP_IRQHandler                    0x080001c3   Thumb Code     0  startup_stm32f401xe.o(.text)
    TIM1_BRK_TIM9_IRQHandler                 0x080001c3   Thumb Code     0  startup_stm32f401xe.o(.text)
    TIM1_CC_IRQHandler                       0x080001c3   Thumb Code     0  startup_stm32f401xe.o(.text)
    TIM1_TRG_COM_TIM11_IRQHandler            0x080001c3   Thumb Code     0  startup_stm32f401xe.o(.text)
    TIM1_UP_TIM10_IRQHandler                 0x080001c3   Thumb Code     0  startup_stm32f401xe.o(.text)
    TIM2_IRQHandler                          0x080001c3   Thumb Code     0  startup_stm32f401xe.o(.text)
    TIM3_IRQHandler                          0x080001c3   Thumb Code     0  startup_stm32f401xe.o(.text)
    TIM4_IRQHandler                          0x080001c3   Thumb Code     0  startup_stm32f401xe.o(.text)
    TIM5_IRQHandler                          0x080001c3   Thumb Code     0  startup_stm32f401xe.o(.text)
    USART2_IRQHandler                        0x080001c3   Thumb Code     0  startup_stm32f401xe.o(.text)
    USART6_IRQHandler                        0x080001c3   Thumb Code     0  startup_stm32f401xe.o(.text)
    WWDG_IRQHandler                          0x080001c3   Thumb Code     0  startup_stm32f401xe.o(.text)
    fflush                                   0x080001cd   Thumb Code     4  fflush.o(.text)
    __aeabi_uldivmod                         0x080001d1   Thumb Code    98  uldiv.o(.text)
    __aeabi_memcpy                           0x08000233   Thumb Code    36  memcpya.o(.text)
    __aeabi_memcpy4                          0x08000233   Thumb Code     0  memcpya.o(.text)
    __aeabi_memcpy8                          0x08000233   Thumb Code     0  memcpya.o(.text)
    __aeabi_memset                           0x08000257   Thumb Code    14  memseta.o(.text)
    __aeabi_memset4                          0x08000257   Thumb Code     0  memseta.o(.text)
    __aeabi_memset8                          0x08000257   Thumb Code     0  memseta.o(.text)
    __aeabi_memclr                           0x08000265   Thumb Code     4  memseta.o(.text)
    __aeabi_memclr4                          0x08000265   Thumb Code     0  memseta.o(.text)
    __aeabi_memclr8                          0x08000265   Thumb Code     0  memseta.o(.text)
    _memset$wrapper                          0x08000269   Thumb Code    18  memseta.o(.text)
    __0scanf                                 0x0800027d   Thumb Code    26  __0scanf.o(.text)
    _scanf_string                            0x0800029d   Thumb Code   224  _scanf_str.o(.text)
    __aeabi_llsl                             0x0800037d   Thumb Code    30  llshl.o(.text)
    _ll_shift_l                              0x0800037d   Thumb Code     0  llshl.o(.text)
    __aeabi_llsr                             0x0800039b   Thumb Code    32  llushr.o(.text)
    _ll_ushift_r                             0x0800039b   Thumb Code     0  llushr.o(.text)
    __vfscanf_char_file                      0x080003bd   Thumb Code    12  scanf_char_file.o(.text)
    __scatterload                            0x080003d1   Thumb Code    28  init.o(.text)
    __scatterload_rt2                        0x080003d1   Thumb Code     0  init.o(.text)
    _fgetc$bs                                0x080003f5   Thumb Code    28  fgetc_b.o(.text)
    __backspace                              0x08000411   Thumb Code    10  fgetc_b.o(.text)
    __vfscanf_char                           0x0800042d   Thumb Code    20  scanf_char.o(.text)
    __semihosting_library_function           0x08000449   Thumb Code     0  semi.o(.text)
    isspace                                  0x08000449   Thumb Code    10  isspace_c.o(.text)
    __vfscanf                                0x08000455   Thumb Code   808  _scanf.o(.text)
    __I$use$semihosting$fgetc                0x08000781   Thumb Code     0  iusesemig.o(.text)
    __ctype_lookup                           0x08000781   Thumb Code    34  ctype_c.o(.text)
    Add_Sample_Service                       0x080007a9   Thumb Code   132  sample_service.o(i.Add_Sample_Service)
    Attribute_Modified_CB                    0x08000861   Thumb Code    40  sample_service.o(i.Attribute_Modified_CB)
    BSP_COM_Init                             0x0800088d   Thumb Code    48  stm32f4xx_nucleo.o(i.BSP_COM_Init)
    BSP_GetTick                              0x080008c5   Thumb Code     4  stm32f4xx_nucleo_bus.o(i.BSP_GetTick)
    BSP_LED_Off                              0x080008c9   Thumb Code    24  stm32f4xx_nucleo.o(i.BSP_LED_Off)
    BSP_LED_On                               0x080008e9   Thumb Code    24  stm32f4xx_nucleo.o(i.BSP_LED_On)
    BSP_LED_Toggle                           0x08000909   Thumb Code    22  stm32f4xx_nucleo.o(i.BSP_LED_Toggle)
    BSP_PB_Callback                          0x08000929   Thumb Code     8  app_x-cube-ble1.o(i.BSP_PB_Callback)
    BSP_PB_GetState                          0x08000935   Thumb Code    28  stm32f4xx_nucleo.o(i.BSP_PB_GetState)
    BSP_PB_Init                              0x08000959   Thumb Code   156  stm32f4xx_nucleo.o(i.BSP_PB_Init)
    BSP_SPI1_Init                            0x08000a05   Thumb Code    52  stm32f4xx_nucleo_bus.o(i.BSP_SPI1_Init)
    BSP_SPI1_SendRecv                        0x08000a45   Thumb Code    30  stm32f4xx_nucleo_bus.o(i.BSP_SPI1_SendRecv)
    BusFault_Handler                         0x08000a73   Thumb Code     2  stm32f4xx_it.o(i.BusFault_Handler)
    DMA1_Stream6_IRQHandler                  0x08000a75   Thumb Code     6  stm32f4xx_it.o(i.DMA1_Stream6_IRQHandler)
    DMA2_Stream2_IRQHandler                  0x08000a81   Thumb Code     6  stm32f4xx_it.o(i.DMA2_Stream2_IRQHandler)
    DebugMon_Handler                         0x08000b31   Thumb Code     2  stm32f4xx_it.o(i.DebugMon_Handler)
    EXTI15_10_IRQHandler                     0x08000b35   Thumb Code     6  stm32f4xx_it.o(i.EXTI15_10_IRQHandler)
    Error_Handler                            0x08000b41   Thumb Code     2  main.o(i.Error_Handler)
    GAP_ConnectionComplete_CB                0x08000b45   Thumb Code    46  sample_service.o(i.GAP_ConnectionComplete_CB)
    GAP_DisconnectionComplete_CB             0x08000ba1   Thumb Code    30  sample_service.o(i.GAP_DisconnectionComplete_CB)
    GATT_Notification_CB                     0x08000bd5   Thumb Code    18  sample_service.o(i.GATT_Notification_CB)
    HAL_DMA_Abort_IT                         0x08000bed   Thumb Code    36  stm32f4xx_hal_dma.o(i.HAL_DMA_Abort_IT)
    HAL_DMA_IRQHandler                       0x08000c11   Thumb Code   412  stm32f4xx_hal_dma.o(i.HAL_DMA_IRQHandler)
    HAL_DMA_Init                             0x08000db1   Thumb Code   666  stm32f4xx_hal_dma.o(i.HAL_DMA_Init)
    HAL_DMA_Start_IT                         0x08001091   Thumb Code   152  stm32f4xx_hal_dma.o(i.HAL_DMA_Start_IT)
    HAL_Delay                                0x08001161   Thumb Code    32  stm32f4xx_hal.o(i.HAL_Delay)
    HAL_EXTI_GetHandle                       0x08001185   Thumb Code   150  stm32f4xx_hal_exti.o(i.HAL_EXTI_GetHandle)
    HAL_EXTI_IRQHandler                      0x08001259   Thumb Code    22  stm32f4xx_hal_exti.o(i.HAL_EXTI_IRQHandler)
    HAL_EXTI_RegisterCallback                0x08001275   Thumb Code    14  stm32f4xx_hal_exti.o(i.HAL_EXTI_RegisterCallback)
    HAL_GPIO_DeInit                          0x08001285   Thumb Code   292  stm32f4xx_hal_gpio.o(i.HAL_GPIO_DeInit)
    HAL_GPIO_Init                            0x08001405   Thumb Code   588  stm32f4xx_hal_gpio.o(i.HAL_GPIO_Init)
    HAL_GPIO_ReadPin                         0x080016c9   Thumb Code    28  stm32f4xx_hal_gpio.o(i.HAL_GPIO_ReadPin)
    HAL_GPIO_TogglePin                       0x08001721   Thumb Code    36  stm32f4xx_hal_gpio.o(i.HAL_GPIO_TogglePin)
    HAL_GPIO_WritePin                        0x08001781   Thumb Code    46  stm32f4xx_hal_gpio.o(i.HAL_GPIO_WritePin)
    HAL_GetTick                              0x080017ed   Thumb Code     6  stm32f4xx_hal.o(i.HAL_GetTick)
    HAL_IncTick                              0x080017f9   Thumb Code    12  stm32f4xx_hal.o(i.HAL_IncTick)
    HAL_Init                                 0x08001809   Thumb Code    48  stm32f4xx_hal.o(i.HAL_Init)
    HAL_InitTick                             0x0800183d   Thumb Code    54  stm32f4xx_hal.o(i.HAL_InitTick)
    HAL_MspInit                              0x0800187d   Thumb Code    48  stm32f4xx_hal_msp.o(i.HAL_MspInit)
    HAL_NVIC_EnableIRQ                       0x080018b1   Thumb Code    40  stm32f4xx_hal_cortex.o(i.HAL_NVIC_EnableIRQ)
    HAL_NVIC_SetPriority                     0x08001915   Thumb Code    94  stm32f4xx_hal_cortex.o(i.HAL_NVIC_SetPriority)
    HAL_NVIC_SetPriorityGrouping             0x080019b5   Thumb Code    58  stm32f4xx_hal_cortex.o(i.HAL_NVIC_SetPriorityGrouping)
    HAL_RCC_ClockConfig                      0x08001a35   Thumb Code   510  stm32f4xx_hal_rcc.o(i.HAL_RCC_ClockConfig)
    HAL_RCC_GetPCLK1Freq                     0x08001c7d   Thumb Code    20  stm32f4xx_hal_rcc.o(i.HAL_RCC_GetPCLK1Freq)
    HAL_RCC_GetPCLK2Freq                     0x08001c9d   Thumb Code    20  stm32f4xx_hal_rcc.o(i.HAL_RCC_GetPCLK2Freq)
    HAL_RCC_GetSysClockFreq                  0x08001cbd   Thumb Code    88  stm32f4xx_hal_rcc.o(i.HAL_RCC_GetSysClockFreq)
    HAL_RCC_OscConfig                        0x08001d1d   Thumb Code  1118  stm32f4xx_hal_rcc.o(i.HAL_RCC_OscConfig)
    HAL_SPI_GetState                         0x0800217b   Thumb Code     6  stm32f4xx_hal_spi.o(i.HAL_SPI_GetState)
    HAL_SPI_Init                             0x08002181   Thumb Code   374  stm32f4xx_hal_spi.o(i.HAL_SPI_Init)
    HAL_SPI_MspInit                          0x08002341   Thumb Code     2  stm32f4xx_hal_spi.o(i.HAL_SPI_MspInit)
    HAL_SPI_TransmitReceive                  0x08002345   Thumb Code   496  stm32f4xx_hal_spi.o(i.HAL_SPI_TransmitReceive)
    HAL_SYSTICK_Config                       0x0800256d   Thumb Code    40  stm32f4xx_hal_cortex.o(i.HAL_SYSTICK_Config)
    HAL_UART_ErrorCallback                   0x08002595   Thumb Code     2  stm32f4xx_hal_uart.o(i.HAL_UART_ErrorCallback)
    HAL_UART_IRQHandler                      0x08002599   Thumb Code   266  stm32f4xx_hal_uart.o(i.HAL_UART_IRQHandler)
    HAL_UART_Init                            0x080026a9   Thumb Code   224  stm32f4xx_hal_uart.o(i.HAL_UART_Init)
    HAL_UART_MspInit                         0x080027d1   Thumb Code   160  stm32f4xx_hal_msp.o(i.HAL_UART_MspInit)
    HAL_UART_Receive                         0x08002885   Thumb Code   184  stm32f4xx_hal_uart.o(i.HAL_UART_Receive)
    HAL_UART_Receive_DMA                     0x0800293d   Thumb Code   138  stm32f4xx_hal_uart.o(i.HAL_UART_Receive_DMA)
    HAL_UART_RxCpltCallback                  0x080029d5   Thumb Code    24  main.o(i.HAL_UART_RxCpltCallback)
    HAL_UART_RxHalfCpltCallback              0x080029f5   Thumb Code     2  stm32f4xx_hal_uart.o(i.HAL_UART_RxHalfCpltCallback)
    HAL_UART_Transmit                        0x080029f7   Thumb Code   186  stm32f4xx_hal_uart.o(i.HAL_UART_Transmit)
    HAL_UART_Transmit_DMA                    0x08002ab1   Thumb Code   114  stm32f4xx_hal_uart.o(i.HAL_UART_Transmit_DMA)
    HAL_UART_TxCpltCallback                  0x08002b31   Thumb Code     2  stm32f4xx_hal_uart.o(i.HAL_UART_TxCpltCallback)
    HAL_UART_TxHalfCpltCallback              0x08002b33   Thumb Code     2  stm32f4xx_hal_uart.o(i.HAL_UART_TxHalfCpltCallback)
    HCI_TL_SPI_DeInit                        0x08002b35   Thumb Code    32  hci_tl_interface.o(i.HCI_TL_SPI_DeInit)
    HCI_TL_SPI_Init                          0x08002b59   Thumb Code    88  hci_tl_interface.o(i.HCI_TL_SPI_Init)
    HCI_TL_SPI_Receive                       0x08002bbd   Thumb Code   116  hci_tl_interface.o(i.HCI_TL_SPI_Receive)
    HCI_TL_SPI_Reset                         0x08002c3d   Thumb Code    44  hci_tl_interface.o(i.HCI_TL_SPI_Reset)
    HCI_TL_SPI_Send                          0x08002c6d   Thumb Code   130  hci_tl_interface.o(i.HCI_TL_SPI_Send)
    HardFault_Handler                        0x08002d01   Thumb Code     2  stm32f4xx_it.o(i.HardFault_Handler)
    MX_BlueNRG_MS_Init                       0x08002d05   Thumb Code   312  app_x-cube-ble1.o(i.MX_BlueNRG_MS_Init)
    MX_BlueNRG_MS_Process                    0x08002f4d   Thumb Code    14  app_x-cube-ble1.o(i.MX_BlueNRG_MS_Process)
    MX_SPI1_Init                             0x0800302d   Thumb Code    54  stm32f4xx_nucleo_bus.o(i.MX_SPI1_Init)
    MX_USART2_UART_Init                      0x08003069   Thumb Code    40  stm32f4xx_nucleo.o(i.MX_USART2_UART_Init)
    Make_Connection                          0x08003095   Thumb Code   144  sample_service.o(i.Make_Connection)
    MemManage_Handler                        0x08003181   Thumb Code     2  stm32f4xx_it.o(i.MemManage_Handler)
    NMI_Handler                              0x08003183   Thumb Code     2  stm32f4xx_it.o(i.NMI_Handler)
    PendSV_Handler                           0x08003185   Thumb Code     2  stm32f4xx_it.o(i.PendSV_Handler)
    SVC_Handler                              0x080032f1   Thumb Code     2  stm32f4xx_it.o(i.SVC_Handler)
    SysTick_Handler                          0x080032f3   Thumb Code     4  stm32f4xx_it.o(i.SysTick_Handler)
    SystemClock_Config                       0x080032f9   Thumb Code   126  main.o(i.SystemClock_Config)
    SystemInit                               0x08003381   Thumb Code    66  system_stm32f4xx.o(i.SystemInit)
    USART1_IRQHandler                        0x080039e1   Thumb Code     6  stm32f4xx_it.o(i.USART1_IRQHandler)
    UsageFault_Handler                       0x08003ae1   Thumb Code     2  stm32f4xx_it.o(i.UsageFault_Handler)
    __0printf$8                              0x08003bf9   Thumb Code    22  printf8.o(i.__0printf$8)
    __1printf$8                              0x08003bf9   Thumb Code     0  printf8.o(i.__0printf$8)
    __2printf                                0x08003bf9   Thumb Code     0  printf8.o(i.__0printf$8)
    __scatterload_copy                       0x08003c39   Thumb Code    14  handlers.o(i.__scatterload_copy)
    __scatterload_null                       0x08003c47   Thumb Code     2  handlers.o(i.__scatterload_null)
    __scatterload_zeroinit                   0x08003c49   Thumb Code    14  handlers.o(i.__scatterload_zeroinit)
    aci_gap_create_connection                0x080040bb   Thumb Code   132  bluenrg_gap_aci.o(i.aci_gap_create_connection)
    aci_gap_init_IDB04A1                     0x0800413f   Thumb Code   104  bluenrg_gap_aci.o(i.aci_gap_init_IDB04A1)
    aci_gap_init_IDB05A1                     0x080041a7   Thumb Code   112  bluenrg_gap_aci.o(i.aci_gap_init_IDB05A1)
    aci_gap_set_auth_requirement             0x08004217   Thumb Code   116  bluenrg_gap_aci.o(i.aci_gap_set_auth_requirement)
    aci_gap_set_discoverable                 0x0800428b   Thumb Code   204  bluenrg_gap_aci.o(i.aci_gap_set_discoverable)
    aci_gatt_add_char                        0x08004357   Thumb Code   182  bluenrg_gatt_aci.o(i.aci_gatt_add_char)
    aci_gatt_add_serv                        0x0800440d   Thumb Code   124  bluenrg_gatt_aci.o(i.aci_gatt_add_serv)
    aci_gatt_disc_charac_by_uuid             0x08004489   Thumb Code   136  bluenrg_gatt_aci.o(i.aci_gatt_disc_charac_by_uuid)
    aci_gatt_init                            0x08004511   Thumb Code    58  bluenrg_gatt_aci.o(i.aci_gatt_init)
    aci_gatt_update_char_value               0x0800454b   Thumb Code   122  bluenrg_gatt_aci.o(i.aci_gatt_update_char_value)
    aci_gatt_write_charac_descriptor         0x080045c5   Thumb Code   120  bluenrg_gatt_aci.o(i.aci_gatt_write_charac_descriptor)
    aci_gatt_write_without_response          0x0800463d   Thumb Code    98  bluenrg_gatt_aci.o(i.aci_gatt_write_without_response)
    aci_hal_set_tx_power_level               0x0800469f   Thumb Code    72  bluenrg_hal_aci.o(i.aci_hal_set_tx_power_level)
    aci_hal_write_config_data                0x080046e7   Thumb Code    94  bluenrg_hal_aci.o(i.aci_hal_write_config_data)
    assert_failed                            0x08004745   Thumb Code     2  main.o(i.assert_failed)
    enableNotification                       0x08004749   Thumb Code    60  sample_service.o(i.enableNotification)
    fgetc                                    0x0800478d   Thumb Code    20  main.o(i.fgetc)
    fputc                                    0x080047a5   Thumb Code    28  stm32f4xx_nucleo.o(i.fputc)
    getBlueNRGVersion                        0x080047c9   Thumb Code    76  bluenrg_utils_small.o(i.getBlueNRGVersion)
    hci_init                                 0x08004815   Thumb Code    80  hci_tl.o(i.hci_init)
    hci_le_read_local_version                0x08004871   Thumb Code   124  hci_le.o(i.hci_le_read_local_version)
    hci_le_set_scan_resp_data                0x080048ed   Thumb Code    96  hci_le.o(i.hci_le_set_scan_resp_data)
    hci_notify_asynch_evt                    0x0800494d   Thumb Code    88  hci_tl.o(i.hci_notify_asynch_evt)
    hci_register_io_bus                      0x080049ad   Thumb Code    24  hci_tl.o(i.hci_register_io_bus)
    hci_reset                                0x080049c9   Thumb Code    54  hci_le.o(i.hci_reset)
    hci_send_req                             0x08004a01   Thumb Code   382  hci_tl.o(i.hci_send_req)
    hci_tl_lowlevel_init                     0x08004b89   Thumb Code    72  hci_tl_interface.o(i.hci_tl_lowlevel_init)
    hci_tl_lowlevel_isr                      0x08004bf1   Thumb Code    26  hci_tl_interface.o(i.hci_tl_lowlevel_isr)
    hci_user_evt_proc                        0x08004c11   Thumb Code    50  hci_tl.o(i.hci_user_evt_proc)
    list_get_size                            0x08004c4d   Thumb Code    28  ble_list.o(i.list_get_size)
    list_init_head                           0x08004c69   Thumb Code     6  ble_list.o(i.list_init_head)
    list_insert_head                         0x08004c6f   Thumb Code    24  ble_list.o(i.list_insert_head)
    list_insert_tail                         0x08004c87   Thumb Code    24  ble_list.o(i.list_insert_tail)
    list_is_empty                            0x08004c9f   Thumb Code    24  ble_list.o(i.list_is_empty)
    list_remove_head                         0x08004cb7   Thumb Code    36  ble_list.o(i.list_remove_head)
    list_remove_node                         0x08004cdb   Thumb Code    22  ble_list.o(i.list_remove_node)
    list_remove_tail                         0x08004cf1   Thumb Code    36  ble_list.o(i.list_remove_tail)
    main                                     0x08004d15   Thumb Code    82  main.o(i.main)
    receiveData                              0x08004d95   Thumb Code    40  sample_service.o(i.receiveData)
    sendData                                 0x08004dc5   Thumb Code    52  sample_service.o(i.sendData)
    startReadRXCharHandle                    0x08004e01   Thumb Code    50  sample_service.o(i.startReadRXCharHandle)
    startReadTXCharHandle                    0x08004e49   Thumb Code    50  sample_service.o(i.startReadTXCharHandle)
    user_notify                              0x08004e91   Thumb Code   196  sample_service.o(i.user_notify)
    AHBPrescTable                            0x08004fa4   Data          16  system_stm32f4xx.o(.constdata)
    APBPrescTable                            0x08004fb4   Data           8  system_stm32f4xx.o(.constdata)
    __ctype_categories                       0x08004fc4   Data          64  ctype_c.o(.constdata)
    Region$$Table$$Base                      0x08005004   Number         0  anon$$obj.o(Region$$Table)
    Region$$Table$$Limit                     0x08005024   Number         0  anon$$obj.o(Region$$Table)
    bnrg_expansion_board                     0x20000000   Data           1  app_x-cube-ble1.o(.data)
    BLE_Role                                 0x20000003   Data           1  app_x-cube-ble1.o(.data)
    set_connectable                          0x20000004   Data           1  sample_service.o(.data)
    notification_enabled                     0x20000005   Data           1  sample_service.o(.data)
    start_read_tx_char_handle                0x20000006   Data           1  sample_service.o(.data)
    start_read_rx_char_handle                0x20000007   Data           1  sample_service.o(.data)
    end_read_tx_char_handle                  0x20000008   Data           1  sample_service.o(.data)
    end_read_rx_char_handle                  0x20000009   Data           1  sample_service.o(.data)
    connection_handle                        0x2000000a   Data           2  sample_service.o(.data)
    tx_handle                                0x2000000c   Data           2  sample_service.o(.data)
    rx_handle                                0x2000000e   Data           2  sample_service.o(.data)
    sampleServHandle                         0x20000010   Data           2  sample_service.o(.data)
    TXCharHandle                             0x20000012   Data           2  sample_service.o(.data)
    RXCharHandle                             0x20000014   Data           2  sample_service.o(.data)
    connected                                0x20000018   Data           4  sample_service.o(.data)
    COM_USART                                0x2000002c   Data           4  stm32f4xx_nucleo.o(.data)
    hpb_exti                                 0x20000030   Data          12  stm32f4xx_nucleo.o(.data)
    SystemCoreClock                          0x2000003c   Data           4  system_stm32f4xx.o(.data)
    uwTickFreq                               0x20000040   Data           1  stm32f4xx_hal.o(.data)
    uwTickPrio                               0x20000044   Data           4  stm32f4xx_hal.o(.data)
    uwTick                                   0x20000048   Data           4  stm32f4xx_hal.o(.data)
    hciReadPktPool                           0x2000004c   Data           8  hci_tl.o(.data)
    hciReadPktRxQueue                        0x20000054   Data           8  hci_tl.o(.data)
    __stdout                                 0x2000005c   Data           4  stdout.o(.data)
    __stdin                                  0x20000060   Data           4  stdin.o(.data)
    huart1                                   0x20000068   Data          64  main.o(.bss)
    hdma_usart1_rx                           0x200000a8   Data          96  main.o(.bss)
    dma_buffer                               0x20000108   Data         255  main.o(.bss)
    hdma_usart2_tx                           0x20000208   Data          96  main.o(.bss)
    hexti0                                   0x20000368   Data          12  hci_tl_interface.o(.bss)
    hspi1                                    0x20000374   Data          88  stm32f4xx_nucleo_bus.o(.bss)
    hcom_uart                                0x200003cc   Data          64  stm32f4xx_nucleo.o(.bss)
    __initial_sp                             0x20000ee8   Data           0  startup_stm32f401xe.o(STACK)



==============================================================================

Memory Map of the image

  Image Entry point : 0x08000195

  Load Region LR_IROM1 (Base: 0x08000000, Size: 0x0000508c, Max: 0x00080000, ABSOLUTE)

    Execution Region ER_IROM1 (Exec base: 0x08000000, Load base: 0x08000000, Size: 0x00005024, Max: 0x00080000, ABSOLUTE)

    Exec Addr    Load Addr    Size         Type   Attr      Idx    E Section Name        Object

    0x08000000   0x08000000   0x00000194   Data   RO          820    RESET               startup_stm32f401xe.o
    0x08000194   0x08000194   0x00000000   Code   RO         3900  * .ARM.Collect$$$$00000000  mc_w.l(entry.o)
    0x08000194   0x08000194   0x00000004   Code   RO         4179    .ARM.Collect$$$$00000001  mc_w.l(entry2.o)
    0x08000198   0x08000198   0x00000004   Code   RO         4182    .ARM.Collect$$$$00000004  mc_w.l(entry5.o)
    0x0800019c   0x0800019c   0x00000000   Code   RO         4184    .ARM.Collect$$$$00000008  mc_w.l(entry7b.o)
    0x0800019c   0x0800019c   0x00000000   Code   RO         4186    .ARM.Collect$$$$0000000A  mc_w.l(entry8b.o)
    0x0800019c   0x0800019c   0x00000008   Code   RO         4187    .ARM.Collect$$$$0000000B  mc_w.l(entry9a.o)
    0x080001a4   0x080001a4   0x00000000   Code   RO         4189    .ARM.Collect$$$$0000000D  mc_w.l(entry10a.o)
    0x080001a4   0x080001a4   0x00000000   Code   RO         4191    .ARM.Collect$$$$0000000F  mc_w.l(entry11a.o)
    0x080001a4   0x080001a4   0x00000004   Code   RO         4180    .ARM.Collect$$$$00002712  mc_w.l(entry2.o)
    0x080001a8   0x080001a8   0x00000024   Code   RO          821    .text               startup_stm32f401xe.o
    0x080001cc   0x080001cc   0x00000004   Code   RO         3903    .text               mc_w.l(fflush.o)
    0x080001d0   0x080001d0   0x00000062   Code   RO         3906    .text               mc_w.l(uldiv.o)
    0x08000232   0x08000232   0x00000024   Code   RO         3908    .text               mc_w.l(memcpya.o)
    0x08000256   0x08000256   0x00000024   Code   RO         3910    .text               mc_w.l(memseta.o)
    0x0800027a   0x0800027a   0x00000002   PAD
    0x0800027c   0x0800027c   0x00000020   Code   RO         4175    .text               mc_w.l(__0scanf.o)
    0x0800029c   0x0800029c   0x000000e0   Code   RO         4177    .text               mc_w.l(_scanf_str.o)
    0x0800037c   0x0800037c   0x0000001e   Code   RO         4196    .text               mc_w.l(llshl.o)
    0x0800039a   0x0800039a   0x00000020   Code   RO         4198    .text               mc_w.l(llushr.o)
    0x080003ba   0x080003ba   0x00000002   PAD
    0x080003bc   0x080003bc   0x00000014   Code   RO         4200    .text               mc_w.l(scanf_char_file.o)
    0x080003d0   0x080003d0   0x00000024   Code   RO         4213    .text               mc_w.l(init.o)
    0x080003f4   0x080003f4   0x0000002c   Code   RO         4215    .text               mc_w.l(fgetc_b.o)
    0x08000420   0x08000420   0x00000028   Code   RO         4220    .text               mc_w.l(scanf_char.o)
    0x08000448   0x08000448   0x00000000   Code   RO         4224    .text               mc_w.l(semi.o)
    0x08000448   0x08000448   0x0000000a   Code   RO         4225    .text               mc_w.l(isspace_c.o)
    0x08000452   0x08000452   0x00000002   PAD
    0x08000454   0x08000454   0x0000032c   Code   RO         4227    .text               mc_w.l(_scanf.o)
    0x08000780   0x08000780   0x00000000   Code   RO         4229    .text               mc_w.l(iusesemig.o)
    0x08000780   0x08000780   0x00000028   Code   RO         4230    .text               mc_w.l(ctype_c.o)
    0x080007a8   0x080007a8   0x000000b8   Code   RO          371    i.Add_Sample_Service  sample_service.o
    0x08000860   0x08000860   0x0000002c   Code   RO          372    i.Attribute_Modified_CB  sample_service.o
    0x0800088c   0x0800088c   0x00000038   Code   RO          546    i.BSP_COM_Init      stm32f4xx_nucleo.o
    0x080008c4   0x080008c4   0x00000004   Code   RO          473    i.BSP_GetTick       stm32f4xx_nucleo_bus.o
    0x080008c8   0x080008c8   0x00000020   Code   RO          552    i.BSP_LED_Off       stm32f4xx_nucleo.o
    0x080008e8   0x080008e8   0x00000020   Code   RO          553    i.BSP_LED_On        stm32f4xx_nucleo.o
    0x08000908   0x08000908   0x00000020   Code   RO          554    i.BSP_LED_Toggle    stm32f4xx_nucleo.o
    0x08000928   0x08000928   0x0000000c   Code   RO          313    i.BSP_PB_Callback   app_x-cube-ble1.o
    0x08000934   0x08000934   0x00000024   Code   RO          557    i.BSP_PB_GetState   stm32f4xx_nucleo.o
    0x08000958   0x08000958   0x000000ac   Code   RO          559    i.BSP_PB_Init       stm32f4xx_nucleo.o
    0x08000a04   0x08000a04   0x00000040   Code   RO          475    i.BSP_SPI1_Init     stm32f4xx_nucleo_bus.o
    0x08000a44   0x08000a44   0x00000024   Code   RO          478    i.BSP_SPI1_SendRecv  stm32f4xx_nucleo_bus.o
    0x08000a68   0x08000a68   0x0000000a   Code   RO          560    i.BUTTON_USER_EXTI_Callback  stm32f4xx_nucleo.o
    0x08000a72   0x08000a72   0x00000002   Code   RO          684    i.BusFault_Handler  stm32f4xx_it.o
    0x08000a74   0x08000a74   0x0000000c   Code   RO          685    i.DMA1_Stream6_IRQHandler  stm32f4xx_it.o
    0x08000a80   0x08000a80   0x0000000c   Code   RO          686    i.DMA2_Stream2_IRQHandler  stm32f4xx_it.o
    0x08000a8c   0x08000a8c   0x00000028   Code   RO         1184    i.DMA_CalcBaseAndBitshift  stm32f4xx_hal_dma.o
    0x08000ab4   0x08000ab4   0x00000054   Code   RO         1185    i.DMA_CheckFifoParam  stm32f4xx_hal_dma.o
    0x08000b08   0x08000b08   0x00000028   Code   RO         1186    i.DMA_SetConfig     stm32f4xx_hal_dma.o
    0x08000b30   0x08000b30   0x00000002   Code   RO          687    i.DebugMon_Handler  stm32f4xx_it.o
    0x08000b32   0x08000b32   0x00000002   PAD
    0x08000b34   0x08000b34   0x0000000c   Code   RO          688    i.EXTI15_10_IRQHandler  stm32f4xx_it.o
    0x08000b40   0x08000b40   0x00000002   Code   RO            4    i.Error_Handler     main.o
    0x08000b42   0x08000b42   0x00000002   PAD
    0x08000b44   0x08000b44   0x0000005c   Code   RO          373    i.GAP_ConnectionComplete_CB  sample_service.o
    0x08000ba0   0x08000ba0   0x00000034   Code   RO          374    i.GAP_DisconnectionComplete_CB  sample_service.o
    0x08000bd4   0x08000bd4   0x00000018   Code   RO          375    i.GATT_Notification_CB  sample_service.o
    0x08000bec   0x08000bec   0x00000024   Code   RO         1188    i.HAL_DMA_Abort_IT  stm32f4xx_hal_dma.o
    0x08000c10   0x08000c10   0x000001a0   Code   RO         1192    i.HAL_DMA_IRQHandler  stm32f4xx_hal_dma.o
    0x08000db0   0x08000db0   0x000002e0   Code   RO         1193    i.HAL_DMA_Init      stm32f4xx_hal_dma.o
    0x08001090   0x08001090   0x000000d0   Code   RO         1197    i.HAL_DMA_Start_IT  stm32f4xx_hal_dma.o
    0x08001160   0x08001160   0x00000024   Code   RO          873    i.HAL_Delay         stm32f4xx_hal.o
    0x08001184   0x08001184   0x000000d4   Code   RO         1335    i.HAL_EXTI_GetHandle  stm32f4xx_hal_exti.o
    0x08001258   0x08001258   0x0000001c   Code   RO         1337    i.HAL_EXTI_IRQHandler  stm32f4xx_hal_exti.o
    0x08001274   0x08001274   0x0000000e   Code   RO         1338    i.HAL_EXTI_RegisterCallback  stm32f4xx_hal_exti.o
    0x08001282   0x08001282   0x00000002   PAD
    0x08001284   0x08001284   0x00000180   Code   RO         1638    i.HAL_GPIO_DeInit   stm32f4xx_hal_gpio.o
    0x08001404   0x08001404   0x000002c4   Code   RO         1641    i.HAL_GPIO_Init     stm32f4xx_hal_gpio.o
    0x080016c8   0x080016c8   0x00000058   Code   RO         1643    i.HAL_GPIO_ReadPin  stm32f4xx_hal_gpio.o
    0x08001720   0x08001720   0x00000060   Code   RO         1644    i.HAL_GPIO_TogglePin  stm32f4xx_hal_gpio.o
    0x08001780   0x08001780   0x0000006c   Code   RO         1645    i.HAL_GPIO_WritePin  stm32f4xx_hal_gpio.o
    0x080017ec   0x080017ec   0x0000000c   Code   RO          879    i.HAL_GetTick       stm32f4xx_hal.o
    0x080017f8   0x080017f8   0x00000010   Code   RO          885    i.HAL_IncTick       stm32f4xx_hal.o
    0x08001808   0x08001808   0x00000034   Code   RO          886    i.HAL_Init          stm32f4xx_hal.o
    0x0800183c   0x0800183c   0x00000040   Code   RO          887    i.HAL_InitTick      stm32f4xx_hal.o
    0x0800187c   0x0800187c   0x00000034   Code   RO          784    i.HAL_MspInit       stm32f4xx_hal_msp.o
    0x080018b0   0x080018b0   0x00000064   Code   RO         1054    i.HAL_NVIC_EnableIRQ  stm32f4xx_hal_cortex.o
    0x08001914   0x08001914   0x000000a0   Code   RO         1060    i.HAL_NVIC_SetPriority  stm32f4xx_hal_cortex.o
    0x080019b4   0x080019b4   0x00000080   Code   RO         1061    i.HAL_NVIC_SetPriorityGrouping  stm32f4xx_hal_cortex.o
    0x08001a34   0x08001a34   0x00000248   Code   RO         1903    i.HAL_RCC_ClockConfig  stm32f4xx_hal_rcc.o
    0x08001c7c   0x08001c7c   0x00000020   Code   RO         1910    i.HAL_RCC_GetPCLK1Freq  stm32f4xx_hal_rcc.o
    0x08001c9c   0x08001c9c   0x00000020   Code   RO         1911    i.HAL_RCC_GetPCLK2Freq  stm32f4xx_hal_rcc.o
    0x08001cbc   0x08001cbc   0x00000060   Code   RO         1912    i.HAL_RCC_GetSysClockFreq  stm32f4xx_hal_rcc.o
    0x08001d1c   0x08001d1c   0x0000045e   Code   RO         1915    i.HAL_RCC_OscConfig  stm32f4xx_hal_rcc.o
    0x0800217a   0x0800217a   0x00000006   Code   RO         2067    i.HAL_SPI_GetState  stm32f4xx_hal_spi.o
    0x08002180   0x08002180   0x000001c0   Code   RO         2069    i.HAL_SPI_Init      stm32f4xx_hal_spi.o
    0x08002340   0x08002340   0x00000002   Code   RO         2071    i.HAL_SPI_MspInit   stm32f4xx_hal_spi.o
    0x08002342   0x08002342   0x00000002   PAD
    0x08002344   0x08002344   0x00000228   Code   RO         2078    i.HAL_SPI_TransmitReceive  stm32f4xx_hal_spi.o
    0x0800256c   0x0800256c   0x00000028   Code   RO         1065    i.HAL_SYSTICK_Config  stm32f4xx_hal_cortex.o
    0x08002594   0x08002594   0x00000002   Code   RO         2437    i.HAL_UART_ErrorCallback  stm32f4xx_hal_uart.o
    0x08002596   0x08002596   0x00000002   PAD
    0x08002598   0x08002598   0x00000110   Code   RO         2440    i.HAL_UART_IRQHandler  stm32f4xx_hal_uart.o
    0x080026a8   0x080026a8   0x00000128   Code   RO         2441    i.HAL_UART_Init     stm32f4xx_hal_uart.o
    0x080027d0   0x080027d0   0x000000b4   Code   RO          786    i.HAL_UART_MspInit  stm32f4xx_hal_msp.o
    0x08002884   0x08002884   0x000000b8   Code   RO         2444    i.HAL_UART_Receive  stm32f4xx_hal_uart.o
    0x0800293c   0x0800293c   0x00000098   Code   RO         2445    i.HAL_UART_Receive_DMA  stm32f4xx_hal_uart.o
    0x080029d4   0x080029d4   0x00000020   Code   RO            5    i.HAL_UART_RxCpltCallback  main.o
    0x080029f4   0x080029f4   0x00000002   Code   RO         2448    i.HAL_UART_RxHalfCpltCallback  stm32f4xx_hal_uart.o
    0x080029f6   0x080029f6   0x000000ba   Code   RO         2449    i.HAL_UART_Transmit  stm32f4xx_hal_uart.o
    0x08002ab0   0x08002ab0   0x00000080   Code   RO         2450    i.HAL_UART_Transmit_DMA  stm32f4xx_hal_uart.o
    0x08002b30   0x08002b30   0x00000002   Code   RO         2452    i.HAL_UART_TxCpltCallback  stm32f4xx_hal_uart.o
    0x08002b32   0x08002b32   0x00000002   Code   RO         2453    i.HAL_UART_TxHalfCpltCallback  stm32f4xx_hal_uart.o
    0x08002b34   0x08002b34   0x00000024   Code   RO          247    i.HCI_TL_SPI_DeInit  hci_tl_interface.o
    0x08002b58   0x08002b58   0x00000064   Code   RO          248    i.HCI_TL_SPI_Init   hci_tl_interface.o
    0x08002bbc   0x08002bbc   0x00000080   Code   RO          249    i.HCI_TL_SPI_Receive  hci_tl_interface.o
    0x08002c3c   0x08002c3c   0x00000030   Code   RO          250    i.HCI_TL_SPI_Reset  hci_tl_interface.o
    0x08002c6c   0x08002c6c   0x00000094   Code   RO          251    i.HCI_TL_SPI_Send   hci_tl_interface.o
    0x08002d00   0x08002d00   0x00000002   Code   RO          689    i.HardFault_Handler  stm32f4xx_it.o
    0x08002d02   0x08002d02   0x00000002   PAD
    0x08002d04   0x08002d04   0x00000248   Code   RO          314    i.MX_BlueNRG_MS_Init  app_x-cube-ble1.o
    0x08002f4c   0x08002f4c   0x0000000e   Code   RO          315    i.MX_BlueNRG_MS_Process  app_x-cube-ble1.o
    0x08002f5a   0x08002f5a   0x00000002   PAD
    0x08002f5c   0x08002f5c   0x000000d0   Code   RO            6    i.MX_GPIO_Init      main.o
    0x0800302c   0x0800302c   0x0000003c   Code   RO          479    i.MX_SPI1_Init      stm32f4xx_nucleo_bus.o
    0x08003068   0x08003068   0x0000002c   Code   RO          561    i.MX_USART2_UART_Init  stm32f4xx_nucleo.o
    0x08003094   0x08003094   0x000000ec   Code   RO          376    i.Make_Connection   sample_service.o
    0x08003180   0x08003180   0x00000002   Code   RO          690    i.MemManage_Handler  stm32f4xx_it.o
    0x08003182   0x08003182   0x00000002   Code   RO          691    i.NMI_Handler       stm32f4xx_it.o
    0x08003184   0x08003184   0x00000002   Code   RO          692    i.PendSV_Handler    stm32f4xx_it.o
    0x08003186   0x08003186   0x00000002   PAD
    0x08003188   0x08003188   0x0000007c   Code   RO          480    i.SPI1_MspInit      stm32f4xx_nucleo_bus.o
    0x08003204   0x08003204   0x00000058   Code   RO         2107    i.SPI_EndRxTxTransaction  stm32f4xx_hal_spi.o
    0x0800325c   0x0800325c   0x00000094   Code   RO         2112    i.SPI_WaitFlagStateUntilTimeout  stm32f4xx_hal_spi.o
    0x080032f0   0x080032f0   0x00000002   Code   RO          693    i.SVC_Handler       stm32f4xx_it.o
    0x080032f2   0x080032f2   0x00000004   Code   RO          694    i.SysTick_Handler   stm32f4xx_it.o
    0x080032f6   0x080032f6   0x00000002   PAD
    0x080032f8   0x080032f8   0x00000088   Code   RO            7    i.SystemClock_Config  main.o
    0x08003380   0x08003380   0x00000054   Code   RO          829    i.SystemInit        system_stm32f4xx.o
    0x080033d4   0x080033d4   0x00000010   Code   RO         2454    i.UART_DMAAbortOnError  stm32f4xx_hal_uart.o
    0x080033e4   0x080033e4   0x0000004a   Code   RO         2455    i.UART_DMAError     stm32f4xx_hal_uart.o
    0x0800342e   0x0800342e   0x0000003c   Code   RO         2456    i.UART_DMAReceiveCplt  stm32f4xx_hal_uart.o
    0x0800346a   0x0800346a   0x0000000a   Code   RO         2458    i.UART_DMARxHalfCplt  stm32f4xx_hal_uart.o
    0x08003474   0x08003474   0x0000002e   Code   RO         2460    i.UART_DMATransmitCplt  stm32f4xx_hal_uart.o
    0x080034a2   0x080034a2   0x0000000a   Code   RO         2462    i.UART_DMATxHalfCplt  stm32f4xx_hal_uart.o
    0x080034ac   0x080034ac   0x0000001c   Code   RO         2464    i.UART_EndRxTransfer  stm32f4xx_hal_uart.o
    0x080034c8   0x080034c8   0x00000012   Code   RO         2465    i.UART_EndTxTransfer  stm32f4xx_hal_uart.o
    0x080034da   0x080034da   0x00000096   Code   RO         2466    i.UART_Receive_IT   stm32f4xx_hal_uart.o
    0x08003570   0x08003570   0x00000344   Code   RO         2467    i.UART_SetConfig    stm32f4xx_hal_uart.o
    0x080038b4   0x080038b4   0x00000062   Code   RO         2468    i.UART_Transmit_IT  stm32f4xx_hal_uart.o
    0x08003916   0x08003916   0x00000064   Code   RO         2469    i.UART_WaitOnFlagUntilTimeout  stm32f4xx_hal_uart.o
    0x0800397a   0x0800397a   0x00000002   PAD
    0x0800397c   0x0800397c   0x00000064   Code   RO            8    i.USART1_DMA_Init   main.o
    0x080039e0   0x080039e0   0x0000000c   Code   RO          695    i.USART1_IRQHandler  stm32f4xx_it.o
    0x080039ec   0x080039ec   0x00000054   Code   RO            9    i.USART1_Init       main.o
    0x08003a40   0x08003a40   0x000000a0   Code   RO          562    i.USART2_MspInit    stm32f4xx_nucleo.o
    0x08003ae0   0x08003ae0   0x00000002   Code   RO          696    i.UsageFault_Handler  stm32f4xx_it.o
    0x08003ae2   0x08003ae2   0x00000002   PAD
    0x08003ae4   0x08003ae4   0x00000114   Code   RO          316    i.User_Process      app_x-cube-ble1.o
    0x08003bf8   0x08003bf8   0x00000020   Code   RO         4121    i.__0printf$8       mc_w.l(printf8.o)
    0x08003c18   0x08003c18   0x00000020   Code   RO         1067    i.__NVIC_SetPriority  stm32f4xx_hal_cortex.o
    0x08003c38   0x08003c38   0x0000000e   Code   RO         4235    i.__scatterload_copy  mc_w.l(handlers.o)
    0x08003c46   0x08003c46   0x00000002   Code   RO         4236    i.__scatterload_null  mc_w.l(handlers.o)
    0x08003c48   0x08003c48   0x0000000e   Code   RO         4237    i.__scatterload_zeroinit  mc_w.l(handlers.o)
    0x08003c56   0x08003c56   0x00000002   PAD
    0x08003c58   0x08003c58   0x00000410   Code   RO         4128    i._printf_core      mc_w.l(printf8.o)
    0x08004068   0x08004068   0x00000024   Code   RO         4129    i._printf_post_padding  mc_w.l(printf8.o)
    0x0800408c   0x0800408c   0x0000002e   Code   RO         4130    i._printf_pre_padding  mc_w.l(printf8.o)
    0x080040ba   0x080040ba   0x00000084   Code   RO         2765    i.aci_gap_create_connection  bluenrg_gap_aci.o
    0x0800413e   0x0800413e   0x00000068   Code   RO         2769    i.aci_gap_init_IDB04A1  bluenrg_gap_aci.o
    0x080041a6   0x080041a6   0x00000070   Code   RO         2770    i.aci_gap_init_IDB05A1  bluenrg_gap_aci.o
    0x08004216   0x08004216   0x00000074   Code   RO         2776    i.aci_gap_set_auth_requirement  bluenrg_gap_aci.o
    0x0800428a   0x0800428a   0x000000cc   Code   RO         2781    i.aci_gap_set_discoverable  bluenrg_gap_aci.o
    0x08004356   0x08004356   0x000000b6   Code   RO         3039    i.aci_gatt_add_char  bluenrg_gatt_aci.o
    0x0800440c   0x0800440c   0x0000007c   Code   RO         3041    i.aci_gatt_add_serv  bluenrg_gatt_aci.o
    0x08004488   0x08004488   0x00000088   Code   RO         3050    i.aci_gatt_disc_charac_by_uuid  bluenrg_gatt_aci.o
    0x08004510   0x08004510   0x0000003a   Code   RO         3055    i.aci_gatt_init     bluenrg_gatt_aci.o
    0x0800454a   0x0800454a   0x0000007a   Code   RO         3068    i.aci_gatt_update_char_value  bluenrg_gatt_aci.o
    0x080045c4   0x080045c4   0x00000078   Code   RO         3070    i.aci_gatt_write_charac_descriptor  bluenrg_gatt_aci.o
    0x0800463c   0x0800463c   0x00000062   Code   RO         3076    i.aci_gatt_write_without_response  bluenrg_gatt_aci.o
    0x0800469e   0x0800469e   0x00000048   Code   RO         3321    i.aci_hal_set_tx_power_level  bluenrg_hal_aci.o
    0x080046e6   0x080046e6   0x0000005e   Code   RO         3324    i.aci_hal_write_config_data  bluenrg_hal_aci.o
    0x08004744   0x08004744   0x00000002   Code   RO           10    i.assert_failed     main.o
    0x08004746   0x08004746   0x00000002   PAD
    0x08004748   0x08004748   0x00000044   Code   RO          377    i.enableNotification  sample_service.o
    0x0800478c   0x0800478c   0x00000018   Code   RO           11    i.fgetc             main.o
    0x080047a4   0x080047a4   0x00000024   Code   RO          563    i.fputc             stm32f4xx_nucleo.o
    0x080047c8   0x080047c8   0x0000004c   Code   RO         3519    i.getBlueNRGVersion  bluenrg_utils_small.o
    0x08004814   0x08004814   0x0000005c   Code   RO         3750    i.hci_init          hci_tl.o
    0x08004870   0x08004870   0x0000007c   Code   RO         3559    i.hci_le_read_local_version  hci_le.o
    0x080048ec   0x080048ec   0x00000060   Code   RO         3570    i.hci_le_set_scan_resp_data  hci_le.o
    0x0800494c   0x0800494c   0x00000060   Code   RO         3751    i.hci_notify_asynch_evt  hci_tl.o
    0x080049ac   0x080049ac   0x0000001c   Code   RO         3752    i.hci_register_io_bus  hci_tl.o
    0x080049c8   0x080049c8   0x00000036   Code   RO         3576    i.hci_reset         hci_le.o
    0x080049fe   0x080049fe   0x00000002   PAD
    0x08004a00   0x08004a00   0x00000188   Code   RO         3753    i.hci_send_req      hci_tl.o
    0x08004b88   0x08004b88   0x00000068   Code   RO          252    i.hci_tl_lowlevel_init  hci_tl_interface.o
    0x08004bf0   0x08004bf0   0x00000020   Code   RO          253    i.hci_tl_lowlevel_isr  hci_tl_interface.o
    0x08004c10   0x08004c10   0x0000003c   Code   RO         3754    i.hci_user_evt_proc  hci_tl.o
    0x08004c4c   0x08004c4c   0x0000001c   Code   RO         3809    i.list_get_size     ble_list.o
    0x08004c68   0x08004c68   0x00000006   Code   RO         3810    i.list_init_head    ble_list.o
    0x08004c6e   0x08004c6e   0x00000018   Code   RO         3811    i.list_insert_head  ble_list.o
    0x08004c86   0x08004c86   0x00000018   Code   RO         3814    i.list_insert_tail  ble_list.o
    0x08004c9e   0x08004c9e   0x00000018   Code   RO         3815    i.list_is_empty     ble_list.o
    0x08004cb6   0x08004cb6   0x00000024   Code   RO         3816    i.list_remove_head  ble_list.o
    0x08004cda   0x08004cda   0x00000016   Code   RO         3817    i.list_remove_node  ble_list.o
    0x08004cf0   0x08004cf0   0x00000024   Code   RO         3818    i.list_remove_tail  ble_list.o
    0x08004d14   0x08004d14   0x0000005c   Code   RO           12    i.main              main.o
    0x08004d70   0x08004d70   0x00000024   Code   RO         3755    i.move_list         hci_tl.o
    0x08004d94   0x08004d94   0x00000030   Code   RO          378    i.receiveData       sample_service.o
    0x08004dc4   0x08004dc4   0x0000003c   Code   RO          379    i.sendData          sample_service.o
    0x08004e00   0x08004e00   0x00000048   Code   RO          380    i.startReadRXCharHandle  sample_service.o
    0x08004e48   0x08004e48   0x00000048   Code   RO          381    i.startReadTXCharHandle  sample_service.o
    0x08004e90   0x08004e90   0x00000100   Code   RO          382    i.user_notify       sample_service.o
    0x08004f90   0x08004f90   0x00000014   Data   RO          565    .constdata          stm32f4xx_nucleo.o
    0x08004fa4   0x08004fa4   0x00000010   Data   RO          830    .constdata          system_stm32f4xx.o
    0x08004fb4   0x08004fb4   0x00000008   Data   RO          831    .constdata          system_stm32f4xx.o
    0x08004fbc   0x08004fbc   0x00000008   Data   RO         1199    .constdata          stm32f4xx_hal_dma.o
    0x08004fc4   0x08004fc4   0x00000040   Data   RO         4231    .constdata          mc_w.l(ctype_c.o)
    0x08005004   0x08005004   0x00000020   Data   RO         4233    Region$$Table       anon$$obj.o


    Execution Region RW_IRAM1 (Exec base: 0x20000000, Load base: 0x08005024, Size: 0x00000ee8, Max: 0x00018000, ABSOLUTE)

    Exec Addr    Load Addr    Size         Type   Attr      Idx    E Section Name        Object

    0x20000000   0x08005024   0x00000004   Data   RW          317    .data               app_x-cube-ble1.o
    0x20000004   0x08005028   0x00000018   Data   RW          383    .data               sample_service.o
    0x2000001c   0x08005040   0x00000004   Data   RW          482    .data               stm32f4xx_nucleo_bus.o
    0x20000020   0x08005044   0x0000001c   Data   RW          566    .data               stm32f4xx_nucleo.o
    0x2000003c   0x08005060   0x00000004   Data   RW          832    .data               system_stm32f4xx.o
    0x20000040   0x08005064   0x0000000c   Data   RW          893    .data               stm32f4xx_hal.o
    0x2000004c   0x08005070   0x00000010   Data   RW         3757    .data               hci_tl.o
    0x2000005c   0x08005080   0x00000004   Data   RW         3905    .data               mc_w.l(stdout.o)
    0x20000060   0x08005084   0x00000004   Data   RW         4193    .data               mc_w.l(stdin.o)
    0x20000064   0x08005088   0x00000003   Data   RW         4216    .data               mc_w.l(fgetc_b.o)
    0x20000067   0x0800508b   0x00000001   PAD
    0x20000068        -       0x0000019f   Zero   RW           13    .bss                main.o
    0x20000207   0x0800508b   0x00000001   PAD
    0x20000208        -       0x00000060   Zero   RW           14    .bss                main.o
    0x20000268        -       0x0000010c   Zero   RW          254    .bss                hci_tl_interface.o
    0x20000374        -       0x00000058   Zero   RW          481    .bss                stm32f4xx_nucleo_bus.o
    0x200003cc        -       0x00000040   Zero   RW          564    .bss                stm32f4xx_nucleo.o
    0x2000040c        -       0x000002dc   Zero   RW         3756    .bss                hci_tl.o
    0x200006e8        -       0x00000800   Zero   RW          818    STACK               startup_stm32f401xe.o


==============================================================================

Image component sizes


      Code (inc. data)   RO Data    RW Data    ZI Data      Debug   Object Name

       886        334          0          4          0       9509   app_x-cube-ble1.o
       200          0          0          0          0      11932   ble_list.o
       668          0          0          0          0       6944   bluenrg_gap_aci.o
       840          0          0          0          0       8397   bluenrg_gatt_aci.o
       166          0          0          0          0       2581   bluenrg_hal_aci.o
        76          0          0          0          0       1560   bluenrg_utils_small.o
       274          0          0          0          0       3296   hci_le.o
       704         44          0         16        732       6739   hci_tl.o
       596         88          0          0        268       5818   hci_tl_interface.o
       680         80          0          0        511     443237   main.o
      1208        350          0         24          0      11055   sample_service.o
        36          8        404          0       2048        856   startup_stm32f401xe.o
       180         28          0         12          0       4929   stm32f4xx_hal.o
       460        196          0          0          0      34399   stm32f4xx_hal_cortex.o
      1560        136          8          0          0       7042   stm32f4xx_hal_dma.o
       254         68          0          0          0       2807   stm32f4xx_hal_exti.o
      1384        394          0          0          0       5242   stm32f4xx_hal_gpio.o
       232         24          0          0          0       1810   stm32f4xx_hal_msp.o
      1862        188          0          0          0       5640   stm32f4xx_hal_rcc.o
      1244        138          0          0          0       6290   stm32f4xx_hal_spi.o
      2672        180          0          0          0      17819   stm32f4xx_hal_uart.o
        68         24          0          0          0       6617   stm32f4xx_it.o
       610         88         20         28         64      10033   stm32f4xx_nucleo.o
       288         38          0          4         88       4025   stm32f4xx_nucleo_bus.o
        84         18         24          4          0       1311   system_stm32f4xx.o

    ----------------------------------------------------------------------
     17258       2424        488         92       3712     619888   Object Totals
         0          0         32          0          0          0   (incl. Generated)
        26          0          0          0          1          0   (incl. Padding)

    ----------------------------------------------------------------------

      Code (inc. data)   RO Data    RW Data    ZI Data      Debug   Library Member Name

        32          6          0          0          0         84   __0scanf.o
       812          4          0          0          0        112   _scanf.o
       224          0          0          0          0         96   _scanf_str.o
        40          6         64          0          0         68   ctype_c.o
         0          0          0          0          0          0   entry.o
         0          0          0          0          0          0   entry10a.o
         0          0          0          0          0          0   entry11a.o
         8          4          0          0          0          0   entry2.o
         4          0          0          0          0          0   entry5.o
         0          0          0          0          0          0   entry7b.o
         0          0          0          0          0          0   entry8b.o
         8          4          0          0          0          0   entry9a.o
         4          0          0          0          0         68   fflush.o
        44          6          0          3          0        144   fgetc_b.o
        30          0          0          0          0          0   handlers.o
        36          8          0          0          0         68   init.o
        10          0          0          0          0         68   isspace_c.o
         0          0          0          0          0          0   iusesemig.o
        30          0          0          0          0         68   llshl.o
        32          0          0          0          0         68   llushr.o
        36          0          0          0          0         68   memcpya.o
        36          0          0          0          0        108   memseta.o
      1154         54          0          0          0        352   printf8.o
        40          8          0          0          0         84   scanf_char.o
        20          8          0          0          0         68   scanf_char_file.o
         0          0          0          0          0          0   semi.o
         0          0          0          4          0          0   stdin.o
         0          0          0          4          0          0   stdout.o
        98          0          0          0          0         92   uldiv.o

    ----------------------------------------------------------------------
      2706        108         64         12          0       1616   Library Totals
         8          0          0          1          0          0   (incl. Padding)

    ----------------------------------------------------------------------

      Code (inc. data)   RO Data    RW Data    ZI Data      Debug   Library Name

      2698        108         64         11          0       1616   mc_w.l

    ----------------------------------------------------------------------
      2706        108         64         12          0       1616   Library Totals

    ----------------------------------------------------------------------

==============================================================================


      Code (inc. data)   RO Data    RW Data    ZI Data      Debug   

     19964       2532        552        104       3712     606328   Grand Totals
     19964       2532        552        104       3712     606328   ELF Image Totals
     19964       2532        552        104          0          0   ROM Totals

==============================================================================

    Total RO  Size (Code + RO Data)                20516 (  20.04kB)
    Total RW  Size (RW Data + ZI Data)              3816 (   3.73kB)
    Total ROM Size (Code + RO Data + RW Data)      20620 (  20.14kB)

==============================================================================

